
> live-transcriber@0.1.0 pretest
> npm run rebuild:native:node


> live-transcriber@0.1.0 rebuild:native:node
> node scripts/rebuild-native.mjs node


> live-transcriber@0.1.0 test
> vitest run --run src/renderer/src/__tests__/SettingsScreen.test.tsx


[1m[46m RUN [49m[22m [36mv3.2.6 [39m[90mC:/repos/LiveTranscriber[39m

 [31mÔØ»[39m src/renderer/src/__tests__/SettingsScreen.test.tsx [2m([22m[2m26 tests[22m[2m | [22m[31m7 failed[39m[2m)[22m[33m 7456[2mms[22m[39m
[31m   [31m├ù[31m SettingsScreen ÔÇö ASR provider selection[2m > [22mrenders the ASR mode toggle[39m[33m 1032[2mms[22m[39m
[31m     ÔåÆ Unable to find an element by: [data-testid="asr-mode"]

Ignored nodes: comments, script, style
[36m<body>[31m
  [36m<div>[31m
    [36m<main[31m
      [33mclass[31m=[32m"screen screen--settings"[31m
      [33mdata-testid[31m=[32m"screen-settings"[31m
    [36m>[31m
      [36m<header[31m
        [33mclass[31m=[32m"screen__header"[31m
      [36m>[31m
        [36m<h1[31m
          [33mclass[31m=[32m"screen__title"[31m
        [36m>[31m
          [0mInstellingen[0m
        [36m</h1>[31m
        [36m<p[31m
          [33mclass[31m=[32m"screen__subtitle"[31m
        [36m>[31m
          [0mKies providers, voer API-sleutels in en stel de taal in.[0m
        [36m</p>[31m
      [36m</header>[31m
      [36m<section[31m
        [33mclass[31m=[32m"screen__body settings-body"[31m
      [36m>[31m
        [36m<div[31m
          [33mclass[31m=[32m"provider-role-card"[31m
        [36m>[31m
          [36m<h2[31m
            [33mclass[31m=[32m"provider-role-card__title"[31m
          [36m>[31m
            [0mSpraakherkenning (ASR)[0m
          [36m</h2>[31m
          [36m<select[31m
            [33mclass[31m=[32m"provider-role-card__select"[31m
            [33mdata-testid[31m=[32m"asr-provider-select"[31m
          [36m>[31m
            [36m<optgroup[31m
              [33mlabel[31m=[32m"Op dit apparaat"[31m
            [36m>[31m
              [36m<option[31m
                [33mvalue[31m=[32m"local-parakeet"[31m
              [36m>[31m
                [0mLokaal[0m
                [0m ÔÇö Whisper, on-device[0m
              [36m</option>[31m
            [36m</optgroup>[31m
            [36m<optgroup[31m
              [33mlabel[31m=[32m"Cloud"[31m
            [36m>[31m
              [36m<option[31m
                [33mvalue[31m=[32m"deepgram"[31m
              [36m>[31m
                [0mDeepgram[0m
                [0m ÔÇö Deepgram[0m
              [36m</option>[31m
            [36m</optgroup>[31m
          [36m</select>[31m
          [36m<div[31m
            [33mclass[31m=[32m"provider-role-card__disclosure"[31m
          [36m>[31m
            [36m<p[31m
              [33mclass[31m=[32m"settings-disclosure"[31m
              [33mdata-testid[31m=[32m"asr-disclosure"[31m
            [36m>[31m
              [36m<span[31m
                [33mclass[31m=[32m"settings-disclosure__label"[31m
              [36m>[31m
                [0mAudiogegevens:[0m
              [36m</span>[31m
              [0m [0m
              [0mAudio wordt via Deepgram getranscribeerd; de audiostream verlaat het apparaat naar Deepgram.[0m
            [36m</p>[31m
          [36m</div>[31m
          [36m<div[31m
            [33mclass[31m=[32m"provider-role-card__config"[31m
            [33mdata-testid[31m=[32m"asr-provider-select-config"[31m
          [36m>[31m
            [36m<div[31m
              [33mclass[31m=[32m"form-group"[31m
            [36m>[31m
              [36m<label[31m
                [33mclass[31m=[32m"form-label"[31m
                [33mfor[31m=[32m"deepgram-key-input"[31m
              [36m>[31m
                [0mDeepgram API-sleutel[0m
              [36m</label>[31m
              [36m<p[31m
                [33mclass[31m=[32m"settings-key-missing"[31m
                [33mdata-testid[31m=[32m"deepgram-key-missing"[31m
                [33mrole[31m=[32m"alert"[31m
              [36m>[31m
                [0mGeen sleutel ingesteld. Vul je Deepgram API-sleutel in.[0m
              [36m</p>[31m
              [36m<div[31m
                [33mclass[31m=[32m"form-row"[31m
              [36m>[31m
                [36m<input[31m
                  [33mautocomplete[31m=[32m"off"[31m
                  [33mclass[31m=[32m"form-input"[31m
                  [33mdata-testid[31m=[32m"deepgram-key-input"[31m
                  [33mid[31m=[32m"deepgram-key-input"[31m
                  [33mplaceholder[31m=[32m"dg-..."[31m
                  [33mtype[31m=[32m"password"[31m
                  [33mvalue[31m=[32m""[31m
                [36m/>[31m
                [36m<button[31m
                  [33mclass[31m=[32m"btn btn--secondary"[31m
                  [33mdata-testid[31m=[32m"save-deepgram-key"[31m
                  [33mdisabled[31m=[32m""[31m
                  [33mtype[31m=[32m"button"[31m
                [36m>[31m
                  [0mOpslaan[0m
                [36m</button>[31m
              [36m</div>[31m
            [36m</div>[31m
          [36m</div>[31m
        [36m</div>[31m
        [36m<div[31m
          [33mclass[31m=[32m"provider-role-card"[31m
        [36m>[31m
          [36m<h2[31m
            [33mclass[31m=[32m"provider-role-card__title"[31m
          [36m>[31m
            [0mExtractieprovider (LLM)[0m
          [36m</h2>[31m
          [36m<select[31m
            [33mclass[31m=[32m"provider-role-card__select"[31m
            [33mdata-testid[31m=[32m"extraction-provider-select"[31m
          [36m>[31m
            [36m<optgroup[31m
              [33mlabel[31m=[32m"Cloud"[31m
            [36m>[31m
              [36m<option[31m
                [33mvalue[31m=[32m"anthropic"[31m
              [36m>[31m
                [0mAnthropic[0m
                [0m ÔÇö Cloud[0m
              [36m</option>[31m
              [36m<option[31m
                [33mvalue[31m=[32m"openai-compatible"[31m
              [36m>[31m
                [0mAangepast[0m
                [0m ÔÇö OpenAI-compatibel[0m
              [36m</option>[31m
            [36m</optgroup>[31m
          [36m</select>[31m
          [36m<div[31m
            [33mclass[31m=[32m"provider-role-card__disclosure"[31m
          [36m>[31m
            [36m<p[31m
              [33mclass[31m=[32m"settings-disclosure"[31m
              [33mdata-testid[31m=[32m"extraction-disclosure"[31m
            [36m>[31m
              [36m<span[31m
                [33mclass[31m=[32m"settings-disclosure__label"[31m
              [36m>[31m
                [0mTekstgegevens:[0m
              [36m</span>[31m
              [0m [0m
              [0mTranscripttekst wordt naar Anthropic gestuurd voor extractie van beslissingen en actiepunten.[0m
            [36m</p>[31m
          [36m</div>[31m
          [36m<div[31m
            [33mclass[31m=[32m"provider-role-card__config"[31m
            [33mdata-testid[31m=[32m"extraction-provider-select-config"[31m
          [36m>[31m
            [36m<div[31m
              [33mclass[31m=[32m"form-group"[31m
            [36m>[31m
              [36m<label[31m
                [33mclass[31m=[32m"form-label"[31m
                [33mfor[31m=[32m"anthropic-key-input"[31m
              [36m>[31m
                [0mAnthropic API-sleutel[0m
              [36m</label>[31m
              [36m<p[31m
                [33mclass[31m=[32m"settings-key-missing"[31m
                [33mdata-testid[31m=[32m"anthropic-key-missing"[31m
                [33mrole[31m=[32m"alert"[31m
              [36m>[31m
                [0mGeen sleutel ingesteld. Vul je Anthropic API-sleutel in.[0m
              [36m</p>[31m
              [36m<div[31m
                [33mclass[31m=[32m"form-row"[31m
              [36m>[31m
                [36m<input[31m
                  [33mautocomplete[31m=[32m"off"[31m
                  [33mclass[31m=[32m"form-input"[31m
                  [33mdata-testid[31m=[32m"anthropic-key-input"[31m
                  [33mid[31m=[32m"anthropic-key-input"[31m
                  [33mplaceholder[31m=[32m"sk-ant-..."[31m
                  [33mtype[31m=[32m"password"[31m
                  [33mvalue[31m=[32m""[31m
                [36m/>[31m
                [36m<button[31m
                  [33mclass[31m=[32m"btn btn--secondary"[31m
                  [33mdata-testid[31m=[32m"save-anthropic-key"[31m
                  [33mdisabled[31m=[32m""[31m
                  [33mtype[31m=[32m"button"[31m
                [36m>[31m
                  [0mOpslaan[0m
                [36m</button>[31m
              [36m</div>[31m
            [36m</div>[31m
          [36m</div>[31m
        [36m</div>[31m
        [36m<div[31m
          [33mclass[31m=[32m"settings-section"[31m
        [36m>[31m
          [36m<h2[31m
            [33mclass[31m=[32m"settings-section__heading"[31m
          [36m>[31m
            [0mVergadertaal[0m
          [36m</h2>[31m
          [36m<select[31m
            [33mclass[31m=[32m"settings-language-select"[31m
            [33mdata-testid[31m=[32m"language-select"[31m
          [36m>[31m
            [36m<option[31m
              [33mvalue[31m=[32m"nl"[31m
            [36m>[31m
              [0mNederlands[0m
            [36m</option>[31m
            [36m<option[31m
              [33mvalue[31m=[32m"en"[31m
            [36m>[31m
              [0mEnglish[0m
            [36m</option>[31m
          [36m</select>[31m
        [36m</div>[31m
      [36m</section>[31m
    [36m</main>[31m
  [36m</div>[31m
[36m</body>[31m

Ignored nodes: comments, script, style
[36m<html>[31m
  [36m<head />[31m
  [36m<body>[31m
    [36m<div>[31m
      [36m<main[31m
        [33mclass[31m=[32m"screen screen--settings"[31m
        [33mdata-testid[31m=[32m"screen-settings"[31m
      [36m>[31m
        [36m<header[31m
          [33mclass[31m=[32m"screen__header"[31m
        [36m>[31m
          [36m<h1[31m
            [33mclass[31m=[32m"screen__title"[31m
          [36m>[31m
            [0mInstellingen[0m
          [36m</h1>[31m
          [36m<p[31m
            [33mclass[31m=[32m"screen__subtitle"[31m
          [36m>[31m
            [0mKies providers, voer API-sleutels in en stel de taal in.[0m
          [36m</p>[31m
        [36m</header>[31m
        [36m<section[31m
          [33mclass[31m=[32m"screen__body settings-body"[31m
        [36m>[31m
          [36m<div[31m
            [33mclass[31m=[32m"provider-role-card"[31m
          [36m>[31m
            [36m<h2[31m
              [33mclass[31m=[32m"provider-role-card__title"[31m
            [36m>[31m
              [0mSpraakherkenning (ASR)[0m
            [36m</h2>[31m
            [36m<select[31m
              [33mclass[31m=[32m"provider-role-card__select"[31m
              [33mdata-testid[31m=[32m"asr-provider-select"[31m
            [36m>[31m
              [36m<optgroup[31m
                [33mlabel[31m=[32m"Op dit apparaat"[31m
              [36m>[31m
                [36m<option[31m
                  [33mvalue[31m=[32m"local-parakeet"[31m
                [36m>[31m
                  [0mLokaal[0m
                  [0m ÔÇö Whisper, on-device[0m
                [36m</option>[31m
              [36m</optgroup>[31m
              [36m<optgroup[31m
                [33mlabel[31m=[32m"Cloud"[31m
              [36m>[31m
                [36m<option[31m
                  [33mvalue[31m=[32m"deepgram"[31m
                [36m>[31m
                  [0mDeepgram[0m
                  [0m ÔÇö Deepgram[0m
                [36m</option>[31m
              [36m</optgroup>[31m
            [36m</select>[31m
            [36m<div[31m
              [33mclass[31m=[32m"provider-role-card__disclosure"[31m
            [36m>[31m
              [36m<p[31m
                [33mclass[31m=[32m"settings-disclosure"[31m
                [33mdata-testid[31m=[32m"asr-disclosure"[31m
              [36m>[31m
                [36m<span[31m
                  [33mclass[31m=[32m"settings-disclosure__label"[31m
                [36m>[31m
                  [0mAudiogegevens:[0m
                [36m</span>[31m
                [0m [0m
                [0mAudio wordt via Deepgram getranscribeerd; de audiostream verlaat het apparaat naar Deepgram.[0m
              [36m</p>[31m
            [36m</div>[31m
            [36m<div[31m
              [33mclass[31m=[32m"provider-role-card__config"[31m
              [33mdata-testid[31m=[32m"asr-provider-select-config"[31m
            [36m>[31m
              [36m<div[31m
                [33mclass[31m=[32m"form-group"[31m
              [36m>[31m
                [36m<label[31m
                  [33mclass[31m=[32m"form-label"[31m
                  [33mfor[31m=[32m"deepgram-key-input"[31m
                [36m>[31m
                  [0mDeepgram API-sleutel[0m
                [36m</label>[31m
                [36m<p[31m
                  [33mclass[31m=[32m"settings-key-missing"[31m
                  [33mdata-testid[31m=[32m"deepgram-key-missing"[31m
                  [33mrole[31m=[32m"alert"[31m
                [36m>[31m
                  [0mGeen sleutel ingesteld. Vul je Deepgram API-sleutel in.[0m
                [36m</p>[31m
                [36m<div[31m
                  [33mclass[31m=[32m"form-row"[31m
                [36m>[31m
                  [36m<input[31m
                    [33mautocomplete[31m=[32m"off"[31m
                    [33mclass[31m=[32m"form-input"[31m
                    [33mdata-testid[31m=[32m"deepgram-key-input"[31m
                    [33mid[31m=[32m"deepgram-key-input"[31m
                    [33mplaceholder[31m=[32m"dg-..."[31m
                    [33mtype[31m=[32m"password"[31m
                    [33mvalue[31m=[32m""[31m
                  [36m/>[31m
                  [36m<button[31m
                    [33mclass[31m=[32m"btn btn--secondary"[31m
                    [33mdata-testid[31m=[32m"save-deepgram-key"[31m
                    [33mdisabled[31m=[32m""[31m
                    [33mtype[31m=[32m"button"[31m
                  [36m>[31m
                    [0mOpslaan[0m
                  [36m</button>[31m
                [36m</div>[31m
              [36m</div>[31m
            [36m</div>[31m
          [36m</div>[31m
          [36m<div[31m
            [33mclass[31m=[32m"provider-role-card"[31m
          [36m>[31m
            [36m<h2[31m
              [33mclass[31m=[32m"provider-role-card__title"[31m
            [36m>[31m
              [0mExtractieprovider (LLM)[0m
            [36m</h2>[31m
            [36m<select[31m
              [33mclass[31m=[32m"provider-role-card__select"[31m
              [33mdata-testid[31m=[32m"extraction-provider-select"[31m
            [36m>[31m
              [36m<optgroup[31m
                [33mlabel[31m=[32m"Cloud"[31m
              [36m>[31m
                [36m<option[31m
                  [33mvalue[31m=[32m"anthropic"[31m
                [36m>[31m
                  [0mAnthropic[0m
                  [0m ÔÇö Cloud[0m
                [36m</option>[31m
                [36m<option[31m
                  [33mvalue[31m=[32m"openai-compatible"[31m
                [36m>[31m
                  [0mAangepast[0m
                  [0m ÔÇö OpenAI-compatibel[0m
                [36m</option>[31m
              [36m</optgroup>[31m
            [36m</select>[31m
            [36m<div[31m
              [33mclass[31m=[32m"provider-role-card__disclosure"[31m
            [36m>[31m
              [36m<p[31m
                [33mclass[31m=[32m"settings-disclosure"[31m
                [33mdata-testid[31m=[32m"extraction-disclosure"[31m
              [36m>[31m
                [36m<span[31m
                  [33mclass[31m=[32m"settings-disclosure__label"[31m
                [36m>[31m
                  [0mTekstgegevens:[0m
                [36m</span>[31m
                [0m [0m
                [0mTranscripttekst wordt naar Anthropic gestuurd voor extractie van beslissingen en actiepunten.[0m
              [36m</p>[31m
            [36m</div>[31m
            [36m<div[31m
              [33mclass[31m=[32m"provider-role-card__config"[31m
              [33mdata-testid[31m=[32m"extraction-provider-select-config"[31m
            [36m>[31m
              [36m<div[31m
                [33mclass[31m=[32m"form-group"[31m
              [36m>[31m
                [36m<label[31m
                  [33mclass[31m=[32m"form-label"[31m
                  [33mfor[31m=[32m"anthropic-key-input"[31m
                [36m>[31m
                  [0mAnthropic API-sleutel[0m
                [36m</label>[31m
                [36m<p[31m
                  [33mclass[31m=[32m"settings-key-missing"[31m
                  [33mdata-testid[31m=[32m"anthropic-key-missing"[31m
                  [33mrole[31m=[32m"alert"[31m
                [36m>[31m
                  [0mGeen sleutel ingesteld. Vul je Anthropic API-sleutel in.[0m
                [36m</p>[31m
                [36m<div[31m
                  [33mclass[31m=[32m"form-row"[31m
                [36m>[31m
                  [36m<input[31m
                    [33mautocomplete[31m=[32m"off"[31m
                    [33mclass[31m=[32m"form-input"[31m
                    [33mdata-testid[31m=[32m"anthropic-key-input"[31m
                    [33mid[31m=[32m"anthropic-key-input"[31m
                    [33mplaceholder[31m=[32m"sk-ant-..."[31m
                    [33mtype[31m=[32m"password"[31m
                    [33mvalue[31m=[32m""[31m
                  [36m/>[31m
                  [36m<button[31m
                    [33mclass[31m=[32m"btn btn--secondary"[31m
                    [33mdata-testid[31m=[32m"save-anthropic-key"[31m
                    [33mdisabled[31m=[32m""[31m
                    [33mtype[31m=[32m"button"[31m
                  [36m>[31m
                    [0mOpslaan[0m
                  [36m</button>[31m
                [36m</div>[31m
              [36m</div>[31m
            [36m</div>[31m
          [36m</div>[31m
          [36m<div[31m
            [33mclass[31m=[32m"settings-section"[31m
          [36m>[31m
            [36m<h2[31m
              [33mclass[31m=[32m"settings-section__heading"[31m
            [36m>[31m
              [0mVergadertaal[0m
            [36m</h2>[31m
            [36m<select[31m
              [33mclass[31m=[32m"settings-language-select"[31m
              [33mdata-testid[31m=[32m"language-select"[31m
            [36m>[31m
              [36m<option[31m
                [33mvalue[31m=[32m"nl"[31m
              [36m>[31m
                [0mNederlands[0m
              [36m</option>[31m
              [36m<option[31m
                [33mvalue[31m=[32m"en"[31m
              [36m>[31m
                [0mEnglish[0m
              [36m</option>[31m
            [36m</select>[31m
          [36m</div>[31m
        [36m</section>[31m
      [36m</main>[31m
    [36m</div>[31m
  [36m</body>[31m
[36m</html>[31m[39m
[31m   [31m├ù[31m SettingsScreen ÔÇö ASR provider selection[2m > [22mshows Deepgram (cloud) as the default ASR mode[39m[33m 1007[2mms[22m[39m
[31m     ÔåÆ Unable to find an element by: [data-testid="asr-mode-deepgram"]

Ignored nodes: comments, script, style
[36m<body>[31m
  [36m<div>[31m
    [36m<main[31m
      [33mclass[31m=[32m"screen screen--settings"[31m
      [33mdata-testid[31m=[32m"screen-settings"[31m
    [36m>[31m
      [36m<header[31m
        [33mclass[31m=[32m"screen__header"[31m
      [36m>[31m
        [36m<h1[31m
          [33mclass[31m=[32m"screen__title"[31m
        [36m>[31m
          [0mInstellingen[0m
        [36m</h1>[31m
        [36m<p[31m
          [33mclass[31m=[32m"screen__subtitle"[31m
        [36m>[31m
          [0mKies providers, voer API-sleutels in en stel de taal in.[0m
        [36m</p>[31m
      [36m</header>[31m
      [36m<section[31m
        [33mclass[31m=[32m"screen__body settings-body"[31m
      [36m>[31m
        [36m<div[31m
          [33mclass[31m=[32m"provider-role-card"[31m
        [36m>[31m
          [36m<h2[31m
            [33mclass[31m=[32m"provider-role-card__title"[31m
          [36m>[31m
            [0mSpraakherkenning (ASR)[0m
          [36m</h2>[31m
          [36m<select[31m
            [33mclass[31m=[32m"provider-role-card__select"[31m
            [33mdata-testid[31m=[32m"asr-provider-select"[31m
          [36m>[31m
            [36m<optgroup[31m
              [33mlabel[31m=[32m"Op dit apparaat"[31m
            [36m>[31m
              [36m<option[31m
                [33mvalue[31m=[32m"local-parakeet"[31m
              [36m>[31m
                [0mLokaal[0m
                [0m ÔÇö Whisper, on-device[0m
              [36m</option>[31m
            [36m</optgroup>[31m
            [36m<optgroup[31m
              [33mlabel[31m=[32m"Cloud"[31m
            [36m>[31m
              [36m<option[31m
                [33mvalue[31m=[32m"deepgram"[31m
              [36m>[31m
                [0mDeepgram[0m
                [0m ÔÇö Deepgram[0m
              [36m</option>[31m
            [36m</optgroup>[31m
          [36m</select>[31m
          [36m<div[31m
            [33mclass[31m=[32m"provider-role-card__disclosure"[31m
          [36m>[31m
            [36m<p[31m
              [33mclass[31m=[32m"settings-disclosure"[31m
              [33mdata-testid[31m=[32m"asr-disclosure"[31m
            [36m>[31m
              [36m<span[31m
                [33mclass[31m=[32m"settings-disclosure__label"[31m
              [36m>[31m
                [0mAudiogegevens:[0m
              [36m</span>[31m
              [0m [0m
              [0mAudio wordt via Deepgram getranscribeerd; de audiostream verlaat het apparaat naar Deepgram.[0m
            [36m</p>[31m
          [36m</div>[31m
          [36m<div[31m
            [33mclass[31m=[32m"provider-role-card__config"[31m
            [33mdata-testid[31m=[32m"asr-provider-select-config"[31m
          [36m>[31m
            [36m<div[31m
              [33mclass[31m=[32m"form-group"[31m
            [36m>[31m
              [36m<label[31m
                [33mclass[31m=[32m"form-label"[31m
                [33mfor[31m=[32m"deepgram-key-input"[31m
              [36m>[31m
                [0mDeepgram API-sleutel[0m
              [36m</label>[31m
              [36m<p[31m
                [33mclass[31m=[32m"settings-key-missing"[31m
                [33mdata-testid[31m=[32m"deepgram-key-missing"[31m
                [33mrole[31m=[32m"alert"[31m
              [36m>[31m
                [0mGeen sleutel ingesteld. Vul je Deepgram API-sleutel in.[0m
              [36m</p>[31m
              [36m<div[31m
                [33mclass[31m=[32m"form-row"[31m
              [36m>[31m
                [36m<input[31m
                  [33mautocomplete[31m=[32m"off"[31m
                  [33mclass[31m=[32m"form-input"[31m
                  [33mdata-testid[31m=[32m"deepgram-key-input"[31m
                  [33mid[31m=[32m"deepgram-key-input"[31m
                  [33mplaceholder[31m=[32m"dg-..."[31m
                  [33mtype[31m=[32m"password"[31m
                  [33mvalue[31m=[32m""[31m
                [36m/>[31m
                [36m<button[31m
                  [33mclass[31m=[32m"btn btn--secondary"[31m
                  [33mdata-testid[31m=[32m"save-deepgram-key"[31m
                  [33mdisabled[31m=[32m""[31m
                  [33mtype[31m=[32m"button"[31m
                [36m>[31m
                  [0mOpslaan[0m
                [36m</button>[31m
              [36m</div>[31m
            [36m</div>[31m
          [36m</div>[31m
        [36m</div>[31m
        [36m<div[31m
          [33mclass[31m=[32m"provider-role-card"[31m
        [36m>[31m
          [36m<h2[31m
            [33mclass[31m=[32m"provider-role-card__title"[31m
          [36m>[31m
            [0mExtractieprovider (LLM)[0m
          [36m</h2>[31m
          [36m<select[31m
            [33mclass[31m=[32m"provider-role-card__select"[31m
            [33mdata-testid[31m=[32m"extraction-provider-select"[31m
          [36m>[31m
            [36m<optgroup[31m
              [33mlabel[31m=[32m"Cloud"[31m
            [36m>[31m
              [36m<option[31m
                [33mvalue[31m=[32m"anthropic"[31m
              [36m>[31m
                [0mAnthropic[0m
                [0m ÔÇö Cloud[0m
              [36m</option>[31m
              [36m<option[31m
                [33mvalue[31m=[32m"openai-compatible"[31m
              [36m>[31m
                [0mAangepast[0m
                [0m ÔÇö OpenAI-compatibel[0m
              [36m</option>[31m
            [36m</optgroup>[31m
          [36m</select>[31m
          [36m<div[31m
            [33mclass[31m=[32m"provider-role-card__disclosure"[31m
          [36m>[31m
            [36m<p[31m
              [33mclass[31m=[32m"settings-disclosure"[31m
              [33mdata-testid[31m=[32m"extraction-disclosure"[31m
            [36m>[31m
              [36m<span[31m
                [33mclass[31m=[32m"settings-disclosure__label"[31m
              [36m>[31m
                [0mTekstgegevens:[0m
              [36m</span>[31m
              [0m [0m
              [0mTranscripttekst wordt naar Anthropic gestuurd voor extractie van beslissingen en actiepunten.[0m
            [36m</p>[31m
          [36m</div>[31m
          [36m<div[31m
            [33mclass[31m=[32m"provider-role-card__config"[31m
            [33mdata-testid[31m=[32m"extraction-provider-select-config"[31m
          [36m>[31m
            [36m<div[31m
              [33mclass[31m=[32m"form-group"[31m
            [36m>[31m
              [36m<label[31m
                [33mclass[31m=[32m"form-label"[31m
                [33mfor[31m=[32m"anthropic-key-input"[31m
              [36m>[31m
                [0mAnthropic API-sleutel[0m
              [36m</label>[31m
              [36m<p[31m
                [33mclass[31m=[32m"settings-key-missing"[31m
                [33mdata-testid[31m=[32m"anthropic-key-missing"[31m
                [33mrole[31m=[32m"alert"[31m
              [36m>[31m
                [0mGeen sleutel ingesteld. Vul je Anthropic API-sleutel in.[0m
              [36m</p>[31m
              [36m<div[31m
                [33mclass[31m=[32m"form-row"[31m
              [36m>[31m
                [36m<input[31m
                  [33mautocomplete[31m=[32m"off"[31m
                  [33mclass[31m=[32m"form-input"[31m
                  [33mdata-testid[31m=[32m"anthropic-key-input"[31m
                  [33mid[31m=[32m"anthropic-key-input"[31m
                  [33mplaceholder[31m=[32m"sk-ant-..."[31m
                  [33mtype[31m=[32m"password"[31m
                  [33mvalue[31m=[32m""[31m
                [36m/>[31m
                [36m<button[31m
                  [33mclass[31m=[32m"btn btn--secondary"[31m
                  [33mdata-testid[31m=[32m"save-anthropic-key"[31m
                  [33mdisabled[31m=[32m""[31m
                  [33mtype[31m=[32m"button"[31m
                [36m>[31m
                  [0mOpslaan[0m
                [36m</button>[31m
              [36m</div>[31m
            [36m</div>[31m
          [36m</div>[31m
        [36m</div>[31m
        [36m<div[31m
          [33mclass[31m=[32m"settings-section"[31m
        [36m>[31m
          [36m<h2[31m
            [33mclass[31m=[32m"settings-section__heading"[31m
          [36m>[31m
            [0mVergadertaal[0m
          [36m</h2>[31m
          [36m<select[31m
            [33mclass[31m=[32m"settings-language-select"[31m
            [33mdata-testid[31m=[32m"language-select"[31m
          [36m>[31m
            [36m<option[31m
              [33mvalue[31m=[32m"nl"[31m
            [36m>[31m
              [0mNederlands[0m
            [36m</option>[31m
            [36m<option[31m
              [33mvalue[31m=[32m"en"[31m
            [36m>[31m
              [0mEnglish[0m
            [36m</option>[31m
          [36m</select>[31m
        [36m</div>[31m
      [36m</section>[31m
    [36m</main>[31m
  [36m</div>[31m
[36m</body>[31m

Ignored nodes: comments, script, style
[36m<html>[31m
  [36m<head />[31m
  [36m<body>[31m
    [36m<div>[31m
      [36m<main[31m
        [33mclass[31m=[32m"screen screen--settings"[31m
        [33mdata-testid[31m=[32m"screen-settings"[31m
      [36m>[31m
        [36m<header[31m
          [33mclass[31m=[32m"screen__header"[31m
        [36m>[31m
          [36m<h1[31m
            [33mclass[31m=[32m"screen__title"[31m
          [36m>[31m
            [0mInstellingen[0m
          [36m</h1>[31m
          [36m<p[31m
            [33mclass[31m=[32m"screen__subtitle"[31m
          [36m>[31m
            [0mKies providers, voer API-sleutels in en stel de taal in.[0m
          [36m</p>[31m
        [36m</header>[31m
        [36m<section[31m
          [33mclass[31m=[32m"screen__body settings-body"[31m
        [36m>[31m
          [36m<div[31m
            [33mclass[31m=[32m"provider-role-card"[31m
          [36m>[31m
            [36m<h2[31m
              [33mclass[31m=[32m"provider-role-card__title"[31m
            [36m>[31m
              [0mSpraakherkenning (ASR)[0m
            [36m</h2>[31m
            [36m<select[31m
              [33mclass[31m=[32m"provider-role-card__select"[31m
              [33mdata-testid[31m=[32m"asr-provider-select"[31m
            [36m>[31m
              [36m<optgroup[31m
                [33mlabel[31m=[32m"Op dit apparaat"[31m
              [36m>[31m
                [36m<option[31m
                  [33mvalue[31m=[32m"local-parakeet"[31m
                [36m>[31m
                  [0mLokaal[0m
                  [0m ÔÇö Whisper, on-device[0m
                [36m</option>[31m
              [36m</optgroup>[31m
              [36m<optgroup[31m
                [33mlabel[31m=[32m"Cloud"[31m
              [36m>[31m
                [36m<option[31m
                  [33mvalue[31m=[32m"deepgram"[31m
                [36m>[31m
                  [0mDeepgram[0m
                  [0m ÔÇö Deepgram[0m
                [36m</option>[31m
              [36m</optgroup>[31m
            [36m</select>[31m
            [36m<div[31m
              [33mclass[31m=[32m"provider-role-card__disclosure"[31m
            [36m>[31m
              [36m<p[31m
                [33mclass[31m=[32m"settings-disclosure"[31m
                [33mdata-testid[31m=[32m"asr-disclosure"[31m
              [36m>[31m
                [36m<span[31m
                  [33mclass[31m=[32m"settings-disclosure__label"[31m
                [36m>[31m
                  [0mAudiogegevens:[0m
                [36m</span>[31m
                [0m [0m
                [0mAudio wordt via Deepgram getranscribeerd; de audiostream verlaat het apparaat naar Deepgram.[0m
              [36m</p>[31m
            [36m</div>[31m
            [36m<div[31m
              [33mclass[31m=[32m"provider-role-card__config"[31m
              [33mdata-testid[31m=[32m"asr-provider-select-config"[31m
            [36m>[31m
              [36m<div[31m
                [33mclass[31m=[32m"form-group"[31m
              [36m>[31m
                [36m<label[31m
                  [33mclass[31m=[32m"form-label"[31m
                  [33mfor[31m=[32m"deepgram-key-input"[31m
                [36m>[31m
                  [0mDeepgram API-sleutel[0m
                [36m</label>[31m
                [36m<p[31m
                  [33mclass[31m=[32m"settings-key-missing"[31m
                  [33mdata-testid[31m=[32m"deepgram-key-missing"[31m
                  [33mrole[31m=[32m"alert"[31m
                [36m>[31m
                  [0mGeen sleutel ingesteld. Vul je Deepgram API-sleutel in.[0m
                [36m</p>[31m
                [36m<div[31m
                  [33mclass[31m=[32m"form-row"[31m
                [36m>[31m
                  [36m<input[31m
                    [33mautocomplete[31m=[32m"off"[31m
                    [33mclass[31m=[32m"form-input"[31m
                    [33mdata-testid[31m=[32m"deepgram-key-input"[31m
                    [33mid[31m=[32m"deepgram-key-input"[31m
                    [33mplaceholder[31m=[32m"dg-..."[31m
                    [33mtype[31m=[32m"password"[31m
                    [33mvalue[31m=[32m""[31m
                  [36m/>[31m
                  [36m<button[31m
                    [33mclass[31m=[32m"btn btn--secondary"[31m
                    [33mdata-testid[31m=[32m"save-deepgram-key"[31m
                    [33mdisabled[31m=[32m""[31m
                    [33mtype[31m=[32m"button"[31m
                  [36m>[31m
                    [0mOpslaan[0m
                  [36m</button>[31m
                [36m</div>[31m
              [36m</div>[31m
            [36m</div>[31m
          [36m</div>[31m
          [36m<div[31m
            [33mclass[31m=[32m"provider-role-card"[31m
          [36m>[31m
            [36m<h2[31m
              [33mclass[31m=[32m"provider-role-card__title"[31m
            [36m>[31m
              [0mExtractieprovider (LLM)[0m
            [36m</h2>[31m
            [36m<select[31m
              [33mclass[31m=[32m"provider-role-card__select"[31m
              [33mdata-testid[31m=[32m"extraction-provider-select"[31m
            [36m>[31m
              [36m<optgroup[31m
                [33mlabel[31m=[32m"Cloud"[31m
              [36m>[31m
                [36m<option[31m
                  [33mvalue[31m=[32m"anthropic"[31m
                [36m>[31m
                  [0mAnthropic[0m
                  [0m ÔÇö Cloud[0m
                [36m</option>[31m
                [36m<option[31m
                  [33mvalue[31m=[32m"openai-compatible"[31m
                [36m>[31m
                  [0mAangepast[0m
                  [0m ÔÇö OpenAI-compatibel[0m
                [36m</option>[31m
              [36m</optgroup>[31m
            [36m</select>[31m
            [36m<div[31m
              [33mclass[31m=[32m"provider-role-card__disclosure"[31m
            [36m>[31m
              [36m<p[31m
                [33mclass[31m=[32m"settings-disclosure"[31m
                [33mdata-testid[31m=[32m"extraction-disclosure"[31m
              [36m>[31m
                [36m<span[31m
                  [33mclass[31m=[32m"settings-disclosure__label"[31m
                [36m>[31m
                  [0mTekstgegevens:[0m
                [36m</span>[31m
                [0m [0m
                [0mTranscripttekst wordt naar Anthropic gestuurd voor extractie van beslissingen en actiepunten.[0m
              [36m</p>[31m
            [36m</div>[31m
            [36m<div[31m
              [33mclass[31m=[32m"provider-role-card__config"[31m
              [33mdata-testid[31m=[32m"extraction-provider-select-config"[31m
            [36m>[31m
              [36m<div[31m
                [33mclass[31m=[32m"form-group"[31m
              [36m>[31m
                [36m<label[31m
                  [33mclass[31m=[32m"form-label"[31m
                  [33mfor[31m=[32m"anthropic-key-input"[31m
                [36m>[31m
                  [0mAnthropic API-sleutel[0m
                [36m</label>[31m
                [36m<p[31m
                  [33mclass[31m=[32m"settings-key-missing"[31m
                  [33mdata-testid[31m=[32m"anthropic-key-missing"[31m
                  [33mrole[31m=[32m"alert"[31m
                [36m>[31m
                  [0mGeen sleutel ingesteld. Vul je Anthropic API-sleutel in.[0m
                [36m</p>[31m
                [36m<div[31m
                  [33mclass[31m=[32m"form-row"[31m
                [36m>[31m
                  [36m<input[31m
                    [33mautocomplete[31m=[32m"off"[31m
                    [33mclass[31m=[32m"form-input"[31m
                    [33mdata-testid[31m=[32m"anthropic-key-input"[31m
                    [33mid[31m=[32m"anthropic-key-input"[31m
                    [33mplaceholder[31m=[32m"sk-ant-..."[31m
                    [33mtype[31m=[32m"password"[31m
                    [33mvalue[31m=[32m""[31m
                  [36m/>[31m
                  [36m<button[31m
                    [33mclass[31m=[32m"btn btn--secondary"[31m
                    [33mdata-testid[31m=[32m"save-anthropic-key"[31m
                    [33mdisabled[31m=[32m""[31m
                    [33mtype[31m=[32m"button"[31m
                  [36m>[31m
                    [0mOpslaan[0m
                  [36m</button>[31m
                [36m</div>[31m
              [36m</div>[31m
            [36m</div>[31m
          [36m</div>[31m
          [36m<div[31m
            [33mclass[31m=[32m"settings-section"[31m
          [36m>[31m
            [36m<h2[31m
              [33mclass[31m=[32m"settings-section__heading"[31m
            [36m>[31m
              [0mVergadertaal[0m
            [36m</h2>[31m
            [36m<select[31m
              [33mclass[31m=[32m"settings-language-select"[31m
              [33mdata-testid[31m=[32m"language-select"[31m
            [36m>[31m
              [36m<option[31m
                [33mvalue[31m=[32m"nl"[31m
              [36m>[31m
                [0mNederlands[0m
              [36m</option>[31m
              [36m<option[31m
                [33mvalue[31m=[32m"en"[31m
              [36m>[31m
                [0mEnglish[0m
              [36m</option>[31m
            [36m</select>[31m
          [36m</div>[31m
        [36m</section>[31m
      [36m</main>[31m
    [36m</div>[31m
  [36m</body>[31m
[36m</html>[31m[39m
[31m   [31m├ù[31m SettingsScreen ÔÇö ASR provider selection[2m > [22moffers a local (on-device) option that is not disabled[39m[33m 1011[2mms[22m[39m
[31m     ÔåÆ Unable to find an element by: [data-testid="asr-mode-local-parakeet"]

Ignored nodes: comments, script, style
[36m<body>[31m
  [36m<div>[31m
    [36m<main[31m
      [33mclass[31m=[32m"screen screen--settings"[31m
      [33mdata-testid[31m=[32m"screen-settings"[31m
    [36m>[31m
      [36m<header[31m
        [33mclass[31m=[32m"screen__header"[31m
      [36m>[31m
        [36m<h1[31m
          [33mclass[31m=[32m"screen__title"[31m
        [36m>[31m
          [0mInstellingen[0m
        [36m</h1>[31m
        [36m<p[31m
          [33mclass[31m=[32m"screen__subtitle"[31m
        [36m>[31m
          [0mKies providers, voer API-sleutels in en stel de taal in.[0m
        [36m</p>[31m
      [36m</header>[31m
      [36m<section[31m
        [33mclass[31m=[32m"screen__body settings-body"[31m
      [36m>[31m
        [36m<div[31m
          [33mclass[31m=[32m"provider-role-card"[31m
        [36m>[31m
          [36m<h2[31m
            [33mclass[31m=[32m"provider-role-card__title"[31m
          [36m>[31m
            [0mSpraakherkenning (ASR)[0m
          [36m</h2>[31m
          [36m<select[31m
            [33mclass[31m=[32m"provider-role-card__select"[31m
            [33mdata-testid[31m=[32m"asr-provider-select"[31m
          [36m>[31m
            [36m<optgroup[31m
              [33mlabel[31m=[32m"Op dit apparaat"[31m
            [36m>[31m
              [36m<option[31m
                [33mvalue[31m=[32m"local-parakeet"[31m
              [36m>[31m
                [0mLokaal[0m
                [0m ÔÇö Whisper, on-device[0m
              [36m</option>[31m
            [36m</optgroup>[31m
            [36m<optgroup[31m
              [33mlabel[31m=[32m"Cloud"[31m
            [36m>[31m
              [36m<option[31m
                [33mvalue[31m=[32m"deepgram"[31m
              [36m>[31m
                [0mDeepgram[0m
                [0m ÔÇö Deepgram[0m
              [36m</option>[31m
            [36m</optgroup>[31m
          [36m</select>[31m
          [36m<div[31m
            [33mclass[31m=[32m"provider-role-card__disclosure"[31m
          [36m>[31m
            [36m<p[31m
              [33mclass[31m=[32m"settings-disclosure"[31m
              [33mdata-testid[31m=[32m"asr-disclosure"[31m
            [36m>[31m
              [36m<span[31m
                [33mclass[31m=[32m"settings-disclosure__label"[31m
              [36m>[31m
                [0mAudiogegevens:[0m
              [36m</span>[31m
              [0m [0m
              [0mAudio wordt via Deepgram getranscribeerd; de audiostream verlaat het apparaat naar Deepgram.[0m
            [36m</p>[31m
          [36m</div>[31m
          [36m<div[31m
            [33mclass[31m=[32m"provider-role-card__config"[31m
            [33mdata-testid[31m=[32m"asr-provider-select-config"[31m
          [36m>[31m
            [36m<div[31m
              [33mclass[31m=[32m"form-group"[31m
            [36m>[31m
              [36m<label[31m
                [33mclass[31m=[32m"form-label"[31m
                [33mfor[31m=[32m"deepgram-key-input"[31m
              [36m>[31m
                [0mDeepgram API-sleutel[0m
              [36m</label>[31m
              [36m<p[31m
                [33mclass[31m=[32m"settings-key-missing"[31m
                [33mdata-testid[31m=[32m"deepgram-key-missing"[31m
                [33mrole[31m=[32m"alert"[31m
              [36m>[31m
                [0mGeen sleutel ingesteld. Vul je Deepgram API-sleutel in.[0m
              [36m</p>[31m
              [36m<div[31m
                [33mclass[31m=[32m"form-row"[31m
              [36m>[31m
                [36m<input[31m
                  [33mautocomplete[31m=[32m"off"[31m
                  [33mclass[31m=[32m"form-input"[31m
                  [33mdata-testid[31m=[32m"deepgram-key-input"[31m
                  [33mid[31m=[32m"deepgram-key-input"[31m
                  [33mplaceholder[31m=[32m"dg-..."[31m
                  [33mtype[31m=[32m"password"[31m
                  [33mvalue[31m=[32m""[31m
                [36m/>[31m
                [36m<button[31m
                  [33mclass[31m=[32m"btn btn--secondary"[31m
                  [33mdata-testid[31m=[32m"save-deepgram-key"[31m
                  [33mdisabled[31m=[32m""[31m
                  [33mtype[31m=[32m"button"[31m
                [36m>[31m
                  [0mOpslaan[0m
                [36m</button>[31m
              [36m</div>[31m
            [36m</div>[31m
          [36m</div>[31m
        [36m</div>[31m
        [36m<div[31m
          [33mclass[31m=[32m"provider-role-card"[31m
        [36m>[31m
          [36m<h2[31m
            [33mclass[31m=[32m"provider-role-card__title"[31m
          [36m>[31m
            [0mExtractieprovider (LLM)[0m
          [36m</h2>[31m
          [36m<select[31m
            [33mclass[31m=[32m"provider-role-card__select"[31m
            [33mdata-testid[31m=[32m"extraction-provider-select"[31m
          [36m>[31m
            [36m<optgroup[31m
              [33mlabel[31m=[32m"Cloud"[31m
            [36m>[31m
              [36m<option[31m
                [33mvalue[31m=[32m"anthropic"[31m
              [36m>[31m
                [0mAnthropic[0m
                [0m ÔÇö Cloud[0m
              [36m</option>[31m
              [36m<option[31m
                [33mvalue[31m=[32m"openai-compatible"[31m
              [36m>[31m
                [0mAangepast[0m
                [0m ÔÇö OpenAI-compatibel[0m
              [36m</option>[31m
            [36m</optgroup>[31m
          [36m</select>[31m
          [36m<div[31m
            [33mclass[31m=[32m"provider-role-card__disclosure"[31m
          [36m>[31m
            [36m<p[31m
              [33mclass[31m=[32m"settings-disclosure"[31m
              [33mdata-testid[31m=[32m"extraction-disclosure"[31m
            [36m>[31m
              [36m<span[31m
                [33mclass[31m=[32m"settings-disclosure__label"[31m
              [36m>[31m
                [0mTekstgegevens:[0m
              [36m</span>[31m
              [0m [0m
              [0mTranscripttekst wordt naar Anthropic gestuurd voor extractie van beslissingen en actiepunten.[0m
            [36m</p>[31m
          [36m</div>[31m
          [36m<div[31m
            [33mclass[31m=[32m"provider-role-card__config"[31m
            [33mdata-testid[31m=[32m"extraction-provider-select-config"[31m
          [36m>[31m
            [36m<div[31m
              [33mclass[31m=[32m"form-group"[31m
            [36m>[31m
              [36m<label[31m
                [33mclass[31m=[32m"form-label"[31m
                [33mfor[31m=[32m"anthropic-key-input"[31m
              [36m>[31m
                [0mAnthropic API-sleutel[0m
              [36m</label>[31m
              [36m<p[31m
                [33mclass[31m=[32m"settings-key-missing"[31m
                [33mdata-testid[31m=[32m"anthropic-key-missing"[31m
                [33mrole[31m=[32m"alert"[31m
              [36m>[31m
                [0mGeen sleutel ingesteld. Vul je Anthropic API-sleutel in.[0m
              [36m</p>[31m
              [36m<div[31m
                [33mclass[31m=[32m"form-row"[31m
              [36m>[31m
                [36m<input[31m
                  [33mautocomplete[31m=[32m"off"[31m
                  [33mclass[31m=[32m"form-input"[31m
                  [33mdata-testid[31m=[32m"anthropic-key-input"[31m
                  [33mid[31m=[32m"anthropic-key-input"[31m
                  [33mplaceholder[31m=[32m"sk-ant-..."[31m
                  [33mtype[31m=[32m"password"[31m
                  [33mvalue[31m=[32m""[31m
                [36m/>[31m
                [36m<button[31m
                  [33mclass[31m=[32m"btn btn--secondary"[31m
                  [33mdata-testid[31m=[32m"save-anthropic-key"[31m
                  [33mdisabled[31m=[32m""[31m
                  [33mtype[31m=[32m"button"[31m
                [36m>[31m
                  [0mOpslaan[0m
                [36m</button>[31m
              [36m</div>[31m
            [36m</div>[31m
          [36m</div>[31m
        [36m</div>[31m
        [36m<div[31m
          [33mclass[31m=[32m"settings-section"[31m
        [36m>[31m
          [36m<h2[31m
            [33mclass[31m=[32m"settings-section__heading"[31m
          [36m>[31m
            [0mVergadertaal[0m
          [36m</h2>[31m
          [36m<select[31m
            [33mclass[31m=[32m"settings-language-select"[31m
            [33mdata-testid[31m=[32m"language-select"[31m
          [36m>[31m
            [36m<option[31m
              [33mvalue[31m=[32m"nl"[31m
            [36m>[31m
              [0mNederlands[0m
            [36m</option>[31m
            [36m<option[31m
              [33mvalue[31m=[32m"en"[31m
            [36m>[31m
              [0mEnglish[0m
            [36m</option>[31m
          [36m</select>[31m
        [36m</div>[31m
      [36m</section>[31m
    [36m</main>[31m
  [36m</div>[31m
[36m</body>[31m

Ignored nodes: comments, script, style
[36m<html>[31m
  [36m<head />[31m
  [36m<body>[31m
    [36m<div>[31m
      [36m<main[31m
        [33mclass[31m=[32m"screen screen--settings"[31m
        [33mdata-testid[31m=[32m"screen-settings"[31m
      [36m>[31m
        [36m<header[31m
          [33mclass[31m=[32m"screen__header"[31m
        [36m>[31m
          [36m<h1[31m
            [33mclass[31m=[32m"screen__title"[31m
          [36m>[31m
            [0mInstellingen[0m
          [36m</h1>[31m
          [36m<p[31m
            [33mclass[31m=[32m"screen__subtitle"[31m
          [36m>[31m
            [0mKies providers, voer API-sleutels in en stel de taal in.[0m
          [36m</p>[31m
        [36m</header>[31m
        [36m<section[31m
          [33mclass[31m=[32m"screen__body settings-body"[31m
        [36m>[31m
          [36m<div[31m
            [33mclass[31m=[32m"provider-role-card"[31m
          [36m>[31m
            [36m<h2[31m
              [33mclass[31m=[32m"provider-role-card__title"[31m
            [36m>[31m
              [0mSpraakherkenning (ASR)[0m
            [36m</h2>[31m
            [36m<select[31m
              [33mclass[31m=[32m"provider-role-card__select"[31m
              [33mdata-testid[31m=[32m"asr-provider-select"[31m
            [36m>[31m
              [36m<optgroup[31m
                [33mlabel[31m=[32m"Op dit apparaat"[31m
              [36m>[31m
                [36m<option[31m
                  [33mvalue[31m=[32m"local-parakeet"[31m
                [36m>[31m
                  [0mLokaal[0m
                  [0m ÔÇö Whisper, on-device[0m
                [36m</option>[31m
              [36m</optgroup>[31m
              [36m<optgroup[31m
                [33mlabel[31m=[32m"Cloud"[31m
              [36m>[31m
                [36m<option[31m
                  [33mvalue[31m=[32m"deepgram"[31m
                [36m>[31m
                  [0mDeepgram[0m
                  [0m ÔÇö Deepgram[0m
                [36m</option>[31m
              [36m</optgroup>[31m
            [36m</select>[31m
            [36m<div[31m
              [33mclass[31m=[32m"provider-role-card__disclosure"[31m
            [36m>[31m
              [36m<p[31m
                [33mclass[31m=[32m"settings-disclosure"[31m
                [33mdata-testid[31m=[32m"asr-disclosure"[31m
              [36m>[31m
                [36m<span[31m
                  [33mclass[31m=[32m"settings-disclosure__label"[31m
                [36m>[31m
                  [0mAudiogegevens:[0m
                [36m</span>[31m
                [0m [0m
                [0mAudio wordt via Deepgram getranscribeerd; de audiostream verlaat het apparaat naar Deepgram.[0m
              [36m</p>[31m
            [36m</div>[31m
            [36m<div[31m
              [33mclass[31m=[32m"provider-role-card__config"[31m
              [33mdata-testid[31m=[32m"asr-provider-select-config"[31m
            [36m>[31m
              [36m<div[31m
                [33mclass[31m=[32m"form-group"[31m
              [36m>[31m
                [36m<label[31m
                  [33mclass[31m=[32m"form-label"[31m
                  [33mfor[31m=[32m"deepgram-key-input"[31m
                [36m>[31m
                  [0mDeepgram API-sleutel[0m
                [36m</label>[31m
                [36m<p[31m
                  [33mclass[31m=[32m"settings-key-missing"[31m
                  [33mdata-testid[31m=[32m"deepgram-key-missing"[31m
                  [33mrole[31m=[32m"alert"[31m
                [36m>[31m
                  [0mGeen sleutel ingesteld. Vul je Deepgram API-sleutel in.[0m
                [36m</p>[31m
                [36m<div[31m
                  [33mclass[31m=[32m"form-row"[31m
                [36m>[31m
                  [36m<input[31m
                    [33mautocomplete[31m=[32m"off"[31m
                    [33mclass[31m=[32m"form-input"[31m
                    [33mdata-testid[31m=[32m"deepgram-key-input"[31m
                    [33mid[31m=[32m"deepgram-key-input"[31m
                    [33mplaceholder[31m=[32m"dg-..."[31m
                    [33mtype[31m=[32m"password"[31m
                    [33mvalue[31m=[32m""[31m
                  [36m/>[31m
                  [36m<button[31m
                    [33mclass[31m=[32m"btn btn--secondary"[31m
                    [33mdata-testid[31m=[32m"save-deepgram-key"[31m
                    [33mdisabled[31m=[32m""[31m
                    [33mtype[31m=[32m"button"[31m
                  [36m>[31m
                    [0mOpslaan[0m
                  [36m</button>[31m
                [36m</div>[31m
              [36m</div>[31m
            [36m</div>[31m
          [36m</div>[31m
          [36m<div[31m
            [33mclass[31m=[32m"provider-role-card"[31m
          [36m>[31m
            [36m<h2[31m
              [33mclass[31m=[32m"provider-role-card__title"[31m
            [36m>[31m
              [0mExtractieprovider (LLM)[0m
            [36m</h2>[31m
            [36m<select[31m
              [33mclass[31m=[32m"provider-role-card__select"[31m
              [33mdata-testid[31m=[32m"extraction-provider-select"[31m
            [36m>[31m
              [36m<optgroup[31m
                [33mlabel[31m=[32m"Cloud"[31m
              [36m>[31m
                [36m<option[31m
                  [33mvalue[31m=[32m"anthropic"[31m
                [36m>[31m
                  [0mAnthropic[0m
                  [0m ÔÇö Cloud[0m
                [36m</option>[31m
                [36m<option[31m
                  [33mvalue[31m=[32m"openai-compatible"[31m
                [36m>[31m
                  [0mAangepast[0m
                  [0m ÔÇö OpenAI-compatibel[0m
                [36m</option>[31m
              [36m</optgroup>[31m
            [36m</select>[31m
            [36m<div[31m
              [33mclass[31m=[32m"provider-role-card__disclosure"[31m
            [36m>[31m
              [36m<p[31m
                [33mclass[31m=[32m"settings-disclosure"[31m
                [33mdata-testid[31m=[32m"extraction-disclosure"[31m
              [36m>[31m
                [36m<span[31m
                  [33mclass[31m=[32m"settings-disclosure__label"[31m
                [36m>[31m
                  [0mTekstgegevens:[0m
                [36m</span>[31m
                [0m [0m
                [0mTranscripttekst wordt naar Anthropic gestuurd voor extractie van beslissingen en actiepunten.[0m
              [36m</p>[31m
            [36m</div>[31m
            [36m<div[31m
              [33mclass[31m=[32m"provider-role-card__config"[31m
              [33mdata-testid[31m=[32m"extraction-provider-select-config"[31m
            [36m>[31m
              [36m<div[31m
                [33mclass[31m=[32m"form-group"[31m
              [36m>[31m
                [36m<label[31m
                  [33mclass[31m=[32m"form-label"[31m
                  [33mfor[31m=[32m"anthropic-key-input"[31m
                [36m>[31m
                  [0mAnthropic API-sleutel[0m
                [36m</label>[31m
                [36m<p[31m
                  [33mclass[31m=[32m"settings-key-missing"[31m
                  [33mdata-testid[31m=[32m"anthropic-key-missing"[31m
                  [33mrole[31m=[32m"alert"[31m
                [36m>[31m
                  [0mGeen sleutel ingesteld. Vul je Anthropic API-sleutel in.[0m
                [36m</p>[31m
                [36m<div[31m
                  [33mclass[31m=[32m"form-row"[31m
                [36m>[31m
                  [36m<input[31m
                    [33mautocomplete[31m=[32m"off"[31m
                    [33mclass[31m=[32m"form-input"[31m
                    [33mdata-testid[31m=[32m"anthropic-key-input"[31m
                    [33mid[31m=[32m"anthropic-key-input"[31m
                    [33mplaceholder[31m=[32m"sk-ant-..."[31m
                    [33mtype[31m=[32m"password"[31m
                    [33mvalue[31m=[32m""[31m
                  [36m/>[31m
                  [36m<button[31m
                    [33mclass[31m=[32m"btn btn--secondary"[31m
                    [33mdata-testid[31m=[32m"save-anthropic-key"[31m
                    [33mdisabled[31m=[32m""[31m
                    [33mtype[31m=[32m"button"[31m
                  [36m>[31m
                    [0mOpslaan[0m
                  [36m</button>[31m
                [36m</div>[31m
              [36m</div>[31m
            [36m</div>[31m
          [36m</div>[31m
          [36m<div[31m
            [33mclass[31m=[32m"settings-section"[31m
          [36m>[31m
            [36m<h2[31m
              [33mclass[31m=[32m"settings-section__heading"[31m
            [36m>[31m
              [0mVergadertaal[0m
            [36m</h2>[31m
            [36m<select[31m
              [33mclass[31m=[32m"settings-language-select"[31m
              [33mdata-testid[31m=[32m"language-select"[31m
            [36m>[31m
              [36m<option[31m
                [33mvalue[31m=[32m"nl"[31m
              [36m>[31m
                [0mNederlands[0m
              [36m</option>[31m
              [36m<option[31m
                [33mvalue[31m=[32m"en"[31m
              [36m>[31m
                [0mEnglish[0m
              [36m</option>[31m
            [36m</select>[31m
          [36m</div>[31m
        [36m</section>[31m
      [36m</main>[31m
    [36m</div>[31m
  [36m</body>[31m
[36m</html>[31m[39m
[31m   [31m├ù[31m SettingsScreen ÔÇö ASR provider selection[2m > [22mpersists the ASR provider via settings:set when the local mode is selected[39m[33m 1006[2mms[22m[39m
[31m     ÔåÆ Unable to find an element by: [data-testid="asr-mode-local-parakeet"]

Ignored nodes: comments, script, style
[36m<body>[31m
  [36m<div>[31m
    [36m<main[31m
      [33mclass[31m=[32m"screen screen--settings"[31m
      [33mdata-testid[31m=[32m"screen-settings"[31m
    [36m>[31m
      [36m<header[31m
        [33mclass[31m=[32m"screen__header"[31m
      [36m>[31m
        [36m<h1[31m
          [33mclass[31m=[32m"screen__title"[31m
        [36m>[31m
          [0mInstellingen[0m
        [36m</h1>[31m
        [36m<p[31m
          [33mclass[31m=[32m"screen__subtitle"[31m
        [36m>[31m
          [0mKies providers, voer API-sleutels in en stel de taal in.[0m
        [36m</p>[31m
      [36m</header>[31m
      [36m<section[31m
        [33mclass[31m=[32m"screen__body settings-body"[31m
      [36m>[31m
        [36m<div[31m
          [33mclass[31m=[32m"provider-role-card"[31m
        [36m>[31m
          [36m<h2[31m
            [33mclass[31m=[32m"provider-role-card__title"[31m
          [36m>[31m
            [0mSpraakherkenning (ASR)[0m
          [36m</h2>[31m
          [36m<select[31m
            [33mclass[31m=[32m"provider-role-card__select"[31m
            [33mdata-testid[31m=[32m"asr-provider-select"[31m
          [36m>[31m
            [36m<optgroup[31m
              [33mlabel[31m=[32m"Op dit apparaat"[31m
            [36m>[31m
              [36m<option[31m
                [33mvalue[31m=[32m"local-parakeet"[31m
              [36m>[31m
                [0mLokaal[0m
                [0m ÔÇö Whisper, on-device[0m
              [36m</option>[31m
            [36m</optgroup>[31m
            [36m<optgroup[31m
              [33mlabel[31m=[32m"Cloud"[31m
            [36m>[31m
              [36m<option[31m
                [33mvalue[31m=[32m"deepgram"[31m
              [36m>[31m
                [0mDeepgram[0m
                [0m ÔÇö Deepgram[0m
              [36m</option>[31m
            [36m</optgroup>[31m
          [36m</select>[31m
          [36m<div[31m
            [33mclass[31m=[32m"provider-role-card__disclosure"[31m
          [36m>[31m
            [36m<p[31m
              [33mclass[31m=[32m"settings-disclosure"[31m
              [33mdata-testid[31m=[32m"asr-disclosure"[31m
            [36m>[31m
              [36m<span[31m
                [33mclass[31m=[32m"settings-disclosure__label"[31m
              [36m>[31m
                [0mAudiogegevens:[0m
              [36m</span>[31m
              [0m [0m
              [0mAudio wordt via Deepgram getranscribeerd; de audiostream verlaat het apparaat naar Deepgram.[0m
            [36m</p>[31m
          [36m</div>[31m
          [36m<div[31m
            [33mclass[31m=[32m"provider-role-card__config"[31m
            [33mdata-testid[31m=[32m"asr-provider-select-config"[31m
          [36m>[31m
            [36m<div[31m
              [33mclass[31m=[32m"form-group"[31m
            [36m>[31m
              [36m<label[31m
                [33mclass[31m=[32m"form-label"[31m
                [33mfor[31m=[32m"deepgram-key-input"[31m
              [36m>[31m
                [0mDeepgram API-sleutel[0m
              [36m</label>[31m
              [36m<p[31m
                [33mclass[31m=[32m"settings-key-missing"[31m
                [33mdata-testid[31m=[32m"deepgram-key-missing"[31m
                [33mrole[31m=[32m"alert"[31m
              [36m>[31m
                [0mGeen sleutel ingesteld. Vul je Deepgram API-sleutel in.[0m
              [36m</p>[31m
              [36m<div[31m
                [33mclass[31m=[32m"form-row"[31m
              [36m>[31m
                [36m<input[31m
                  [33mautocomplete[31m=[32m"off"[31m
                  [33mclass[31m=[32m"form-input"[31m
                  [33mdata-testid[31m=[32m"deepgram-key-input"[31m
                  [33mid[31m=[32m"deepgram-key-input"[31m
                  [33mplaceholder[31m=[32m"dg-..."[31m
                  [33mtype[31m=[32m"password"[31m
                  [33mvalue[31m=[32m""[31m
                [36m/>[31m
                [36m<button[31m
                  [33mclass[31m=[32m"btn btn--secondary"[31m
                  [33mdata-testid[31m=[32m"save-deepgram-key"[31m
                  [33mdisabled[31m=[32m""[31m
                  [33mtype[31m=[32m"button"[31m
                [36m>[31m
                  [0mOpslaan[0m
                [36m</button>[31m
              [36m</div>[31m
            [36m</div>[31m
          [36m</div>[31m
        [36m</div>[31m
        [36m<div[31m
          [33mclass[31m=[32m"provider-role-card"[31m
        [36m>[31m
          [36m<h2[31m
            [33mclass[31m=[32m"provider-role-card__title"[31m
          [36m>[31m
            [0mExtractieprovider (LLM)[0m
          [36m</h2>[31m
          [36m<select[31m
            [33mclass[31m=[32m"provider-role-card__select"[31m
            [33mdata-testid[31m=[32m"extraction-provider-select"[31m
          [36m>[31m
            [36m<optgroup[31m
              [33mlabel[31m=[32m"Cloud"[31m
            [36m>[31m
              [36m<option[31m
                [33mvalue[31m=[32m"anthropic"[31m
              [36m>[31m
                [0mAnthropic[0m
                [0m ÔÇö Cloud[0m
              [36m</option>[31m
              [36m<option[31m
                [33mvalue[31m=[32m"openai-compatible"[31m
              [36m>[31m
                [0mAangepast[0m
                [0m ÔÇö OpenAI-compatibel[0m
              [36m</option>[31m
            [36m</optgroup>[31m
          [36m</select>[31m
          [36m<div[31m
            [33mclass[31m=[32m"provider-role-card__disclosure"[31m
          [36m>[31m
            [36m<p[31m
              [33mclass[31m=[32m"settings-disclosure"[31m
              [33mdata-testid[31m=[32m"extraction-disclosure"[31m
            [36m>[31m
              [36m<span[31m
                [33mclass[31m=[32m"settings-disclosure__label"[31m
              [36m>[31m
                [0mTekstgegevens:[0m
              [36m</span>[31m
              [0m [0m
              [0mTranscripttekst wordt naar Anthropic gestuurd voor extractie van beslissingen en actiepunten.[0m
            [36m</p>[31m
          [36m</div>[31m
          [36m<div[31m
            [33mclass[31m=[32m"provider-role-card__config"[31m
            [33mdata-testid[31m=[32m"extraction-provider-select-config"[31m
          [36m>[31m
            [36m<div[31m
              [33mclass[31m=[32m"form-group"[31m
            [36m>[31m
              [36m<label[31m
                [33mclass[31m=[32m"form-label"[31m
                [33mfor[31m=[32m"anthropic-key-input"[31m
              [36m>[31m
                [0mAnthropic API-sleutel[0m
              [36m</label>[31m
              [36m<p[31m
                [33mclass[31m=[32m"settings-key-missing"[31m
                [33mdata-testid[31m=[32m"anthropic-key-missing"[31m
                [33mrole[31m=[32m"alert"[31m
              [36m>[31m
                [0mGeen sleutel ingesteld. Vul je Anthropic API-sleutel in.[0m
              [36m</p>[31m
              [36m<div[31m
                [33mclass[31m=[32m"form-row"[31m
              [36m>[31m
                [36m<input[31m
                  [33mautocomplete[31m=[32m"off"[31m
                  [33mclass[31m=[32m"form-input"[31m
                  [33mdata-testid[31m=[32m"anthropic-key-input"[31m
                  [33mid[31m=[32m"anthropic-key-input"[31m
                  [33mplaceholder[31m=[32m"sk-ant-..."[31m
                  [33mtype[31m=[32m"password"[31m
                  [33mvalue[31m=[32m""[31m
                [36m/>[31m
                [36m<button[31m
                  [33mclass[31m=[32m"btn btn--secondary"[31m
                  [33mdata-testid[31m=[32m"save-anthropic-key"[31m
                  [33mdisabled[31m=[32m""[31m
                  [33mtype[31m=[32m"button"[31m
                [36m>[31m
                  [0mOpslaan[0m
                [36m</button>[31m
              [36m</div>[31m
            [36m</div>[31m
          [36m</div>[31m
        [36m</div>[31m
        [36m<div[31m
          [33mclass[31m=[32m"settings-section"[31m
        [36m>[31m
          [36m<h2[31m
            [33mclass[31m=[32m"settings-section__heading"[31m
          [36m>[31m
            [0mVergadertaal[0m
          [36m</h2>[31m
          [36m<select[31m
            [33mclass[31m=[32m"settings-language-select"[31m
            [33mdata-testid[31m=[32m"language-select"[31m
          [36m>[31m
            [36m<option[31m
              [33mvalue[31m=[32m"nl"[31m
            [36m>[31m
              [0mNederlands[0m
            [36m</option>[31m
            [36m<option[31m
              [33mvalue[31m=[32m"en"[31m
            [36m>[31m
              [0mEnglish[0m
            [36m</option>[31m
          [36m</select>[31m
        [36m</div>[31m
      [36m</section>[31m
    [36m</main>[31m
  [36m</div>[31m
[36m</body>[31m

Ignored nodes: comments, script, style
[36m<html>[31m
  [36m<head />[31m
  [36m<body>[31m
    [36m<div>[31m
      [36m<main[31m
        [33mclass[31m=[32m"screen screen--settings"[31m
        [33mdata-testid[31m=[32m"screen-settings"[31m
      [36m>[31m
        [36m<header[31m
          [33mclass[31m=[32m"screen__header"[31m
        [36m>[31m
          [36m<h1[31m
            [33mclass[31m=[32m"screen__title"[31m
          [36m>[31m
            [0mInstellingen[0m
          [36m</h1>[31m
          [36m<p[31m
            [33mclass[31m=[32m"screen__subtitle"[31m
          [36m>[31m
            [0mKies providers, voer API-sleutels in en stel de taal in.[0m
          [36m</p>[31m
        [36m</header>[31m
        [36m<section[31m
          [33mclass[31m=[32m"screen__body settings-body"[31m
        [36m>[31m
          [36m<div[31m
            [33mclass[31m=[32m"provider-role-card"[31m
          [36m>[31m
            [36m<h2[31m
              [33mclass[31m=[32m"provider-role-card__title"[31m
            [36m>[31m
              [0mSpraakherkenning (ASR)[0m
            [36m</h2>[31m
            [36m<select[31m
              [33mclass[31m=[32m"provider-role-card__select"[31m
              [33mdata-testid[31m=[32m"asr-provider-select"[31m
            [36m>[31m
              [36m<optgroup[31m
                [33mlabel[31m=[32m"Op dit apparaat"[31m
              [36m>[31m
                [36m<option[31m
                  [33mvalue[31m=[32m"local-parakeet"[31m
                [36m>[31m
                  [0mLokaal[0m
                  [0m ÔÇö Whisper, on-device[0m
                [36m</option>[31m
              [36m</optgroup>[31m
              [36m<optgroup[31m
                [33mlabel[31m=[32m"Cloud"[31m
              [36m>[31m
                [36m<option[31m
                  [33mvalue[31m=[32m"deepgram"[31m
                [36m>[31m
                  [0mDeepgram[0m
                  [0m ÔÇö Deepgram[0m
                [36m</option>[31m
              [36m</optgroup>[31m
            [36m</select>[31m
            [36m<div[31m
              [33mclass[31m=[32m"provider-role-card__disclosure"[31m
            [36m>[31m
              [36m<p[31m
                [33mclass[31m=[32m"settings-disclosure"[31m
                [33mdata-testid[31m=[32m"asr-disclosure"[31m
              [36m>[31m
                [36m<span[31m
                  [33mclass[31m=[32m"settings-disclosure__label"[31m
                [36m>[31m
                  [0mAudiogegevens:[0m
                [36m</span>[31m
                [0m [0m
                [0mAudio wordt via Deepgram getranscribeerd; de audiostream verlaat het apparaat naar Deepgram.[0m
              [36m</p>[31m
            [36m</div>[31m
            [36m<div[31m
              [33mclass[31m=[32m"provider-role-card__config"[31m
              [33mdata-testid[31m=[32m"asr-provider-select-config"[31m
            [36m>[31m
              [36m<div[31m
                [33mclass[31m=[32m"form-group"[31m
              [36m>[31m
                [36m<label[31m
                  [33mclass[31m=[32m"form-label"[31m
                  [33mfor[31m=[32m"deepgram-key-input"[31m
                [36m>[31m
                  [0mDeepgram API-sleutel[0m
                [36m</label>[31m
                [36m<p[31m
                  [33mclass[31m=[32m"settings-key-missing"[31m
                  [33mdata-testid[31m=[32m"deepgram-key-missing"[31m
                  [33mrole[31m=[32m"alert"[31m
                [36m>[31m
                  [0mGeen sleutel ingesteld. Vul je Deepgram API-sleutel in.[0m
                [36m</p>[31m
                [36m<div[31m
                  [33mclass[31m=[32m"form-row"[31m
                [36m>[31m
                  [36m<input[31m
                    [33mautocomplete[31m=[32m"off"[31m
                    [33mclass[31m=[32m"form-input"[31m
                    [33mdata-testid[31m=[32m"deepgram-key-input"[31m
                    [33mid[31m=[32m"deepgram-key-input"[31m
                    [33mplaceholder[31m=[32m"dg-..."[31m
                    [33mtype[31m=[32m"password"[31m
                    [33mvalue[31m=[32m""[31m
                  [36m/>[31m
                  [36m<button[31m
                    [33mclass[31m=[32m"btn btn--secondary"[31m
                    [33mdata-testid[31m=[32m"save-deepgram-key"[31m
                    [33mdisabled[31m=[32m""[31m
                    [33mtype[31m=[32m"button"[31m
                  [36m>[31m
                    [0mOpslaan[0m
                  [36m</button>[31m
                [36m</div>[31m
              [36m</div>[31m
            [36m</div>[31m
          [36m</div>[31m
          [36m<div[31m
            [33mclass[31m=[32m"provider-role-card"[31m
          [36m>[31m
            [36m<h2[31m
              [33mclass[31m=[32m"provider-role-card__title"[31m
            [36m>[31m
              [0mExtractieprovider (LLM)[0m
            [36m</h2>[31m
            [36m<select[31m
              [33mclass[31m=[32m"provider-role-card__select"[31m
              [33mdata-testid[31m=[32m"extraction-provider-select"[31m
            [36m>[31m
              [36m<optgroup[31m
                [33mlabel[31m=[32m"Cloud"[31m
              [36m>[31m
                [36m<option[31m
                  [33mvalue[31m=[32m"anthropic"[31m
                [36m>[31m
                  [0mAnthropic[0m
                  [0m ÔÇö Cloud[0m
                [36m</option>[31m
                [36m<option[31m
                  [33mvalue[31m=[32m"openai-compatible"[31m
                [36m>[31m
                  [0mAangepast[0m
                  [0m ÔÇö OpenAI-compatibel[0m
                [36m</option>[31m
              [36m</optgroup>[31m
            [36m</select>[31m
            [36m<div[31m
              [33mclass[31m=[32m"provider-role-card__disclosure"[31m
            [36m>[31m
              [36m<p[31m
                [33mclass[31m=[32m"settings-disclosure"[31m
                [33mdata-testid[31m=[32m"extraction-disclosure"[31m
              [36m>[31m
                [36m<span[31m
                  [33mclass[31m=[32m"settings-disclosure__label"[31m
                [36m>[31m
                  [0mTekstgegevens:[0m
                [36m</span>[31m
                [0m [0m
                [0mTranscripttekst wordt naar Anthropic gestuurd voor extractie van beslissingen en actiepunten.[0m
              [36m</p>[31m
            [36m</div>[31m
            [36m<div[31m
              [33mclass[31m=[32m"provider-role-card__config"[31m
              [33mdata-testid[31m=[32m"extraction-provider-select-config"[31m
            [36m>[31m
              [36m<div[31m
                [33mclass[31m=[32m"form-group"[31m
              [36m>[31m
                [36m<label[31m
                  [33mclass[31m=[32m"form-label"[31m
                  [33mfor[31m=[32m"anthropic-key-input"[31m
                [36m>[31m
                  [0mAnthropic API-sleutel[0m
                [36m</label>[31m
                [36m<p[31m
                  [33mclass[31m=[32m"settings-key-missing"[31m
                  [33mdata-testid[31m=[32m"anthropic-key-missing"[31m
                  [33mrole[31m=[32m"alert"[31m
                [36m>[31m
                  [0mGeen sleutel ingesteld. Vul je Anthropic API-sleutel in.[0m
                [36m</p>[31m
                [36m<div[31m
                  [33mclass[31m=[32m"form-row"[31m
                [36m>[31m
                  [36m<input[31m
                    [33mautocomplete[31m=[32m"off"[31m
                    [33mclass[31m=[32m"form-input"[31m
                    [33mdata-testid[31m=[32m"anthropic-key-input"[31m
                    [33mid[31m=[32m"anthropic-key-input"[31m
                    [33mplaceholder[31m=[32m"sk-ant-..."[31m
                    [33mtype[31m=[32m"password"[31m
                    [33mvalue[31m=[32m""[31m
                  [36m/>[31m
                  [36m<button[31m
                    [33mclass[31m=[32m"btn btn--secondary"[31m
                    [33mdata-testid[31m=[32m"save-anthropic-key"[31m
                    [33mdisabled[31m=[32m""[31m
                    [33mtype[31m=[32m"button"[31m
                  [36m>[31m
                    [0mOpslaan[0m
                  [36m</button>[31m
                [36m</div>[31m
              [36m</div>[31m
            [36m</div>[31m
          [36m</div>[31m
          [36m<div[31m
            [33mclass[31m=[32m"settings-section"[31m
          [36m>[31m
            [36m<h2[31m
              [33mclass[31m=[32m"settings-section__heading"[31m
            [36m>[31m
              [0mVergadertaal[0m
            [36m</h2>[31m
            [36m<select[31m
              [33mclass[31m=[32m"settings-language-select"[31m
              [33mdata-testid[31m=[32m"language-select"[31m
            [36m>[31m
              [36m<option[31m
                [33mvalue[31m=[32m"nl"[31m
              [36m>[31m
                [0mNederlands[0m
              [36m</option>[31m
              [36m<option[31m
                [33mvalue[31m=[32m"en"[31m
              [36m>[31m
                [0mEnglish[0m
              [36m</option>[31m
            [36m</select>[31m
          [36m</div>[31m
        [36m</section>[31m
      [36m</main>[31m
    [36m</div>[31m
  [36m</body>[31m
[36m</html>[31m[39m
   [32mÔ£ô[39m SettingsScreen ÔÇö API key entry[2m > [22mrenders the Deepgram API key field[32m 12[2mms[22m[39m
   [32mÔ£ô[39m SettingsScreen ÔÇö API key entry[2m > [22mcalls secret:set when the Deepgram key is saved[32m 30[2mms[22m[39m
   [32mÔ£ô[39m SettingsScreen ÔÇö API key entry[2m > [22mdoes NOT include the API key value in any settings:set call[32m 20[2mms[22m[39m
   [32mÔ£ô[39m SettingsScreen ÔÇö API key entry[2m > [22mrenders the Anthropic API key field when Anthropic is selected as extraction provider[32m 13[2mms[22m[39m
   [32mÔ£ô[39m SettingsScreen ÔÇö API key entry[2m > [22mcalls secret:set when the Anthropic key is saved[32m 24[2mms[22m[39m
   [32mÔ£ô[39m SettingsScreen ÔÇö disclosure copy[2m > [22mshows audio disclosure text mentioning Deepgram when Deepgram ASR is active[32m 7[2mms[22m[39m
   [32mÔ£ô[39m SettingsScreen ÔÇö disclosure copy[2m > [22mshows notes disclosure text mentioning Anthropic when Anthropic extraction is active[32m 26[2mms[22m[39m
   [32mÔ£ô[39m SettingsScreen ÔÇö custom OpenAI extraction[2m > [22mshows custom OpenAI fields when openai-compatible extraction is selected[32m 15[2mms[22m[39m
   [32mÔ£ô[39m SettingsScreen ÔÇö custom OpenAI extraction[2m > [22mdoes not call settings:set with an invalid base URL[32m 22[2mms[22m[39m
   [32mÔ£ô[39m SettingsScreen ÔÇö custom OpenAI extraction[2m > [22mdoes not call settings:set when model field is empty[32m 14[2mms[22m[39m
[31m   [31m├ù[31m SettingsScreen ÔÇö language selector[2m > [22mrenders the language toggle[39m[33m 1019[2mms[22m[39m
[31m     ÔåÆ Unable to find an element by: [data-testid="language-mode"]

Ignored nodes: comments, script, style
[36m<body>[31m
  [36m<div>[31m
    [36m<main[31m
      [33mclass[31m=[32m"screen screen--settings"[31m
      [33mdata-testid[31m=[32m"screen-settings"[31m
    [36m>[31m
      [36m<header[31m
        [33mclass[31m=[32m"screen__header"[31m
      [36m>[31m
        [36m<h1[31m
          [33mclass[31m=[32m"screen__title"[31m
        [36m>[31m
          [0mInstellingen[0m
        [36m</h1>[31m
        [36m<p[31m
          [33mclass[31m=[32m"screen__subtitle"[31m
        [36m>[31m
          [0mKies providers, voer API-sleutels in en stel de taal in.[0m
        [36m</p>[31m
      [36m</header>[31m
      [36m<section[31m
        [33mclass[31m=[32m"screen__body settings-body"[31m
      [36m>[31m
        [36m<div[31m
          [33mclass[31m=[32m"provider-role-card"[31m
        [36m>[31m
          [36m<h2[31m
            [33mclass[31m=[32m"provider-role-card__title"[31m
          [36m>[31m
            [0mSpraakherkenning (ASR)[0m
          [36m</h2>[31m
          [36m<select[31m
            [33mclass[31m=[32m"provider-role-card__select"[31m
            [33mdata-testid[31m=[32m"asr-provider-select"[31m
          [36m>[31m
            [36m<optgroup[31m
              [33mlabel[31m=[32m"Op dit apparaat"[31m
            [36m>[31m
              [36m<option[31m
                [33mvalue[31m=[32m"local-parakeet"[31m
              [36m>[31m
                [0mLokaal[0m
                [0m ÔÇö Whisper, on-device[0m
              [36m</option>[31m
            [36m</optgroup>[31m
            [36m<optgroup[31m
              [33mlabel[31m=[32m"Cloud"[31m
            [36m>[31m
              [36m<option[31m
                [33mvalue[31m=[32m"deepgram"[31m
              [36m>[31m
                [0mDeepgram[0m
                [0m ÔÇö Deepgram[0m
              [36m</option>[31m
            [36m</optgroup>[31m
          [36m</select>[31m
          [36m<div[31m
            [33mclass[31m=[32m"provider-role-card__disclosure"[31m
          [36m>[31m
            [36m<p[31m
              [33mclass[31m=[32m"settings-disclosure"[31m
              [33mdata-testid[31m=[32m"asr-disclosure"[31m
            [36m>[31m
              [36m<span[31m
                [33mclass[31m=[32m"settings-disclosure__label"[31m
              [36m>[31m
                [0mAudiogegevens:[0m
              [36m</span>[31m
              [0m [0m
              [0mAudio wordt via Deepgram getranscribeerd; de audiostream verlaat het apparaat naar Deepgram.[0m
            [36m</p>[31m
          [36m</div>[31m
          [36m<div[31m
            [33mclass[31m=[32m"provider-role-card__config"[31m
            [33mdata-testid[31m=[32m"asr-provider-select-config"[31m
          [36m>[31m
            [36m<div[31m
              [33mclass[31m=[32m"form-group"[31m
            [36m>[31m
              [36m<label[31m
                [33mclass[31m=[32m"form-label"[31m
                [33mfor[31m=[32m"deepgram-key-input"[31m
              [36m>[31m
                [0mDeepgram API-sleutel[0m
              [36m</label>[31m
              [36m<p[31m
                [33mclass[31m=[32m"settings-key-missing"[31m
                [33mdata-testid[31m=[32m"deepgram-key-missing"[31m
                [33mrole[31m=[32m"alert"[31m
              [36m>[31m
                [0mGeen sleutel ingesteld. Vul je Deepgram API-sleutel in.[0m
              [36m</p>[31m
              [36m<div[31m
                [33mclass[31m=[32m"form-row"[31m
              [36m>[31m
                [36m<input[31m
                  [33mautocomplete[31m=[32m"off"[31m
                  [33mclass[31m=[32m"form-input"[31m
                  [33mdata-testid[31m=[32m"deepgram-key-input"[31m
                  [33mid[31m=[32m"deepgram-key-input"[31m
                  [33mplaceholder[31m=[32m"dg-..."[31m
                  [33mtype[31m=[32m"password"[31m
                  [33mvalue[31m=[32m""[31m
                [36m/>[31m
                [36m<button[31m
                  [33mclass[31m=[32m"btn btn--secondary"[31m
                  [33mdata-testid[31m=[32m"save-deepgram-key"[31m
                  [33mdisabled[31m=[32m""[31m
                  [33mtype[31m=[32m"button"[31m
                [36m>[31m
                  [0mOpslaan[0m
                [36m</button>[31m
              [36m</div>[31m
            [36m</div>[31m
          [36m</div>[31m
        [36m</div>[31m
        [36m<div[31m
          [33mclass[31m=[32m"provider-role-card"[31m
        [36m>[31m
          [36m<h2[31m
            [33mclass[31m=[32m"provider-role-card__title"[31m
          [36m>[31m
            [0mExtractieprovider (LLM)[0m
          [36m</h2>[31m
          [36m<select[31m
            [33mclass[31m=[32m"provider-role-card__select"[31m
            [33mdata-testid[31m=[32m"extraction-provider-select"[31m
          [36m>[31m
            [36m<optgroup[31m
              [33mlabel[31m=[32m"Cloud"[31m
            [36m>[31m
              [36m<option[31m
                [33mvalue[31m=[32m"anthropic"[31m
              [36m>[31m
                [0mAnthropic[0m
                [0m ÔÇö Cloud[0m
              [36m</option>[31m
              [36m<option[31m
                [33mvalue[31m=[32m"openai-compatible"[31m
              [36m>[31m
                [0mAangepast[0m
                [0m ÔÇö OpenAI-compatibel[0m
              [36m</option>[31m
            [36m</optgroup>[31m
          [36m</select>[31m
          [36m<div[31m
            [33mclass[31m=[32m"provider-role-card__disclosure"[31m
          [36m>[31m
            [36m<p[31m
              [33mclass[31m=[32m"settings-disclosure"[31m
              [33mdata-testid[31m=[32m"extraction-disclosure"[31m
            [36m>[31m
              [36m<span[31m
                [33mclass[31m=[32m"settings-disclosure__label"[31m
              [36m>[31m
                [0mTekstgegevens:[0m
              [36m</span>[31m
              [0m [0m
              [0mTranscripttekst wordt naar Anthropic gestuurd voor extractie van beslissingen en actiepunten.[0m
            [36m</p>[31m
          [36m</div>[31m
          [36m<div[31m
            [33mclass[31m=[32m"provider-role-card__config"[31m
            [33mdata-testid[31m=[32m"extraction-provider-select-config"[31m
          [36m>[31m
            [36m<div[31m
              [33mclass[31m=[32m"form-group"[31m
            [36m>[31m
              [36m<label[31m
                [33mclass[31m=[32m"form-label"[31m
                [33mfor[31m=[32m"anthropic-key-input"[31m
              [36m>[31m
                [0mAnthropic API-sleutel[0m
              [36m</label>[31m
              [36m<p[31m
                [33mclass[31m=[32m"settings-key-missing"[31m
                [33mdata-testid[31m=[32m"anthropic-key-missing"[31m
                [33mrole[31m=[32m"alert"[31m
              [36m>[31m
                [0mGeen sleutel ingesteld. Vul je Anthropic API-sleutel in.[0m
              [36m</p>[31m
              [36m<div[31m
                [33mclass[31m=[32m"form-row"[31m
              [36m>[31m
                [36m<input[31m
                  [33mautocomplete[31m=[32m"off"[31m
                  [33mclass[31m=[32m"form-input"[31m
                  [33mdata-testid[31m=[32m"anthropic-key-input"[31m
                  [33mid[31m=[32m"anthropic-key-input"[31m
                  [33mplaceholder[31m=[32m"sk-ant-..."[31m
                  [33mtype[31m=[32m"password"[31m
                  [33mvalue[31m=[32m""[31m
                [36m/>[31m
                [36m<button[31m
                  [33mclass[31m=[32m"btn btn--secondary"[31m
                  [33mdata-testid[31m=[32m"save-anthropic-key"[31m
                  [33mdisabled[31m=[32m""[31m
                  [33mtype[31m=[32m"button"[31m
                [36m>[31m
                  [0mOpslaan[0m
                [36m</button>[31m
              [36m</div>[31m
            [36m</div>[31m
          [36m</div>[31m
        [36m</div>[31m
        [36m<div[31m
          [33mclass[31m=[32m"settings-section"[31m
        [36m>[31m
          [36m<h2[31m
            [33mclass[31m=[32m"settings-section__heading"[31m
          [36m>[31m
            [0mVergadertaal[0m
          [36m</h2>[31m
          [36m<select[31m
            [33mclass[31m=[32m"settings-language-select"[31m
            [33mdata-testid[31m=[32m"language-select"[31m
          [36m>[31m
            [36m<option[31m
              [33mvalue[31m=[32m"nl"[31m
            [36m>[31m
              [0mNederlands[0m
            [36m</option>[31m
            [36m<option[31m
              [33mvalue[31m=[32m"en"[31m
            [36m>[31m
              [0mEnglish[0m
            [36m</option>[31m
          [36m</select>[31m
        [36m</div>[31m
      [36m</section>[31m
    [36m</main>[31m
  [36m</div>[31m
[36m</body>[31m

Ignored nodes: comments, script, style
[36m<html>[31m
  [36m<head />[31m
  [36m<body>[31m
    [36m<div>[31m
      [36m<main[31m
        [33mclass[31m=[32m"screen screen--settings"[31m
        [33mdata-testid[31m=[32m"screen-settings"[31m
      [36m>[31m
        [36m<header[31m
          [33mclass[31m=[32m"screen__header"[31m
        [36m>[31m
          [36m<h1[31m
            [33mclass[31m=[32m"screen__title"[31m
          [36m>[31m
            [0mInstellingen[0m
          [36m</h1>[31m
          [36m<p[31m
            [33mclass[31m=[32m"screen__subtitle"[31m
          [36m>[31m
            [0mKies providers, voer API-sleutels in en stel de taal in.[0m
          [36m</p>[31m
        [36m</header>[31m
        [36m<section[31m
          [33mclass[31m=[32m"screen__body settings-body"[31m
        [36m>[31m
          [36m<div[31m
            [33mclass[31m=[32m"provider-role-card"[31m
          [36m>[31m
            [36m<h2[31m
              [33mclass[31m=[32m"provider-role-card__title"[31m
            [36m>[31m
              [0mSpraakherkenning (ASR)[0m
            [36m</h2>[31m
            [36m<select[31m
              [33mclass[31m=[32m"provider-role-card__select"[31m
              [33mdata-testid[31m=[32m"asr-provider-select"[31m
            [36m>[31m
              [36m<optgroup[31m
                [33mlabel[31m=[32m"Op dit apparaat"[31m
              [36m>[31m
                [36m<option[31m
                  [33mvalue[31m=[32m"local-parakeet"[31m
                [36m>[31m
                  [0mLokaal[0m
                  [0m ÔÇö Whisper, on-device[0m
                [36m</option>[31m
              [36m</optgroup>[31m
              [36m<optgroup[31m
                [33mlabel[31m=[32m"Cloud"[31m
              [36m>[31m
                [36m<option[31m
                  [33mvalue[31m=[32m"deepgram"[31m
                [36m>[31m
                  [0mDeepgram[0m
                  [0m ÔÇö Deepgram[0m
                [36m</option>[31m
              [36m</optgroup>[31m
            [36m</select>[31m
            [36m<div[31m
              [33mclass[31m=[32m"provider-role-card__disclosure"[31m
            [36m>[31m
              [36m<p[31m
                [33mclass[31m=[32m"settings-disclosure"[31m
                [33mdata-testid[31m=[32m"asr-disclosure"[31m
              [36m>[31m
                [36m<span[31m
                  [33mclass[31m=[32m"settings-disclosure__label"[31m
                [36m>[31m
                  [0mAudiogegevens:[0m
                [36m</span>[31m
                [0m [0m
                [0mAudio wordt via Deepgram getranscribeerd; de audiostream verlaat het apparaat naar Deepgram.[0m
              [36m</p>[31m
            [36m</div>[31m
            [36m<div[31m
              [33mclass[31m=[32m"provider-role-card__config"[31m
              [33mdata-testid[31m=[32m"asr-provider-select-config"[31m
            [36m>[31m
              [36m<div[31m
                [33mclass[31m=[32m"form-group"[31m
              [36m>[31m
                [36m<label[31m
                  [33mclass[31m=[32m"form-label"[31m
                  [33mfor[31m=[32m"deepgram-key-input"[31m
                [36m>[31m
                  [0mDeepgram API-sleutel[0m
                [36m</label>[31m
                [36m<p[31m
                  [33mclass[31m=[32m"settings-key-missing"[31m
                  [33mdata-testid[31m=[32m"deepgram-key-missing"[31m
                  [33mrole[31m=[32m"alert"[31m
                [36m>[31m
                  [0mGeen sleutel ingesteld. Vul je Deepgram API-sleutel in.[0m
                [36m</p>[31m
                [36m<div[31m
                  [33mclass[31m=[32m"form-row"[31m
                [36m>[31m
                  [36m<input[31m
                    [33mautocomplete[31m=[32m"off"[31m
                    [33mclass[31m=[32m"form-input"[31m
                    [33mdata-testid[31m=[32m"deepgram-key-input"[31m
                    [33mid[31m=[32m"deepgram-key-input"[31m
                    [33mplaceholder[31m=[32m"dg-..."[31m
                    [33mtype[31m=[32m"password"[31m
                    [33mvalue[31m=[32m""[31m
                  [36m/>[31m
                  [36m<button[31m
                    [33mclass[31m=[32m"btn btn--secondary"[31m
                    [33mdata-testid[31m=[32m"save-deepgram-key"[31m
                    [33mdisabled[31m=[32m""[31m
                    [33mtype[31m=[32m"button"[31m
                  [36m>[31m
                    [0mOpslaan[0m
                  [36m</button>[31m
                [36m</div>[31m
              [36m</div>[31m
            [36m</div>[31m
          [36m</div>[31m
          [36m<div[31m
            [33mclass[31m=[32m"provider-role-card"[31m
          [36m>[31m
            [36m<h2[31m
              [33mclass[31m=[32m"provider-role-card__title"[31m
            [36m>[31m
              [0mExtractieprovider (LLM)[0m
            [36m</h2>[31m
            [36m<select[31m
              [33mclass[31m=[32m"provider-role-card__select"[31m
              [33mdata-testid[31m=[32m"extraction-provider-select"[31m
            [36m>[31m
              [36m<optgroup[31m
                [33mlabel[31m=[32m"Cloud"[31m
              [36m>[31m
                [36m<option[31m
                  [33mvalue[31m=[32m"anthropic"[31m
                [36m>[31m
                  [0mAnthropic[0m
                  [0m ÔÇö Cloud[0m
                [36m</option>[31m
                [36m<option[31m
                  [33mvalue[31m=[32m"openai-compatible"[31m
                [36m>[31m
                  [0mAangepast[0m
                  [0m ÔÇö OpenAI-compatibel[0m
                [36m</option>[31m
              [36m</optgroup>[31m
            [36m</select>[31m
            [36m<div[31m
              [33mclass[31m=[32m"provider-role-card__disclosure"[31m
            [36m>[31m
              [36m<p[31m
                [33mclass[31m=[32m"settings-disclosure"[31m
                [33mdata-testid[31m=[32m"extraction-disclosure"[31m
              [36m>[31m
                [36m<span[31m
                  [33mclass[31m=[32m"settings-disclosure__label"[31m
                [36m>[31m
                  [0mTekstgegevens:[0m
                [36m</span>[31m
                [0m [0m
                [0mTranscripttekst wordt naar Anthropic gestuurd voor extractie van beslissingen en actiepunten.[0m
              [36m</p>[31m
            [36m</div>[31m
            [36m<div[31m
              [33mclass[31m=[32m"provider-role-card__config"[31m
              [33mdata-testid[31m=[32m"extraction-provider-select-config"[31m
            [36m>[31m
              [36m<div[31m
                [33mclass[31m=[32m"form-group"[31m
              [36m>[31m
                [36m<label[31m
                  [33mclass[31m=[32m"form-label"[31m
                  [33mfor[31m=[32m"anthropic-key-input"[31m
                [36m>[31m
                  [0mAnthropic API-sleutel[0m
                [36m</label>[31m
                [36m<p[31m
                  [33mclass[31m=[32m"settings-key-missing"[31m
                  [33mdata-testid[31m=[32m"anthropic-key-missing"[31m
                  [33mrole[31m=[32m"alert"[31m
                [36m>[31m
                  [0mGeen sleutel ingesteld. Vul je Anthropic API-sleutel in.[0m
                [36m</p>[31m
                [36m<div[31m
                  [33mclass[31m=[32m"form-row"[31m
                [36m>[31m
                  [36m<input[31m
                    [33mautocomplete[31m=[32m"off"[31m
                    [33mclass[31m=[32m"form-input"[31m
                    [33mdata-testid[31m=[32m"anthropic-key-input"[31m
                    [33mid[31m=[32m"anthropic-key-input"[31m
                    [33mplaceholder[31m=[32m"sk-ant-..."[31m
                    [33mtype[31m=[32m"password"[31m
                    [33mvalue[31m=[32m""[31m
                  [36m/>[31m
                  [36m<button[31m
                    [33mclass[31m=[32m"btn btn--secondary"[31m
                    [33mdata-testid[31m=[32m"save-anthropic-key"[31m
                    [33mdisabled[31m=[32m""[31m
                    [33mtype[31m=[32m"button"[31m
                  [36m>[31m
                    [0mOpslaan[0m
                  [36m</button>[31m
                [36m</div>[31m
              [36m</div>[31m
            [36m</div>[31m
          [36m</div>[31m
          [36m<div[31m
            [33mclass[31m=[32m"settings-section"[31m
          [36m>[31m
            [36m<h2[31m
              [33mclass[31m=[32m"settings-section__heading"[31m
            [36m>[31m
              [0mVergadertaal[0m
            [36m</h2>[31m
            [36m<select[31m
              [33mclass[31m=[32m"settings-language-select"[31m
              [33mdata-testid[31m=[32m"language-select"[31m
            [36m>[31m
              [36m<option[31m
                [33mvalue[31m=[32m"nl"[31m
              [36m>[31m
                [0mNederlands[0m
              [36m</option>[31m
              [36m<option[31m
                [33mvalue[31m=[32m"en"[31m
              [36m>[31m
                [0mEnglish[0m
              [36m</option>[31m
            [36m</select>[31m
          [36m</div>[31m
        [36m</section>[31m
      [36m</main>[31m
    [36m</div>[31m
  [36m</body>[31m
[36m</html>[31m[39m
[31m   [31m├ù[31m SettingsScreen ÔÇö language selector[2m > [22mshows the current primary language from settings[39m[33m 1011[2mms[22m[39m
[31m     ÔåÆ Unable to find an element by: [data-testid="language-mode-nl"]

Ignored nodes: comments, script, style
[36m<body>[31m
  [36m<div>[31m
    [36m<main[31m
      [33mclass[31m=[32m"screen screen--settings"[31m
      [33mdata-testid[31m=[32m"screen-settings"[31m
    [36m>[31m
      [36m<header[31m
        [33mclass[31m=[32m"screen__header"[31m
      [36m>[31m
        [36m<h1[31m
          [33mclass[31m=[32m"screen__title"[31m
        [36m>[31m
          [0mInstellingen[0m
        [36m</h1>[31m
        [36m<p[31m
          [33mclass[31m=[32m"screen__subtitle"[31m
        [36m>[31m
          [0mKies providers, voer API-sleutels in en stel de taal in.[0m
        [36m</p>[31m
      [36m</header>[31m
      [36m<section[31m
        [33mclass[31m=[32m"screen__body settings-body"[31m
      [36m>[31m
        [36m<div[31m
          [33mclass[31m=[32m"provider-role-card"[31m
        [36m>[31m
          [36m<h2[31m
            [33mclass[31m=[32m"provider-role-card__title"[31m
          [36m>[31m
            [0mSpraakherkenning (ASR)[0m
          [36m</h2>[31m
          [36m<select[31m
            [33mclass[31m=[32m"provider-role-card__select"[31m
            [33mdata-testid[31m=[32m"asr-provider-select"[31m
          [36m>[31m
            [36m<optgroup[31m
              [33mlabel[31m=[32m"Op dit apparaat"[31m
            [36m>[31m
              [36m<option[31m
                [33mvalue[31m=[32m"local-parakeet"[31m
              [36m>[31m
                [0mLokaal[0m
                [0m ÔÇö Whisper, on-device[0m
              [36m</option>[31m
            [36m</optgroup>[31m
            [36m<optgroup[31m
              [33mlabel[31m=[32m"Cloud"[31m
            [36m>[31m
              [36m<option[31m
                [33mvalue[31m=[32m"deepgram"[31m
              [36m>[31m
                [0mDeepgram[0m
                [0m ÔÇö Deepgram[0m
              [36m</option>[31m
            [36m</optgroup>[31m
          [36m</select>[31m
          [36m<div[31m
            [33mclass[31m=[32m"provider-role-card__disclosure"[31m
          [36m>[31m
            [36m<p[31m
              [33mclass[31m=[32m"settings-disclosure"[31m
              [33mdata-testid[31m=[32m"asr-disclosure"[31m
            [36m>[31m
              [36m<span[31m
                [33mclass[31m=[32m"settings-disclosure__label"[31m
              [36m>[31m
                [0mAudiogegevens:[0m
              [36m</span>[31m
              [0m [0m
              [0mAudio wordt via Deepgram getranscribeerd; de audiostream verlaat het apparaat naar Deepgram.[0m
            [36m</p>[31m
          [36m</div>[31m
          [36m<div[31m
            [33mclass[31m=[32m"provider-role-card__config"[31m
            [33mdata-testid[31m=[32m"asr-provider-select-config"[31m
          [36m>[31m
            [36m<div[31m
              [33mclass[31m=[32m"form-group"[31m
            [36m>[31m
              [36m<label[31m
                [33mclass[31m=[32m"form-label"[31m
                [33mfor[31m=[32m"deepgram-key-input"[31m
              [36m>[31m
                [0mDeepgram API-sleutel[0m
              [36m</label>[31m
              [36m<p[31m
                [33mclass[31m=[32m"settings-key-missing"[31m
                [33mdata-testid[31m=[32m"deepgram-key-missing"[31m
                [33mrole[31m=[32m"alert"[31m
              [36m>[31m
                [0mGeen sleutel ingesteld. Vul je Deepgram API-sleutel in.[0m
              [36m</p>[31m
              [36m<div[31m
                [33mclass[31m=[32m"form-row"[31m
              [36m>[31m
                [36m<input[31m
                  [33mautocomplete[31m=[32m"off"[31m
                  [33mclass[31m=[32m"form-input"[31m
                  [33mdata-testid[31m=[32m"deepgram-key-input"[31m
                  [33mid[31m=[32m"deepgram-key-input"[31m
                  [33mplaceholder[31m=[32m"dg-..."[31m
                  [33mtype[31m=[32m"password"[31m
                  [33mvalue[31m=[32m""[31m
                [36m/>[31m
                [36m<button[31m
                  [33mclass[31m=[32m"btn btn--secondary"[31m
                  [33mdata-testid[31m=[32m"save-deepgram-key"[31m
                  [33mdisabled[31m=[32m""[31m
                  [33mtype[31m=[32m"button"[31m
                [36m>[31m
                  [0mOpslaan[0m
                [36m</button>[31m
              [36m</div>[31m
            [36m</div>[31m
          [36m</div>[31m
        [36m</div>[31m
        [36m<div[31m
          [33mclass[31m=[32m"provider-role-card"[31m
        [36m>[31m
          [36m<h2[31m
            [33mclass[31m=[32m"provider-role-card__title"[31m
          [36m>[31m
            [0mExtractieprovider (LLM)[0m
          [36m</h2>[31m
          [36m<select[31m
            [33mclass[31m=[32m"provider-role-card__select"[31m
            [33mdata-testid[31m=[32m"extraction-provider-select"[31m
          [36m>[31m
            [36m<optgroup[31m
              [33mlabel[31m=[32m"Cloud"[31m
            [36m>[31m
              [36m<option[31m
                [33mvalue[31m=[32m"anthropic"[31m
              [36m>[31m
                [0mAnthropic[0m
                [0m ÔÇö Cloud[0m
              [36m</option>[31m
              [36m<option[31m
                [33mvalue[31m=[32m"openai-compatible"[31m
              [36m>[31m
                [0mAangepast[0m
                [0m ÔÇö OpenAI-compatibel[0m
              [36m</option>[31m
            [36m</optgroup>[31m
          [36m</select>[31m
          [36m<div[31m
            [33mclass[31m=[32m"provider-role-card__disclosure"[31m
          [36m>[31m
            [36m<p[31m
              [33mclass[31m=[32m"settings-disclosure"[31m
              [33mdata-testid[31m=[32m"extraction-disclosure"[31m
            [36m>[31m
              [36m<span[31m
                [33mclass[31m=[32m"settings-disclosure__label"[31m
              [36m>[31m
                [0mTekstgegevens:[0m
              [36m</span>[31m
              [0m [0m
              [0mTranscripttekst wordt naar Anthropic gestuurd voor extractie van beslissingen en actiepunten.[0m
            [36m</p>[31m
          [36m</div>[31m
          [36m<div[31m
            [33mclass[31m=[32m"provider-role-card__config"[31m
            [33mdata-testid[31m=[32m"extraction-provider-select-config"[31m
          [36m>[31m
            [36m<div[31m
              [33mclass[31m=[32m"form-group"[31m
            [36m>[31m
              [36m<label[31m
                [33mclass[31m=[32m"form-label"[31m
                [33mfor[31m=[32m"anthropic-key-input"[31m
              [36m>[31m
                [0mAnthropic API-sleutel[0m
              [36m</label>[31m
              [36m<p[31m
                [33mclass[31m=[32m"settings-key-missing"[31m
                [33mdata-testid[31m=[32m"anthropic-key-missing"[31m
                [33mrole[31m=[32m"alert"[31m
              [36m>[31m
                [0mGeen sleutel ingesteld. Vul je Anthropic API-sleutel in.[0m
              [36m</p>[31m
              [36m<div[31m
                [33mclass[31m=[32m"form-row"[31m
              [36m>[31m
                [36m<input[31m
                  [33mautocomplete[31m=[32m"off"[31m
                  [33mclass[31m=[32m"form-input"[31m
                  [33mdata-testid[31m=[32m"anthropic-key-input"[31m
                  [33mid[31m=[32m"anthropic-key-input"[31m
                  [33mplaceholder[31m=[32m"sk-ant-..."[31m
                  [33mtype[31m=[32m"password"[31m
                  [33mvalue[31m=[32m""[31m
                [36m/>[31m
                [36m<button[31m
                  [33mclass[31m=[32m"btn btn--secondary"[31m
                  [33mdata-testid[31m=[32m"save-anthropic-key"[31m
                  [33mdisabled[31m=[32m""[31m
                  [33mtype[31m=[32m"button"[31m
                [36m>[31m
                  [0mOpslaan[0m
                [36m</button>[31m
              [36m</div>[31m
            [36m</div>[31m
          [36m</div>[31m
        [36m</div>[31m
        [36m<div[31m
          [33mclass[31m=[32m"settings-section"[31m
        [36m>[31m
          [36m<h2[31m
            [33mclass[31m=[32m"settings-section__heading"[31m
          [36m>[31m
            [0mVergadertaal[0m
          [36m</h2>[31m
          [36m<select[31m
            [33mclass[31m=[32m"settings-language-select"[31m
            [33mdata-testid[31m=[32m"language-select"[31m
          [36m>[31m
            [36m<option[31m
              [33mvalue[31m=[32m"nl"[31m
            [36m>[31m
              [0mNederlands[0m
            [36m</option>[31m
            [36m<option[31m
              [33mvalue[31m=[32m"en"[31m
            [36m>[31m
              [0mEnglish[0m
            [36m</option>[31m
          [36m</select>[31m
        [36m</div>[31m
      [36m</section>[31m
    [36m</main>[31m
  [36m</div>[31m
[36m</body>[31m

Ignored nodes: comments, script, style
[36m<html>[31m
  [36m<head />[31m
  [36m<body>[31m
    [36m<div>[31m
      [36m<main[31m
        [33mclass[31m=[32m"screen screen--settings"[31m
        [33mdata-testid[31m=[32m"screen-settings"[31m
      [36m>[31m
        [36m<header[31m
          [33mclass[31m=[32m"screen__header"[31m
        [36m>[31m
          [36m<h1[31m
            [33mclass[31m=[32m"screen__title"[31m
          [36m>[31m
            [0mInstellingen[0m
          [36m</h1>[31m
          [36m<p[31m
            [33mclass[31m=[32m"screen__subtitle"[31m
          [36m>[31m
            [0mKies providers, voer API-sleutels in en stel de taal in.[0m
          [36m</p>[31m
        [36m</header>[31m
        [36m<section[31m
          [33mclass[31m=[32m"screen__body settings-body"[31m
        [36m>[31m
          [36m<div[31m
            [33mclass[31m=[32m"provider-role-card"[31m
          [36m>[31m
            [36m<h2[31m
              [33mclass[31m=[32m"provider-role-card__title"[31m
            [36m>[31m
              [0mSpraakherkenning (ASR)[0m
            [36m</h2>[31m
            [36m<select[31m
              [33mclass[31m=[32m"provider-role-card__select"[31m
              [33mdata-testid[31m=[32m"asr-provider-select"[31m
            [36m>[31m
              [36m<optgroup[31m
                [33mlabel[31m=[32m"Op dit apparaat"[31m
              [36m>[31m
                [36m<option[31m
                  [33mvalue[31m=[32m"local-parakeet"[31m
                [36m>[31m
                  [0mLokaal[0m
                  [0m ÔÇö Whisper, on-device[0m
                [36m</option>[31m
              [36m</optgroup>[31m
              [36m<optgroup[31m
                [33mlabel[31m=[32m"Cloud"[31m
              [36m>[31m
                [36m<option[31m
                  [33mvalue[31m=[32m"deepgram"[31m
                [36m>[31m
                  [0mDeepgram[0m
                  [0m ÔÇö Deepgram[0m
                [36m</option>[31m
              [36m</optgroup>[31m
            [36m</select>[31m
            [36m<div[31m
              [33mclass[31m=[32m"provider-role-card__disclosure"[31m
            [36m>[31m
              [36m<p[31m
                [33mclass[31m=[32m"settings-disclosure"[31m
                [33mdata-testid[31m=[32m"asr-disclosure"[31m
              [36m>[31m
                [36m<span[31m
                  [33mclass[31m=[32m"settings-disclosure__label"[31m
                [36m>[31m
                  [0mAudiogegevens:[0m
                [36m</span>[31m
                [0m [0m
                [0mAudio wordt via Deepgram getranscribeerd; de audiostream verlaat het apparaat naar Deepgram.[0m
              [36m</p>[31m
            [36m</div>[31m
            [36m<div[31m
              [33mclass[31m=[32m"provider-role-card__config"[31m
              [33mdata-testid[31m=[32m"asr-provider-select-config"[31m
            [36m>[31m
              [36m<div[31m
                [33mclass[31m=[32m"form-group"[31m
              [36m>[31m
                [36m<label[31m
                  [33mclass[31m=[32m"form-label"[31m
                  [33mfor[31m=[32m"deepgram-key-input"[31m
                [36m>[31m
                  [0mDeepgram API-sleutel[0m
                [36m</label>[31m
                [36m<p[31m
                  [33mclass[31m=[32m"settings-key-missing"[31m
                  [33mdata-testid[31m=[32m"deepgram-key-missing"[31m
                  [33mrole[31m=[32m"alert"[31m
                [36m>[31m
                  [0mGeen sleutel ingesteld. Vul je Deepgram API-sleutel in.[0m
                [36m</p>[31m
                [36m<div[31m
                  [33mclass[31m=[32m"form-row"[31m
                [36m>[31m
                  [36m<input[31m
                    [33mautocomplete[31m=[32m"off"[31m
                    [33mclass[31m=[32m"form-input"[31m
                    [33mdata-testid[31m=[32m"deepgram-key-input"[31m
                    [33mid[31m=[32m"deepgram-key-input"[31m
                    [33mplaceholder[31m=[32m"dg-..."[31m
                    [33mtype[31m=[32m"password"[31m
                    [33mvalue[31m=[32m""[31m
                  [36m/>[31m
                  [36m<button[31m
                    [33mclass[31m=[32m"btn btn--secondary"[31m
                    [33mdata-testid[31m=[32m"save-deepgram-key"[31m
                    [33mdisabled[31m=[32m""[31m
                    [33mtype[31m=[32m"button"[31m
                  [36m>[31m
                    [0mOpslaan[0m
                  [36m</button>[31m
                [36m</div>[31m
              [36m</div>[31m
            [36m</div>[31m
          [36m</div>[31m
          [36m<div[31m
            [33mclass[31m=[32m"provider-role-card"[31m
          [36m>[31m
            [36m<h2[31m
              [33mclass[31m=[32m"provider-role-card__title"[31m
            [36m>[31m
              [0mExtractieprovider (LLM)[0m
            [36m</h2>[31m
            [36m<select[31m
              [33mclass[31m=[32m"provider-role-card__select"[31m
              [33mdata-testid[31m=[32m"extraction-provider-select"[31m
            [36m>[31m
              [36m<optgroup[31m
                [33mlabel[31m=[32m"Cloud"[31m
              [36m>[31m
                [36m<option[31m
                  [33mvalue[31m=[32m"anthropic"[31m
                [36m>[31m
                  [0mAnthropic[0m
                  [0m ÔÇö Cloud[0m
                [36m</option>[31m
                [36m<option[31m
                  [33mvalue[31m=[32m"openai-compatible"[31m
                [36m>[31m
                  [0mAangepast[0m
                  [0m ÔÇö OpenAI-compatibel[0m
                [36m</option>[31m
              [36m</optgroup>[31m
            [36m</select>[31m
            [36m<div[31m
              [33mclass[31m=[32m"provider-role-card__disclosure"[31m
            [36m>[31m
              [36m<p[31m
                [33mclass[31m=[32m"settings-disclosure"[31m
                [33mdata-testid[31m=[32m"extraction-disclosure"[31m
              [36m>[31m
                [36m<span[31m
                  [33mclass[31m=[32m"settings-disclosure__label"[31m
                [36m>[31m
                  [0mTekstgegevens:[0m
                [36m</span>[31m
                [0m [0m
                [0mTranscripttekst wordt naar Anthropic gestuurd voor extractie van beslissingen en actiepunten.[0m
              [36m</p>[31m
            [36m</div>[31m
            [36m<div[31m
              [33mclass[31m=[32m"provider-role-card__config"[31m
              [33mdata-testid[31m=[32m"extraction-provider-select-config"[31m
            [36m>[31m
              [36m<div[31m
                [33mclass[31m=[32m"form-group"[31m
              [36m>[31m
                [36m<label[31m
                  [33mclass[31m=[32m"form-label"[31m
                  [33mfor[31m=[32m"anthropic-key-input"[31m
                [36m>[31m
                  [0mAnthropic API-sleutel[0m
                [36m</label>[31m
                [36m<p[31m
                  [33mclass[31m=[32m"settings-key-missing"[31m
                  [33mdata-testid[31m=[32m"anthropic-key-missing"[31m
                  [33mrole[31m=[32m"alert"[31m
                [36m>[31m
                  [0mGeen sleutel ingesteld. Vul je Anthropic API-sleutel in.[0m
                [36m</p>[31m
                [36m<div[31m
                  [33mclass[31m=[32m"form-row"[31m
                [36m>[31m
                  [36m<input[31m
                    [33mautocomplete[31m=[32m"off"[31m
                    [33mclass[31m=[32m"form-input"[31m
                    [33mdata-testid[31m=[32m"anthropic-key-input"[31m
                    [33mid[31m=[32m"anthropic-key-input"[31m
                    [33mplaceholder[31m=[32m"sk-ant-..."[31m
                    [33mtype[31m=[32m"password"[31m
                    [33mvalue[31m=[32m""[31m
                  [36m/>[31m
                  [36m<button[31m
                    [33mclass[31m=[32m"btn btn--secondary"[31m
                    [33mdata-testid[31m=[32m"save-anthropic-key"[31m
                    [33mdisabled[31m=[32m""[31m
                    [33mtype[31m=[32m"button"[31m
                  [36m>[31m
                    [0mOpslaan[0m
                  [36m</button>[31m
                [36m</div>[31m
              [36m</div>[31m
            [36m</div>[31m
          [36m</div>[31m
          [36m<div[31m
            [33mclass[31m=[32m"settings-section"[31m
          [36m>[31m
            [36m<h2[31m
              [33mclass[31m=[32m"settings-section__heading"[31m
            [36m>[31m
              [0mVergadertaal[0m
            [36m</h2>[31m
            [36m<select[31m
              [33mclass[31m=[32m"settings-language-select"[31m
              [33mdata-testid[31m=[32m"language-select"[31m
            [36m>[31m
              [36m<option[31m
                [33mvalue[31m=[32m"nl"[31m
              [36m>[31m
                [0mNederlands[0m
              [36m</option>[31m
              [36m<option[31m
                [33mvalue[31m=[32m"en"[31m
              [36m>[31m
                [0mEnglish[0m
              [36m</option>[31m
            [36m</select>[31m
          [36m</div>[31m
        [36m</section>[31m
      [36m</main>[31m
    [36m</div>[31m
  [36m</body>[31m
[36m</html>[31m[39m
[31m   [31m├ù[31m SettingsScreen ÔÇö language selector[2m > [22mcalls settings:set with updated language when changed[39m[33m 1013[2mms[22m[39m
[31m     ÔåÆ Unable to find an element by: [data-testid="language-mode-en"]

Ignored nodes: comments, script, style
[36m<body>[31m
  [36m<div>[31m
    [36m<main[31m
      [33mclass[31m=[32m"screen screen--settings"[31m
      [33mdata-testid[31m=[32m"screen-settings"[31m
    [36m>[31m
      [36m<header[31m
        [33mclass[31m=[32m"screen__header"[31m
      [36m>[31m
        [36m<h1[31m
          [33mclass[31m=[32m"screen__title"[31m
        [36m>[31m
          [0mInstellingen[0m
        [36m</h1>[31m
        [36m<p[31m
          [33mclass[31m=[32m"screen__subtitle"[31m
        [36m>[31m
          [0mKies providers, voer API-sleutels in en stel de taal in.[0m
        [36m</p>[31m
      [36m</header>[31m
      [36m<section[31m
        [33mclass[31m=[32m"screen__body settings-body"[31m
      [36m>[31m
        [36m<div[31m
          [33mclass[31m=[32m"provider-role-card"[31m
        [36m>[31m
          [36m<h2[31m
            [33mclass[31m=[32m"provider-role-card__title"[31m
          [36m>[31m
            [0mSpraakherkenning (ASR)[0m
          [36m</h2>[31m
          [36m<select[31m
            [33mclass[31m=[32m"provider-role-card__select"[31m
            [33mdata-testid[31m=[32m"asr-provider-select"[31m
          [36m>[31m
            [36m<optgroup[31m
              [33mlabel[31m=[32m"Op dit apparaat"[31m
            [36m>[31m
              [36m<option[31m
                [33mvalue[31m=[32m"local-parakeet"[31m
              [36m>[31m
                [0mLokaal[0m
                [0m ÔÇö Whisper, on-device[0m
              [36m</option>[31m
            [36m</optgroup>[31m
            [36m<optgroup[31m
              [33mlabel[31m=[32m"Cloud"[31m
            [36m>[31m
              [36m<option[31m
                [33mvalue[31m=[32m"deepgram"[31m
              [36m>[31m
                [0mDeepgram[0m
                [0m ÔÇö Deepgram[0m
              [36m</option>[31m
            [36m</optgroup>[31m
          [36m</select>[31m
          [36m<div[31m
            [33mclass[31m=[32m"provider-role-card__disclosure"[31m
          [36m>[31m
            [36m<p[31m
              [33mclass[31m=[32m"settings-disclosure"[31m
              [33mdata-testid[31m=[32m"asr-disclosure"[31m
            [36m>[31m
              [36m<span[31m
                [33mclass[31m=[32m"settings-disclosure__label"[31m
              [36m>[31m
                [0mAudiogegevens:[0m
              [36m</span>[31m
              [0m [0m
              [0mAudio wordt via Deepgram getranscribeerd; de audiostream verlaat het apparaat naar Deepgram.[0m
            [36m</p>[31m
          [36m</div>[31m
          [36m<div[31m
            [33mclass[31m=[32m"provider-role-card__config"[31m
            [33mdata-testid[31m=[32m"asr-provider-select-config"[31m
          [36m>[31m
            [36m<div[31m
              [33mclass[31m=[32m"form-group"[31m
            [36m>[31m
              [36m<label[31m
                [33mclass[31m=[32m"form-label"[31m
                [33mfor[31m=[32m"deepgram-key-input"[31m
              [36m>[31m
                [0mDeepgram API-sleutel[0m
              [36m</label>[31m
              [36m<p[31m
                [33mclass[31m=[32m"settings-key-missing"[31m
                [33mdata-testid[31m=[32m"deepgram-key-missing"[31m
                [33mrole[31m=[32m"alert"[31m
              [36m>[31m
                [0mGeen sleutel ingesteld. Vul je Deepgram API-sleutel in.[0m
              [36m</p>[31m
              [36m<div[31m
                [33mclass[31m=[32m"form-row"[31m
              [36m>[31m
                [36m<input[31m
                  [33mautocomplete[31m=[32m"off"[31m
                  [33mclass[31m=[32m"form-input"[31m
                  [33mdata-testid[31m=[32m"deepgram-key-input"[31m
                  [33mid[31m=[32m"deepgram-key-input"[31m
                  [33mplaceholder[31m=[32m"dg-..."[31m
                  [33mtype[31m=[32m"password"[31m
                  [33mvalue[31m=[32m""[31m
                [36m/>[31m
                [36m<button[31m
                  [33mclass[31m=[32m"btn btn--secondary"[31m
                  [33mdata-testid[31m=[32m"save-deepgram-key"[31m
                  [33mdisabled[31m=[32m""[31m
                  [33mtype[31m=[32m"button"[31m
                [36m>[31m
                  [0mOpslaan[0m
                [36m</button>[31m
              [36m</div>[31m
            [36m</div>[31m
          [36m</div>[31m
        [36m</div>[31m
        [36m<div[31m
          [33mclass[31m=[32m"provider-role-card"[31m
        [36m>[31m
          [36m<h2[31m
            [33mclass[31m=[32m"provider-role-card__title"[31m
          [36m>[31m
            [0mExtractieprovider (LLM)[0m
          [36m</h2>[31m
          [36m<select[31m
            [33mclass[31m=[32m"provider-role-card__select"[31m
            [33mdata-testid[31m=[32m"extraction-provider-select"[31m
          [36m>[31m
            [36m<optgroup[31m
              [33mlabel[31m=[32m"Cloud"[31m
            [36m>[31m
              [36m<option[31m
                [33mvalue[31m=[32m"anthropic"[31m
              [36m>[31m
                [0mAnthropic[0m
                [0m ÔÇö Cloud[0m
              [36m</option>[31m
              [36m<option[31m
                [33mvalue[31m=[32m"openai-compatible"[31m
              [36m>[31m
                [0mAangepast[0m
                [0m ÔÇö OpenAI-compatibel[0m
              [36m</option>[31m
            [36m</optgroup>[31m
          [36m</select>[31m
          [36m<div[31m
            [33mclass[31m=[32m"provider-role-card__disclosure"[31m
          [36m>[31m
            [36m<p[31m
              [33mclass[31m=[32m"settings-disclosure"[31m
              [33mdata-testid[31m=[32m"extraction-disclosure"[31m
            [36m>[31m
              [36m<span[31m
                [33mclass[31m=[32m"settings-disclosure__label"[31m
              [36m>[31m
                [0mTekstgegevens:[0m
              [36m</span>[31m
              [0m [0m
              [0mTranscripttekst wordt naar Anthropic gestuurd voor extractie van beslissingen en actiepunten.[0m
            [36m</p>[31m
          [36m</div>[31m
          [36m<div[31m
            [33mclass[31m=[32m"provider-role-card__config"[31m
            [33mdata-testid[31m=[32m"extraction-provider-select-config"[31m
          [36m>[31m
            [36m<div[31m
              [33mclass[31m=[32m"form-group"[31m
            [36m>[31m
              [36m<label[31m
                [33mclass[31m=[32m"form-label"[31m
                [33mfor[31m=[32m"anthropic-key-input"[31m
              [36m>[31m
                [0mAnthropic API-sleutel[0m
              [36m</label>[31m
              [36m<p[31m
                [33mclass[31m=[32m"settings-key-missing"[31m
                [33mdata-testid[31m=[32m"anthropic-key-missing"[31m
                [33mrole[31m=[32m"alert"[31m
              [36m>[31m
                [0mGeen sleutel ingesteld. Vul je Anthropic API-sleutel in.[0m
              [36m</p>[31m
              [36m<div[31m
                [33mclass[31m=[32m"form-row"[31m
              [36m>[31m
                [36m<input[31m
                  [33mautocomplete[31m=[32m"off"[31m
                  [33mclass[31m=[32m"form-input"[31m
                  [33mdata-testid[31m=[32m"anthropic-key-input"[31m
                  [33mid[31m=[32m"anthropic-key-input"[31m
                  [33mplaceholder[31m=[32m"sk-ant-..."[31m
                  [33mtype[31m=[32m"password"[31m
                  [33mvalue[31m=[32m""[31m
                [36m/>[31m
                [36m<button[31m
                  [33mclass[31m=[32m"btn btn--secondary"[31m
                  [33mdata-testid[31m=[32m"save-anthropic-key"[31m
                  [33mdisabled[31m=[32m""[31m
                  [33mtype[31m=[32m"button"[31m
                [36m>[31m
                  [0mOpslaan[0m
                [36m</button>[31m
              [36m</div>[31m
            [36m</div>[31m
          [36m</div>[31m
        [36m</div>[31m
        [36m<div[31m
          [33mclass[31m=[32m"settings-section"[31m
        [36m>[31m
          [36m<h2[31m
            [33mclass[31m=[32m"settings-section__heading"[31m
          [36m>[31m
            [0mVergadertaal[0m
          [36m</h2>[31m
          [36m<select[31m
            [33mclass[31m=[32m"settings-language-select"[31m
            [33mdata-testid[31m=[32m"language-select"[31m
          [36m>[31m
            [36m<option[31m
              [33mvalue[31m=[32m"nl"[31m
            [36m>[31m
              [0mNederlands[0m
            [36m</option>[31m
            [36m<option[31m
              [33mvalue[31m=[32m"en"[31m
            [36m>[31m
              [0mEnglish[0m
            [36m</option>[31m
          [36m</select>[31m
        [36m</div>[31m
      [36m</section>[31m
    [36m</main>[31m
  [36m</div>[31m
[36m</body>[31m

Ignored nodes: comments, script, style
[36m<html>[31m
  [36m<head />[31m
  [36m<body>[31m
    [36m<div>[31m
      [36m<main[31m
        [33mclass[31m=[32m"screen screen--settings"[31m
        [33mdata-testid[31m=[32m"screen-settings"[31m
      [36m>[31m
        [36m<header[31m
          [33mclass[31m=[32m"screen__header"[31m
        [36m>[31m
          [36m<h1[31m
            [33mclass[31m=[32m"screen__title"[31m
          [36m>[31m
            [0mInstellingen[0m
          [36m</h1>[31m
          [36m<p[31m
            [33mclass[31m=[32m"screen__subtitle"[31m
          [36m>[31m
            [0mKies providers, voer API-sleutels in en stel de taal in.[0m
          [36m</p>[31m
        [36m</header>[31m
        [36m<section[31m
          [33mclass[31m=[32m"screen__body settings-body"[31m
        [36m>[31m
          [36m<div[31m
            [33mclass[31m=[32m"provider-role-card"[31m
          [36m>[31m
            [36m<h2[31m
              [33mclass[31m=[32m"provider-role-card__title"[31m
            [36m>[31m
              [0mSpraakherkenning (ASR)[0m
            [36m</h2>[31m
            [36m<select[31m
              [33mclass[31m=[32m"provider-role-card__select"[31m
              [33mdata-testid[31m=[32m"asr-provider-select"[31m
            [36m>[31m
              [36m<optgroup[31m
                [33mlabel[31m=[32m"Op dit apparaat"[31m
              [36m>[31m
                [36m<option[31m
                  [33mvalue[31m=[32m"local-parakeet"[31m
                [36m>[31m
                  [0mLokaal[0m
                  [0m ÔÇö Whisper, on-device[0m
                [36m</option>[31m
              [36m</optgroup>[31m
              [36m<optgroup[31m
                [33mlabel[31m=[32m"Cloud"[31m
              [36m>[31m
                [36m<option[31m
                  [33mvalue[31m=[32m"deepgram"[31m
                [36m>[31m
                  [0mDeepgram[0m
                  [0m ÔÇö Deepgram[0m
                [36m</option>[31m
              [36m</optgroup>[31m
            [36m</select>[31m
            [36m<div[31m
              [33mclass[31m=[32m"provider-role-card__disclosure"[31m
            [36m>[31m
              [36m<p[31m
                [33mclass[31m=[32m"settings-disclosure"[31m
                [33mdata-testid[31m=[32m"asr-disclosure"[31m
              [36m>[31m
                [36m<span[31m
                  [33mclass[31m=[32m"settings-disclosure__label"[31m
                [36m>[31m
                  [0mAudiogegevens:[0m
                [36m</span>[31m
                [0m [0m
                [0mAudio wordt via Deepgram getranscribeerd; de audiostream verlaat het apparaat naar Deepgram.[0m
              [36m</p>[31m
            [36m</div>[31m
            [36m<div[31m
              [33mclass[31m=[32m"provider-role-card__config"[31m
              [33mdata-testid[31m=[32m"asr-provider-select-config"[31m
            [36m>[31m
              [36m<div[31m
                [33mclass[31m=[32m"form-group"[31m
              [36m>[31m
                [36m<label[31m
                  [33mclass[31m=[32m"form-label"[31m
                  [33mfor[31m=[32m"deepgram-key-input"[31m
                [36m>[31m
                  [0mDeepgram API-sleutel[0m
                [36m</label>[31m
                [36m<p[31m
                  [33mclass[31m=[32m"settings-key-missing"[31m
                  [33mdata-testid[31m=[32m"deepgram-key-missing"[31m
                  [33mrole[31m=[32m"alert"[31m
                [36m>[31m
                  [0mGeen sleutel ingesteld. Vul je Deepgram API-sleutel in.[0m
                [36m</p>[31m
                [36m<div[31m
                  [33mclass[31m=[32m"form-row"[31m
                [36m>[31m
                  [36m<input[31m
                    [33mautocomplete[31m=[32m"off"[31m
                    [33mclass[31m=[32m"form-input"[31m
                    [33mdata-testid[31m=[32m"deepgram-key-input"[31m
                    [33mid[31m=[32m"deepgram-key-input"[31m
                    [33mplaceholder[31m=[32m"dg-..."[31m
                    [33mtype[31m=[32m"password"[31m
                    [33mvalue[31m=[32m""[31m
                  [36m/>[31m
                  [36m<button[31m
                    [33mclass[31m=[32m"btn btn--secondary"[31m
                    [33mdata-testid[31m=[32m"save-deepgram-key"[31m
                    [33mdisabled[31m=[32m""[31m
                    [33mtype[31m=[32m"button"[31m
                  [36m>[31m
                    [0mOpslaan[0m
                  [36m</button>[31m
                [36m</div>[31m
              [36m</div>[31m
            [36m</div>[31m
          [36m</div>[31m
          [36m<div[31m
            [33mclass[31m=[32m"provider-role-card"[31m
          [36m>[31m
            [36m<h2[31m
              [33mclass[31m=[32m"provider-role-card__title"[31m
            [36m>[31m
              [0mExtractieprovider (LLM)[0m
            [36m</h2>[31m
            [36m<select[31m
              [33mclass[31m=[32m"provider-role-card__select"[31m
              [33mdata-testid[31m=[32m"extraction-provider-select"[31m
            [36m>[31m
              [36m<optgroup[31m
                [33mlabel[31m=[32m"Cloud"[31m
              [36m>[31m
                [36m<option[31m
                  [33mvalue[31m=[32m"anthropic"[31m
                [36m>[31m
                  [0mAnthropic[0m
                  [0m ÔÇö Cloud[0m
                [36m</option>[31m
                [36m<option[31m
                  [33mvalue[31m=[32m"openai-compatible"[31m
                [36m>[31m
                  [0mAangepast[0m
                  [0m ÔÇö OpenAI-compatibel[0m
                [36m</option>[31m
              [36m</optgroup>[31m
            [36m</select>[31m
            [36m<div[31m
              [33mclass[31m=[32m"provider-role-card__disclosure"[31m
            [36m>[31m
              [36m<p[31m
                [33mclass[31m=[32m"settings-disclosure"[31m
                [33mdata-testid[31m=[32m"extraction-disclosure"[31m
              [36m>[31m
                [36m<span[31m
                  [33mclass[31m=[32m"settings-disclosure__label"[31m
                [36m>[31m
                  [0mTekstgegevens:[0m
                [36m</span>[31m
                [0m [0m
                [0mTranscripttekst wordt naar Anthropic gestuurd voor extractie van beslissingen en actiepunten.[0m
              [36m</p>[31m
            [36m</div>[31m
            [36m<div[31m
              [33mclass[31m=[32m"provider-role-card__config"[31m
              [33mdata-testid[31m=[32m"extraction-provider-select-config"[31m
            [36m>[31m
              [36m<div[31m
                [33mclass[31m=[32m"form-group"[31m
              [36m>[31m
                [36m<label[31m
                  [33mclass[31m=[32m"form-label"[31m
                  [33mfor[31m=[32m"anthropic-key-input"[31m
                [36m>[31m
                  [0mAnthropic API-sleutel[0m
                [36m</label>[31m
                [36m<p[31m
                  [33mclass[31m=[32m"settings-key-missing"[31m
                  [33mdata-testid[31m=[32m"anthropic-key-missing"[31m
                  [33mrole[31m=[32m"alert"[31m
                [36m>[31m
                  [0mGeen sleutel ingesteld. Vul je Anthropic API-sleutel in.[0m
                [36m</p>[31m
                [36m<div[31m
                  [33mclass[31m=[32m"form-row"[31m
                [36m>[31m
                  [36m<input[31m
                    [33mautocomplete[31m=[32m"off"[31m
                    [33mclass[31m=[32m"form-input"[31m
                    [33mdata-testid[31m=[32m"anthropic-key-input"[31m
                    [33mid[31m=[32m"anthropic-key-input"[31m
                    [33mplaceholder[31m=[32m"sk-ant-..."[31m
                    [33mtype[31m=[32m"password"[31m
                    [33mvalue[31m=[32m""[31m
                  [36m/>[31m
                  [36m<button[31m
                    [33mclass[31m=[32m"btn btn--secondary"[31m
                    [33mdata-testid[31m=[32m"save-anthropic-key"[31m
                    [33mdisabled[31m=[32m""[31m
                    [33mtype[31m=[32m"button"[31m
                  [36m>[31m
                    [0mOpslaan[0m
                  [36m</button>[31m
                [36m</div>[31m
              [36m</div>[31m
            [36m</div>[31m
          [36m</div>[31m
          [36m<div[31m
            [33mclass[31m=[32m"settings-section"[31m
          [36m>[31m
            [36m<h2[31m
              [33mclass[31m=[32m"settings-section__heading"[31m
            [36m>[31m
              [0mVergadertaal[0m
            [36m</h2>[31m
            [36m<select[31m
              [33mclass[31m=[32m"settings-language-select"[31m
              [33mdata-testid[31m=[32m"language-select"[31m
            [36m>[31m
              [36m<option[31m
                [33mvalue[31m=[32m"nl"[31m
              [36m>[31m
                [0mNederlands[0m
              [36m</option>[31m
              [36m<option[31m
                [33mvalue[31m=[32m"en"[31m
              [36m>[31m
                [0mEnglish[0m
              [36m</option>[31m
            [36m</select>[31m
          [36m</div>[31m
        [36m</section>[31m
      [36m</main>[31m
    [36m</div>[31m
  [36m</body>[31m
[36m</html>[31m[39m
   [32mÔ£ô[39m SettingsScreen ÔÇö saved key status[2m > [22mshows a saved-key status (and no input) when the Deepgram key is present[32m 10[2mms[22m[39m
   [32mÔ£ô[39m SettingsScreen ÔÇö saved key status[2m > [22mreveals the input again when "Vervangen" is clicked[32m 35[2mms[22m[39m
   [32mÔ£ô[39m SettingsScreen ÔÇö no key configured state[2m > [22mshows a "geen sleutel ingesteld" notice when Deepgram key is absent[32m 7[2mms[22m[39m
   [32mÔ£ô[39m SettingsScreen ÔÇö no key configured state[2m > [22mhides the "geen sleutel" notice when Deepgram key is present[32m 5[2mms[22m[39m
   [32mÔ£ô[39m SettingsScreen ÔÇö local model download (item 0024)[2m > [22mshows the download section when Parakeet is selected and model is not downloaded[32m 5[2mms[22m[39m
   [32mÔ£ô[39m SettingsScreen ÔÇö local model download (item 0024)[2m > [22mdownload button calls modelDownload when clicked[32m 29[2mms[22m[39m
   [32mÔ£ô[39m SettingsScreen ÔÇö local model download (item 0024)[2m > [22mshows the installed section when model is already downloaded[32m 12[2mms[22m[39m
   [32mÔ£ô[39m SettingsScreen ÔÇö local model download (item 0024)[2m > [22mshows progress bar after onModelProgress event with done: false[32m 36[2mms[22m[39m
   [32mÔ£ô[39m SettingsScreen ÔÇö local model download (item 0024)[2m > [22mhides download section when onModelProgress fires with done: true (no error)[32m 31[2mms[22m[39m
node.exe : 
At line:1 char:1
+ & "C:\Program Files\nodejs/node.exe" "C:\Users\BoonJ\AppData\Roaming\ ...
+ ~~~~~~~~~~~~~~~~~~~~~~~~~~~~~~~~~~~~~~~~~~~~~~~~~~~~~~~~~~~~~~~~~~~~~
    + CategoryInfo          : NotSpecified: (:String) [], RemoteException
    + FullyQualifiedErrorId : NativeCommandError
 
[31mÔÄ»ÔÄ»ÔÄ»ÔÄ»ÔÄ»ÔÄ»ÔÄ»[39m[1m[41m Failed Tests 7 
[49m[22m[31mÔÄ»ÔÄ»ÔÄ»ÔÄ»ÔÄ»ÔÄ»ÔÄ»[39m

[41m[1m FAIL [22m[49m 
src/renderer/src/__tests__/SettingsScreen.test.tsx[2m > [22mSettingsScreen 
ÔÇö ASR provider selection[2m > [22mrenders the ASR mode toggle
[31m[1mTestingLibraryElementError[22m[39m: Unable to find an element by: 
[data-testid="asr-mode"]

Ignored nodes: comments, script, style
[36m<body>[39m
  [36m<div>[39m
    [36m<main[39m
      [33mclass[39m=[32m"screen screen--settings"[39m
      [33mdata-testid[39m=[32m"screen-settings"[39m
    [36m>[39m
      [36m<header[39m
        [33mclass[39m=[32m"screen__header"[39m
      [36m>[39m
        [36m<h1[39m
          [33mclass[39m=[32m"screen__title"[39m
        [36m>[39m
          [0mInstellingen[0m
        [36m</h1>[39m
        [36m<p[39m
          [33mclass[39m=[32m"screen__subtitle"[39m
        [36m>[39m
          [0mKies providers, voer API-sleutels in en stel de taal in.[0m
        [36m</p>[39m
      [36m</header>[39m
      [36m<section[39m
        [33mclass[39m=[32m"screen__body settings-body"[39m
      [36m>[39m
        [36m<div[39m
          [33mclass[39m=[32m"provider-role-card"[39m
        [36m>[39m
          [36m<h2[39m
            [33mclass[39m=[32m"provider-role-card__title"[39m
          [36m>[39m
            [0mSpraakherkenning (ASR)[0m
          [36m</h2>[39m
          [36m<select[39m
            [33mclass[39m=[32m"provider-role-card__select"[39m
            [33mdata-testid[39m=[32m"asr-provider-select"[39m
          [36m>[39m
            [36m<optgroup[39m
              [33mlabel[39m=[32m"Op dit apparaat"[39m
            [36m>[39m
              [36m<option[39m
                [33mvalue[39m=[32m"local-parakeet"[39m
              [36m>[39m
                [0mLokaal[0m
                [0m ÔÇö Whisper, on-device[0m
              [36m</option>[39m
            [36m</optgroup>[39m
            [36m<optgroup[39m
              [33mlabel[39m=[32m"Cloud"[39m
            [36m>[39m
              [36m<option[39m
                [33mvalue[39m=[32m"deepgram"[39m
              [36m>[39m
                [0mDeepgram[0m
                [0m ÔÇö Deepgram[0m
              [36m</option>[39m
            [36m</optgroup>[39m
          [36m</select>[39m
          [36m<div[39m
            [33mclass[39m=[32m"provider-role-card__disclosure"[39m
          [36m>[39m
            [36m<p[39m
              [33mclass[39m=[32m"settings-disclosure"[39m
              [33mdata-testid[39m=[32m"asr-disclosure"[39m
            [36m>[39m
              [36m<span[39m
                [33mclass[39m=[32m"settings-disclosure__label"[39m
              [36m>[39m
                [0mAudiogegevens:[0m
              [36m</span>[39m
              [0m [0m
              [0mAudio wordt via Deepgram getranscribeerd; de audiostream 
verlaat het apparaat naar Deepgram.[0m
            [36m</p>[39m
          [36m</div>[39m
          [36m<div[39m
            [33mclass[39m=[32m"provider-role-card__config"[39m
            [33mdata-testid[39m=[32m"asr-provider-select-config"[39m
          [36m>[39m
            [36m<div[39m
              [33mclass[39m=[32m"form-group"[39m
            [36m>[39m
              [36m<label[39m
                [33mclass[39m=[32m"form-label"[39m
                [33mfor[39m=[32m"deepgram-key-input"[39m
              [36m>[39m
                [0mDeepgram API-sleutel[0m
              [36m</label>[39m
              [36m<p[39m
                [33mclass[39m=[32m"settings-key-missing"[39m
                [33mdata-testid[39m=[32m"deepgram-key-missing"[39m
                [33mrole[39m=[32m"alert"[39m
              [36m>[39m
                [0mGeen sleutel ingesteld. Vul je Deepgram API-sleutel in.[0m
              [36m</p>[39m
              [36m<div[39m
                [33mclass[39m=[32m"form-row"[39m
              [36m>[39m
                [36m<input[39m
                  [33mautocomplete[39m=[32m"off"[39m
                  [33mclass[39m=[32m"form-input"[39m
                  [33mdata-testid[39m=[32m"deepgram-key-input"[39m
                  [33mid[39m=[32m"deepgram-key-input"[39m
                  [33mplaceholder[39m=[32m"dg-..."[39m
                  [33mtype[39m=[32m"password"[39m
                  [33mvalue[39m=[32m""[39m
                [36m/>[39m
                [36m<button[39m
                  [33mclass[39m=[32m"btn btn--secondary"[39m
                  [33mdata-testid[39m=[32m"save-deepgram-key"[39m
                  [33mdisabled[39m=[32m""[39m
                  [33mtype[39m=[32m"button"[39m
                [36m>[39m
                  [0mOpslaan[0m
                [36m</button>[39m
              [36m</div>[39m
            [36m</div>[39m
          [36m</div>[39m
        [36m</div>[39m
        [36m<div[39m
          [33mclass[39m=[32m"provider-role-card"[39m
        [36m>[39m
          [36m<h2[39m
            [33mclass[39m=[32m"provider-role-card__title"[39m
          [36m>[39m
            [0mExtractieprovider (LLM)[0m
          [36m</h2>[39m
          [36m<select[39m
            [33mclass[39m=[32m"provider-role-card__select"[39m
            [33mdata-testid[39m=[32m"extraction-provider-select"[39m
          [36m>[39m
            [36m<optgroup[39m
              [33mlabel[39m=[32m"Cloud"[39m
            [36m>[39m
              [36m<option[39m
                [33mvalue[39m=[32m"anthropic"[39m
              [36m>[39m
                [0mAnthropic[0m
                [0m ÔÇö Cloud[0m
              [36m</option>[39m
              [36m<option[39m
                [33mvalue[39m=[32m"openai-compatible"[39m
              [36m>[39m
                [0mAangepast[0m
                [0m ÔÇö OpenAI-compatibel[0m
              [36m</option>[39m
            [36m</optgroup>[39m
          [36m</select>[39m
          [36m<div[39m
            [33mclass[39m=[32m"provider-role-card__disclosure"[39m
          [36m>[39m
            [36m<p[39m
              [33mclass[39m=[32m"settings-disclosure"[39m
              [33mdata-testid[39m=[32m"extraction-disclosure"[39m
            [36m>[39m
              [36m<span[39m
                [33mclass[39m=[32m"settings-disclosure__label"[39m
              [36m>[39m
                [0mTekstgegevens:[0m
              [36m</span>[39m
              [0m [0m
              [0mTranscripttekst wordt naar Anthropic gestuurd voor extractie 
van beslissingen en actiepunten.[0m
            [36m</p>[39m
          [36m</div>[39m
          [36m<div[39m
            [33mclass[39m=[32m"provider-role-card__config"[39m
            [33mdata-testid[39m=[32m"extraction-provider-select-config"[39m
          [36m>[39m
            [36m<div[39m
              [33mclass[39m=[32m"form-group"[39m
            [36m>[39m
              [36m<label[39m
                [33mclass[39m=[32m"form-label"[39m
                [33mfor[39m=[32m"anthropic-key-input"[39m
              [36m>[39m
                [0mAnthropic API-sleutel[0m
              [36m</label>[39m
              [36m<p[39m
                [33mclass[39m=[32m"settings-key-missing"[39m
                [33mdata-testid[39m=[32m"anthropic-key-missing"[39m
                [33mrole[39m=[32m"alert"[39m
              [36m>[39m
                [0mGeen sleutel ingesteld. Vul je Anthropic API-sleutel 
in.[0m
              [36m</p>[39m
              [36m<div[39m
                [33mclass[39m=[32m"form-row"[39m
              [36m>[39m
                [36m<input[39m
                  [33mautocomplete[39m=[32m"off"[39m
                  [33mclass[39m=[32m"form-input"[39m
                  [33mdata-testid[39m=[32m"anthropic-key-input"[39m
                  [33mid[39m=[32m"anthropic-key-input"[39m
                  [33mplaceholder[39m=[32m"sk-ant-..."[39m
                  [33mtype[39m=[32m"password"[39m
                  [33mvalue[39m=[32m""[39m
                [36m/>[39m
                [36m<button[39m
                  [33mclass[39m=[32m"btn btn--secondary"[39m
                  [33mdata-testid[39m=[32m"save-anthropic-key"[39m
                  [33mdisabled[39m=[32m""[39m
                  [33mtype[39m=[32m"button"[39m
                [36m>[39m
                  [0mOpslaan[0m
                [36m</button>[39m
              [36m</div>[39m
            [36m</div>[39m
          [36m</div>[39m
        [36m</div>[39m
        [36m<div[39m
          [33mclass[39m=[32m"settings-section"[39m
        [36m>[39m
          [36m<h2[39m
            [33mclass[39m=[32m"settings-section__heading"[39m
          [36m>[39m
            [0mVergadertaal[0m
          [36m</h2>[39m
          [36m<select[39m
            [33mclass[39m=[32m"settings-language-select"[39m
            [33mdata-testid[39m=[32m"language-select"[39m
          [36m>[39m
            [36m<option[39m
              [33mvalue[39m=[32m"nl"[39m
            [36m>[39m
              [0mNederlands[0m
            [36m</option>[39m
            [36m<option[39m
              [33mvalue[39m=[32m"en"[39m
            [36m>[39m
              [0mEnglish[0m
            [36m</option>[39m
          [36m</select>[39m
        [36m</div>[39m
      [36m</section>[39m
    [36m</main>[39m
  [36m</div>[39m
[36m</body>[39m

Ignored nodes: comments, script, style
[36m<html>[39m
  [36m<head />[39m
  [36m<body>[39m
    [36m<div>[39m
      [36m<main[39m
        [33mclass[39m=[32m"screen screen--settings"[39m
        [33mdata-testid[39m=[32m"screen-settings"[39m
      [36m>[39m
        [36m<header[39m
          [33mclass[39m=[32m"screen__header"[39m
        [36m>[39m
          [36m<h1[39m
            [33mclass[39m=[32m"screen__title"[39m
          [36m>[39m
            [0mInstellingen[0m
          [36m</h1>[39m
          [36m<p[39m
            [33mclass[39m=[32m"screen__subtitle"[39m
          [36m>[39m
            [0mKies providers, voer API-sleutels in en stel de taal in.[0m
          [36m</p>[39m
        [36m</header>[39m
        [36m<section[39m
          [33mclass[39m=[32m"screen__body settings-body"[39m
        [36m>[39m
          [36m<div[39m
            [33mclass[39m=[32m"provider-role-card"[39m
          [36m>[39m
            [36m<h2[39m
              [33mclass[39m=[32m"provider-role-card__title"[39m
            [36m>[39m
              [0mSpraakherkenning (ASR)[0m
            [36m</h2>[39m
            [36m<select[39m
              [33mclass[39m=[32m"provider-role-card__select"[39m
              [33mdata-testid[39m=[32m"asr-provider-select"[39m
            [36m>[39m
              [36m<optgroup[39m
                [33mlabel[39m=[32m"Op dit apparaat"[39m
              [36m>[39m
                [36m<option[39m
                  [33mvalue[39m=[32m"local-parakeet"[39m
                [36m>[39m
                  [0mLokaal[0m
                  [0m ÔÇö Whisper, on-device[0m
                [36m</option>[39m
              [36m</optgroup>[39m
              [36m<optgroup[39m
                [33mlabel[39m=[32m"Cloud"[39m
              [36m>[39m
                [36m<option[39m
                  [33mvalue[39m=[32m"deepgram"[39m
                [36m>[39m
                  [0mDeepgram[0m
                  [0m ÔÇö Deepgram[0m
                [36m</option>[39m
              [36m</optgroup>[39m
            [36m</select>[39m
            [36m<div[39m
              [33mclass[39m=[32m"provider-role-card__disclosure"[39m
            [36m>[39m
              [36m<p[39m
                [33mclass[39m=[32m"settings-disclosure"[39m
                [33mdata-testid[39m=[32m"asr-disclosure"[39m
              [36m>[39m
                [36m<span[39m
                  [33mclass[39m=[32m"settings-disclosure__label"[39m
                [36m>[39m
                  [0mAudiogegevens:[0m
                [36m</span>[39m
                [0m [0m
                [0mAudio wordt via Deepgram getranscribeerd; de audiostream 
verlaat het apparaat naar Deepgram.[0m
              [36m</p>[39m
            [36m</div>[39m
            [36m<div[39m
              [33mclass[39m=[32m"provider-role-card__config"[39m
              [33mdata-testid[39m=[32m"asr-provider-select-config"[39m
            [36m>[39m
              [36m<div[39m
                [33mclass[39m=[32m"form-group"[39m
              [36m>[39m
                [36m<label[39m
                  [33mclass[39m=[32m"form-label"[39m
                  [33mfor[39m=[32m"deepgram-key-input"[39m
                [36m>[39m
                  [0mDeepgram API-sleutel[0m
                [36m</label>[39m
                [36m<p[39m
                  [33mclass[39m=[32m"settings-key-missing"[39m
                  [33mdata-testid[39m=[32m"deepgram-key-missing"[39m
                  [33mrole[39m=[32m"alert"[39m
                [36m>[39m
                  [0mGeen sleutel ingesteld. Vul je Deepgram API-sleutel 
in.[0m
                [36m</p>[39m
                [36m<div[39m
                  [33mclass[39m=[32m"form-row"[39m
                [36m>[39m
                  [36m<input[39m
                    [33mautocomplete[39m=[32m"off"[39m
                    [33mclass[39m=[32m"form-input"[39m
                    [33mdata-testid[39m=[32m"deepgram-key-input"[39m
                    [33mid[39m=[32m"deepgram-key-input"[39m
                    [33mplaceholder[39m=[32m"dg-..."[39m
                    [33mtype[39m=[32m"password"[39m
                    [33mvalue[39m=[32m""[39m
                  [36m/>[39m
                  [36m<button[39m
                    [33mclass[39m=[32m"btn btn--secondary"[39m
                    [33mdata-testid[39m=[32m"save-deepgram-key"[39m
                    [33mdisabled[39m=[32m""[39m
                    [33mtype[39m=[32m"button"[39m
                  [36m>[39m
                    [0mOpslaan[0m
                  [36m</button>[39m
                [36m</div>[39m
              [36m</div>[39m
            [36m</div>[39m
          [36m</div>[39m
          [36m<div[39m
            [33mclass[39m=[32m"provider-role-card"[39m
          [36m>[39m
            [36m<h2[39m
              [33mclass[39m=[32m"provider-role-card__title"[39m
            [36m>[39m
              [0mExtractieprovider (LLM)[0m
            [36m</h2>[39m
            [36m<select[39m
              [33mclass[39m=[32m"provider-role-card__select"[39m
              [33mdata-testid[39m=[32m"extraction-provider-select"[39m
            [36m>[39m
              [36m<optgroup[39m
                [33mlabel[39m=[32m"Cloud"[39m
              [36m>[39m
                [36m<option[39m
                  [33mvalue[39m=[32m"anthropic"[39m
                [36m>[39m
                  [0mAnthropic[0m
                  [0m ÔÇö Cloud[0m
                [36m</option>[39m
                [36m<option[39m
                  [33mvalue[39m=[32m"openai-compatible"[39m
                [36m>[39m
                  [0mAangepast[0m
                  [0m ÔÇö OpenAI-compatibel[0m
                [36m</option>[39m
              [36m</optgroup>[39m
            [36m</select>[39m
            [36m<div[39m
              [33mclass[39m=[32m"provider-role-card__disclosure"[39m
            [36m>[39m
              [36m<p[39m
                [33mclass[39m=[32m"settings-disclosure"[39m
                [33mdata-testid[39m=[32m"extraction-disclosure"[39m
              [36m>[39m
                [36m<span[39m
                  [33mclass[39m=[32m"settings-disclosure__label"[39m
                [36m>[39m
                  [0mTekstgegevens:[0m
                [36m</span>[39m
                [0m [0m
                [0mTranscripttekst wordt naar Anthropic gestuurd voor 
extractie van beslissingen en actiepunten.[0m
              [36m</p>[39m
            [36m</div>[39m
            [36m<div[39m
              [33mclass[39m=[32m"provider-role-card__config"[39m
              
[33mdata-testid[39m=[32m"extraction-provider-select-config"[39m
            [36m>[39m
              [36m<div[39m
                [33mclass[39m=[32m"form-group"[39m
              [36m>[39m
                [36m<label[39m
                  [33mclass[39m=[32m"form-label"[39m
                  [33mfor[39m=[32m"anthropic-key-input"[39m
                [36m>[39m
                  [0mAnthropic API-sleutel[0m
                [36m</label>[39m
                [36m<p[39m
                  [33mclass[39m=[32m"settings-key-missing"[39m
                  [33mdata-testid[39m=[32m"anthropic-key-missing"[39m
                  [33mrole[39m=[32m"alert"[39m
                [36m>[39m
                  [0mGeen sleutel ingesteld. Vul je Anthropic API-sleutel 
in.[0m
                [36m</p>[39m
                [36m<div[39m
                  [33mclass[39m=[32m"form-row"[39m
                [36m>[39m
                  [36m<input[39m
                    [33mautocomplete[39m=[32m"off"[39m
                    [33mclass[39m=[32m"form-input"[39m
                    [33mdata-testid[39m=[32m"anthropic-key-input"[39m
                    [33mid[39m=[32m"anthropic-key-input"[39m
                    [33mplaceholder[39m=[32m"sk-ant-..."[39m
                    [33mtype[39m=[32m"password"[39m
                    [33mvalue[39m=[32m""[39m
                  [36m/>[39m
                  [36m<button[39m
                    [33mclass[39m=[32m"btn btn--secondary"[39m
                    [33mdata-testid[39m=[32m"save-anthropic-key"[39m
                    [33mdisabled[39m=[32m""[39m
                    [33mtype[39m=[32m"button"[39m
                  [36m>[39m
                    [0mOpslaan[0m
                  [36m</button>[39m
                [36m</div>[39m
              [36m</div>[39m
            [36m</div>[39m
          [36m</div>[39m
          [36m<div[39m
            [33mclass[39m=[32m"settings-section"[39m
          [36m>[39m
            [36m<h2[39m
              [33mclass[39m=[32m"settings-section__heading"[39m
            [36m>[39m
              [0mVergadertaal[0m
            [36m</h2>[39m
            [36m<select[39m
              [33mclass[39m=[32m"settings-language-select"[39m
              [33mdata-testid[39m=[32m"language-select"[39m
            [36m>[39m
              [36m<option[39m
                [33mvalue[39m=[32m"nl"[39m
              [36m>[39m
                [0mNederlands[0m
              [36m</option>[39m
              [36m<option[39m
                [33mvalue[39m=[32m"en"[39m
              [36m>[39m
                [0mEnglish[0m
              [36m</option>[39m
            [36m</select>[39m
          [36m</div>[39m
        [36m</section>[39m
      [36m</main>[39m
    [36m</div>[39m
  [36m</body>[39m
[36m</html>[39m
[90m [2mÔØ»[22m waitForWrapper 
node_modules/@testing-library/dom/dist/wait-for.js:[2m163:27[22m[39m
[36m [2mÔØ»[22m 
src/renderer/src/__tests__/SettingsScreen.test.tsx:[2m98:11[22m[39m
    [90m 96| [39m  [34mit[39m([32m'renders the ASR mode 
toggle'[39m[33m,[39m [35masync[39m () [33m=>[39m {
    [90m 97| [39m    [34mrender[39m([33m<[39m[33mSettingsScreen[39m 
[33m/[39m[33m>[39m)
    [90m 98| [39m    [35mawait[39m [34mwaitFor[39m(() [33m=>[39m {
    [90m   | [39m          [31m^[39m
    [90m 99| [39m      [34mexpect[39m(screen[33m.[39m[34mgetByTestId[39
m([32m'asr-mode'[39m))[33m.[39m[34mtoBeDefined[39m()
    [90m100| [39m    })

[31m[2mÔÄ»ÔÄ»ÔÄ»ÔÄ»ÔÄ»ÔÄ»ÔÄ»ÔÄ»ÔÄ»ÔÄ»ÔÄ»ÔÄ»ÔÄ»ÔÄ»ÔÄ»ÔÄ»ÔÄ»ÔÄ»ÔÄ»ÔÄ»ÔÄ»ÔÄ»ÔÄ»Ô
Ä»[1/7]ÔÄ»[22m[39m

[41m[1m FAIL [22m[49m 
src/renderer/src/__tests__/SettingsScreen.test.tsx[2m > [22mSettingsScreen 
ÔÇö ASR provider selection[2m > [22mshows Deepgram (cloud) as the default 
ASR mode
[31m[1mTestingLibraryElementError[22m[39m: Unable to find an element by: 
[data-testid="asr-mode-deepgram"]

Ignored nodes: comments, script, style
[36m<body>[39m
  [36m<div>[39m
    [36m<main[39m
      [33mclass[39m=[32m"screen screen--settings"[39m
      [33mdata-testid[39m=[32m"screen-settings"[39m
    [36m>[39m
      [36m<header[39m
        [33mclass[39m=[32m"screen__header"[39m
      [36m>[39m
        [36m<h1[39m
          [33mclass[39m=[32m"screen__title"[39m
        [36m>[39m
          [0mInstellingen[0m
        [36m</h1>[39m
        [36m<p[39m
          [33mclass[39m=[32m"screen__subtitle"[39m
        [36m>[39m
          [0mKies providers, voer API-sleutels in en stel de taal in.[0m
        [36m</p>[39m
      [36m</header>[39m
      [36m<section[39m
        [33mclass[39m=[32m"screen__body settings-body"[39m
      [36m>[39m
        [36m<div[39m
          [33mclass[39m=[32m"provider-role-card"[39m
        [36m>[39m
          [36m<h2[39m
            [33mclass[39m=[32m"provider-role-card__title"[39m
          [36m>[39m
            [0mSpraakherkenning (ASR)[0m
          [36m</h2>[39m
          [36m<select[39m
            [33mclass[39m=[32m"provider-role-card__select"[39m
            [33mdata-testid[39m=[32m"asr-provider-select"[39m
          [36m>[39m
            [36m<optgroup[39m
              [33mlabel[39m=[32m"Op dit apparaat"[39m
            [36m>[39m
              [36m<option[39m
                [33mvalue[39m=[32m"local-parakeet"[39m
              [36m>[39m
                [0mLokaal[0m
                [0m ÔÇö Whisper, on-device[0m
              [36m</option>[39m
            [36m</optgroup>[39m
            [36m<optgroup[39m
              [33mlabel[39m=[32m"Cloud"[39m
            [36m>[39m
              [36m<option[39m
                [33mvalue[39m=[32m"deepgram"[39m
              [36m>[39m
                [0mDeepgram[0m
                [0m ÔÇö Deepgram[0m
              [36m</option>[39m
            [36m</optgroup>[39m
          [36m</select>[39m
          [36m<div[39m
            [33mclass[39m=[32m"provider-role-card__disclosure"[39m
          [36m>[39m
            [36m<p[39m
              [33mclass[39m=[32m"settings-disclosure"[39m
              [33mdata-testid[39m=[32m"asr-disclosure"[39m
            [36m>[39m
              [36m<span[39m
                [33mclass[39m=[32m"settings-disclosure__label"[39m
              [36m>[39m
                [0mAudiogegevens:[0m
              [36m</span>[39m
              [0m [0m
              [0mAudio wordt via Deepgram getranscribeerd; de audiostream 
verlaat het apparaat naar Deepgram.[0m
            [36m</p>[39m
          [36m</div>[39m
          [36m<div[39m
            [33mclass[39m=[32m"provider-role-card__config"[39m
            [33mdata-testid[39m=[32m"asr-provider-select-config"[39m
          [36m>[39m
            [36m<div[39m
              [33mclass[39m=[32m"form-group"[39m
            [36m>[39m
              [36m<label[39m
                [33mclass[39m=[32m"form-label"[39m
                [33mfor[39m=[32m"deepgram-key-input"[39m
              [36m>[39m
                [0mDeepgram API-sleutel[0m
              [36m</label>[39m
              [36m<p[39m
                [33mclass[39m=[32m"settings-key-missing"[39m
                [33mdata-testid[39m=[32m"deepgram-key-missing"[39m
                [33mrole[39m=[32m"alert"[39m
              [36m>[39m
                [0mGeen sleutel ingesteld. Vul je Deepgram API-sleutel in.[0m
              [36m</p>[39m
              [36m<div[39m
                [33mclass[39m=[32m"form-row"[39m
              [36m>[39m
                [36m<input[39m
                  [33mautocomplete[39m=[32m"off"[39m
                  [33mclass[39m=[32m"form-input"[39m
                  [33mdata-testid[39m=[32m"deepgram-key-input"[39m
                  [33mid[39m=[32m"deepgram-key-input"[39m
                  [33mplaceholder[39m=[32m"dg-..."[39m
                  [33mtype[39m=[32m"password"[39m
                  [33mvalue[39m=[32m""[39m
                [36m/>[39m
                [36m<button[39m
                  [33mclass[39m=[32m"btn btn--secondary"[39m
                  [33mdata-testid[39m=[32m"save-deepgram-key"[39m
                  [33mdisabled[39m=[32m""[39m
                  [33mtype[39m=[32m"button"[39m
                [36m>[39m
                  [0mOpslaan[0m
                [36m</button>[39m
              [36m</div>[39m
            [36m</div>[39m
          [36m</div>[39m
        [36m</div>[39m
        [36m<div[39m
          [33mclass[39m=[32m"provider-role-card"[39m
        [36m>[39m
          [36m<h2[39m
            [33mclass[39m=[32m"provider-role-card__title"[39m
          [36m>[39m
            [0mExtractieprovider (LLM)[0m
          [36m</h2>[39m
          [36m<select[39m
            [33mclass[39m=[32m"provider-role-card__select"[39m
            [33mdata-testid[39m=[32m"extraction-provider-select"[39m
          [36m>[39m
            [36m<optgroup[39m
              [33mlabel[39m=[32m"Cloud"[39m
            [36m>[39m
              [36m<option[39m
                [33mvalue[39m=[32m"anthropic"[39m
              [36m>[39m
                [0mAnthropic[0m
                [0m ÔÇö Cloud[0m
              [36m</option>[39m
              [36m<option[39m
                [33mvalue[39m=[32m"openai-compatible"[39m
              [36m>[39m
                [0mAangepast[0m
                [0m ÔÇö OpenAI-compatibel[0m
              [36m</option>[39m
            [36m</optgroup>[39m
          [36m</select>[39m
          [36m<div[39m
            [33mclass[39m=[32m"provider-role-card__disclosure"[39m
          [36m>[39m
            [36m<p[39m
              [33mclass[39m=[32m"settings-disclosure"[39m
              [33mdata-testid[39m=[32m"extraction-disclosure"[39m
            [36m>[39m
              [36m<span[39m
                [33mclass[39m=[32m"settings-disclosure__label"[39m
              [36m>[39m
                [0mTekstgegevens:[0m
              [36m</span>[39m
              [0m [0m
              [0mTranscripttekst wordt naar Anthropic gestuurd voor extractie 
van beslissingen en actiepunten.[0m
            [36m</p>[39m
          [36m</div>[39m
          [36m<div[39m
            [33mclass[39m=[32m"provider-role-card__config"[39m
            [33mdata-testid[39m=[32m"extraction-provider-select-config"[39m
          [36m>[39m
            [36m<div[39m
              [33mclass[39m=[32m"form-group"[39m
            [36m>[39m
              [36m<label[39m
                [33mclass[39m=[32m"form-label"[39m
                [33mfor[39m=[32m"anthropic-key-input"[39m
              [36m>[39m
                [0mAnthropic API-sleutel[0m
              [36m</label>[39m
              [36m<p[39m
                [33mclass[39m=[32m"settings-key-missing"[39m
                [33mdata-testid[39m=[32m"anthropic-key-missing"[39m
                [33mrole[39m=[32m"alert"[39m
              [36m>[39m
                [0mGeen sleutel ingesteld. Vul je Anthropic API-sleutel 
in.[0m
              [36m</p>[39m
              [36m<div[39m
                [33mclass[39m=[32m"form-row"[39m
              [36m>[39m
                [36m<input[39m
                  [33mautocomplete[39m=[32m"off"[39m
                  [33mclass[39m=[32m"form-input"[39m
                  [33mdata-testid[39m=[32m"anthropic-key-input"[39m
                  [33mid[39m=[32m"anthropic-key-input"[39m
                  [33mplaceholder[39m=[32m"sk-ant-..."[39m
                  [33mtype[39m=[32m"password"[39m
                  [33mvalue[39m=[32m""[39m
                [36m/>[39m
                [36m<button[39m
                  [33mclass[39m=[32m"btn btn--secondary"[39m
                  [33mdata-testid[39m=[32m"save-anthropic-key"[39m
                  [33mdisabled[39m=[32m""[39m
                  [33mtype[39m=[32m"button"[39m
                [36m>[39m
                  [0mOpslaan[0m
                [36m</button>[39m
              [36m</div>[39m
            [36m</div>[39m
          [36m</div>[39m
        [36m</div>[39m
        [36m<div[39m
          [33mclass[39m=[32m"settings-section"[39m
        [36m>[39m
          [36m<h2[39m
            [33mclass[39m=[32m"settings-section__heading"[39m
          [36m>[39m
            [0mVergadertaal[0m
          [36m</h2>[39m
          [36m<select[39m
            [33mclass[39m=[32m"settings-language-select"[39m
            [33mdata-testid[39m=[32m"language-select"[39m
          [36m>[39m
            [36m<option[39m
              [33mvalue[39m=[32m"nl"[39m
            [36m>[39m
              [0mNederlands[0m
            [36m</option>[39m
            [36m<option[39m
              [33mvalue[39m=[32m"en"[39m
            [36m>[39m
              [0mEnglish[0m
            [36m</option>[39m
          [36m</select>[39m
        [36m</div>[39m
      [36m</section>[39m
    [36m</main>[39m
  [36m</div>[39m
[36m</body>[39m

Ignored nodes: comments, script, style
[36m<html>[39m
  [36m<head />[39m
  [36m<body>[39m
    [36m<div>[39m
      [36m<main[39m
        [33mclass[39m=[32m"screen screen--settings"[39m
        [33mdata-testid[39m=[32m"screen-settings"[39m
      [36m>[39m
        [36m<header[39m
          [33mclass[39m=[32m"screen__header"[39m
        [36m>[39m
          [36m<h1[39m
            [33mclass[39m=[32m"screen__title"[39m
          [36m>[39m
            [0mInstellingen[0m
          [36m</h1>[39m
          [36m<p[39m
            [33mclass[39m=[32m"screen__subtitle"[39m
          [36m>[39m
            [0mKies providers, voer API-sleutels in en stel de taal in.[0m
          [36m</p>[39m
        [36m</header>[39m
        [36m<section[39m
          [33mclass[39m=[32m"screen__body settings-body"[39m
        [36m>[39m
          [36m<div[39m
            [33mclass[39m=[32m"provider-role-card"[39m
          [36m>[39m
            [36m<h2[39m
              [33mclass[39m=[32m"provider-role-card__title"[39m
            [36m>[39m
              [0mSpraakherkenning (ASR)[0m
            [36m</h2>[39m
            [36m<select[39m
              [33mclass[39m=[32m"provider-role-card__select"[39m
              [33mdata-testid[39m=[32m"asr-provider-select"[39m
            [36m>[39m
              [36m<optgroup[39m
                [33mlabel[39m=[32m"Op dit apparaat"[39m
              [36m>[39m
                [36m<option[39m
                  [33mvalue[39m=[32m"local-parakeet"[39m
                [36m>[39m
                  [0mLokaal[0m
                  [0m ÔÇö Whisper, on-device[0m
                [36m</option>[39m
              [36m</optgroup>[39m
              [36m<optgroup[39m
                [33mlabel[39m=[32m"Cloud"[39m
              [36m>[39m
                [36m<option[39m
                  [33mvalue[39m=[32m"deepgram"[39m
                [36m>[39m
                  [0mDeepgram[0m
                  [0m ÔÇö Deepgram[0m
                [36m</option>[39m
              [36m</optgroup>[39m
            [36m</select>[39m
            [36m<div[39m
              [33mclass[39m=[32m"provider-role-card__disclosure"[39m
            [36m>[39m
              [36m<p[39m
                [33mclass[39m=[32m"settings-disclosure"[39m
                [33mdata-testid[39m=[32m"asr-disclosure"[39m
              [36m>[39m
                [36m<span[39m
                  [33mclass[39m=[32m"settings-disclosure__label"[39m
                [36m>[39m
                  [0mAudiogegevens:[0m
                [36m</span>[39m
                [0m [0m
                [0mAudio wordt via Deepgram getranscribeerd; de audiostream 
verlaat het apparaat naar Deepgram.[0m
              [36m</p>[39m
            [36m</div>[39m
            [36m<div[39m
              [33mclass[39m=[32m"provider-role-card__config"[39m
              [33mdata-testid[39m=[32m"asr-provider-select-config"[39m
            [36m>[39m
              [36m<div[39m
                [33mclass[39m=[32m"form-group"[39m
              [36m>[39m
                [36m<label[39m
                  [33mclass[39m=[32m"form-label"[39m
                  [33mfor[39m=[32m"deepgram-key-input"[39m
                [36m>[39m
                  [0mDeepgram API-sleutel[0m
                [36m</label>[39m
                [36m<p[39m
                  [33mclass[39m=[32m"settings-key-missing"[39m
                  [33mdata-testid[39m=[32m"deepgram-key-missing"[39m
                  [33mrole[39m=[32m"alert"[39m
                [36m>[39m
                  [0mGeen sleutel ingesteld. Vul je Deepgram API-sleutel 
in.[0m
                [36m</p>[39m
                [36m<div[39m
                  [33mclass[39m=[32m"form-row"[39m
                [36m>[39m
                  [36m<input[39m
                    [33mautocomplete[39m=[32m"off"[39m
                    [33mclass[39m=[32m"form-input"[39m
                    [33mdata-testid[39m=[32m"deepgram-key-input"[39m
                    [33mid[39m=[32m"deepgram-key-input"[39m
                    [33mplaceholder[39m=[32m"dg-..."[39m
                    [33mtype[39m=[32m"password"[39m
                    [33mvalue[39m=[32m""[39m
                  [36m/>[39m
                  [36m<button[39m
                    [33mclass[39m=[32m"btn btn--secondary"[39m
                    [33mdata-testid[39m=[32m"save-deepgram-key"[39m
                    [33mdisabled[39m=[32m""[39m
                    [33mtype[39m=[32m"button"[39m
                  [36m>[39m
                    [0mOpslaan[0m
                  [36m</button>[39m
                [36m</div>[39m
              [36m</div>[39m
            [36m</div>[39m
          [36m</div>[39m
          [36m<div[39m
            [33mclass[39m=[32m"provider-role-card"[39m
          [36m>[39m
            [36m<h2[39m
              [33mclass[39m=[32m"provider-role-card__title"[39m
            [36m>[39m
              [0mExtractieprovider (LLM)[0m
            [36m</h2>[39m
            [36m<select[39m
              [33mclass[39m=[32m"provider-role-card__select"[39m
              [33mdata-testid[39m=[32m"extraction-provider-select"[39m
            [36m>[39m
              [36m<optgroup[39m
                [33mlabel[39m=[32m"Cloud"[39m
              [36m>[39m
                [36m<option[39m
                  [33mvalue[39m=[32m"anthropic"[39m
                [36m>[39m
                  [0mAnthropic[0m
                  [0m ÔÇö Cloud[0m
                [36m</option>[39m
                [36m<option[39m
                  [33mvalue[39m=[32m"openai-compatible"[39m
                [36m>[39m
                  [0mAangepast[0m
                  [0m ÔÇö OpenAI-compatibel[0m
                [36m</option>[39m
              [36m</optgroup>[39m
            [36m</select>[39m
            [36m<div[39m
              [33mclass[39m=[32m"provider-role-card__disclosure"[39m
            [36m>[39m
              [36m<p[39m
                [33mclass[39m=[32m"settings-disclosure"[39m
                [33mdata-testid[39m=[32m"extraction-disclosure"[39m
              [36m>[39m
                [36m<span[39m
                  [33mclass[39m=[32m"settings-disclosure__label"[39m
                [36m>[39m
                  [0mTekstgegevens:[0m
                [36m</span>[39m
                [0m [0m
                [0mTranscripttekst wordt naar Anthropic gestuurd voor 
extractie van beslissingen en actiepunten.[0m
              [36m</p>[39m
            [36m</div>[39m
            [36m<div[39m
              [33mclass[39m=[32m"provider-role-card__config"[39m
              
[33mdata-testid[39m=[32m"extraction-provider-select-config"[39m
            [36m>[39m
              [36m<div[39m
                [33mclass[39m=[32m"form-group"[39m
              [36m>[39m
                [36m<label[39m
                  [33mclass[39m=[32m"form-label"[39m
                  [33mfor[39m=[32m"anthropic-key-input"[39m
                [36m>[39m
                  [0mAnthropic API-sleutel[0m
                [36m</label>[39m
                [36m<p[39m
                  [33mclass[39m=[32m"settings-key-missing"[39m
                  [33mdata-testid[39m=[32m"anthropic-key-missing"[39m
                  [33mrole[39m=[32m"alert"[39m
                [36m>[39m
                  [0mGeen sleutel ingesteld. Vul je Anthropic API-sleutel 
in.[0m
                [36m</p>[39m
                [36m<div[39m
                  [33mclass[39m=[32m"form-row"[39m
                [36m>[39m
                  [36m<input[39m
                    [33mautocomplete[39m=[32m"off"[39m
                    [33mclass[39m=[32m"form-input"[39m
                    [33mdata-testid[39m=[32m"anthropic-key-input"[39m
                    [33mid[39m=[32m"anthropic-key-input"[39m
                    [33mplaceholder[39m=[32m"sk-ant-..."[39m
                    [33mtype[39m=[32m"password"[39m
                    [33mvalue[39m=[32m""[39m
                  [36m/>[39m
                  [36m<button[39m
                    [33mclass[39m=[32m"btn btn--secondary"[39m
                    [33mdata-testid[39m=[32m"save-anthropic-key"[39m
                    [33mdisabled[39m=[32m""[39m
                    [33mtype[39m=[32m"button"[39m
                  [36m>[39m
                    [0mOpslaan[0m
                  [36m</button>[39m
                [36m</div>[39m
              [36m</div>[39m
            [36m</div>[39m
          [36m</div>[39m
          [36m<div[39m
            [33mclass[39m=[32m"settings-section"[39m
          [36m>[39m
            [36m<h2[39m
              [33mclass[39m=[32m"settings-section__heading"[39m
            [36m>[39m
              [0mVergadertaal[0m
            [36m</h2>[39m
            [36m<select[39m
              [33mclass[39m=[32m"settings-language-select"[39m
              [33mdata-testid[39m=[32m"language-select"[39m
            [36m>[39m
              [36m<option[39m
                [33mvalue[39m=[32m"nl"[39m
              [36m>[39m
                [0mNederlands[0m
              [36m</option>[39m
              [36m<option[39m
                [33mvalue[39m=[32m"en"[39m
              [36m>[39m
                [0mEnglish[0m
              [36m</option>[39m
            [36m</select>[39m
          [36m</div>[39m
        [36m</section>[39m
      [36m</main>[39m
    [36m</div>[39m
  [36m</body>[39m
[36m</html>[39m
[90m [2mÔØ»[22m waitForWrapper 
node_modules/@testing-library/dom/dist/wait-for.js:[2m163:27[22m[39m
[36m [2mÔØ»[22m 
src/renderer/src/__tests__/SettingsScreen.test.tsx:[2m105:11[22m[39m
    [90m103| [39m  [34mit[39m([32m'shows Deepgram (cloud) as the default 
ASR mode'[39m[33m,[39m [35masync[39m () [33m=>[39m {
    [90m104| [39m    [34mrender[39m([33m<[39m[33mSettingsScreen[39m 
[33m/[39m[33m>[39m)
    [90m105| [39m    [35mawait[39m [34mwaitFor[39m(() [33m=>[39m {
    [90m   | [39m          [31m^[39m
    [90m106| [39m      [35mconst[39m cloud [33m=[39m 
screen[33m.[39m[34mgetByTestId[39m([32m'asr-mode-deepgram'[39m)
    [90m107| [39m      [34mexpect[39m(cloud[33m.[39mchecked)[33m.[39m[
34mtoBe[39m([35mtrue[39m)

[31m[2mÔÄ»ÔÄ»ÔÄ»ÔÄ»ÔÄ»ÔÄ»ÔÄ»ÔÄ»ÔÄ»ÔÄ»ÔÄ»ÔÄ»ÔÄ»ÔÄ»ÔÄ»ÔÄ»ÔÄ»ÔÄ»ÔÄ»ÔÄ»ÔÄ»ÔÄ»ÔÄ»Ô
Ä»[2/7]ÔÄ»[22m[39m

[41m[1m FAIL [22m[49m 
src/renderer/src/__tests__/SettingsScreen.test.tsx[2m > [22mSettingsScreen 
ÔÇö ASR provider selection[2m > [22moffers a local (on-device) option that 
is not disabled
[31m[1mTestingLibraryElementError[22m[39m: Unable to find an element by: 
[data-testid="asr-mode-local-parakeet"]

Ignored nodes: comments, script, style
[36m<body>[39m
  [36m<div>[39m
    [36m<main[39m
      [33mclass[39m=[32m"screen screen--settings"[39m
      [33mdata-testid[39m=[32m"screen-settings"[39m
    [36m>[39m
      [36m<header[39m
        [33mclass[39m=[32m"screen__header"[39m
      [36m>[39m
        [36m<h1[39m
          [33mclass[39m=[32m"screen__title"[39m
        [36m>[39m
          [0mInstellingen[0m
        [36m</h1>[39m
        [36m<p[39m
          [33mclass[39m=[32m"screen__subtitle"[39m
        [36m>[39m
          [0mKies providers, voer API-sleutels in en stel de taal in.[0m
        [36m</p>[39m
      [36m</header>[39m
      [36m<section[39m
        [33mclass[39m=[32m"screen__body settings-body"[39m
      [36m>[39m
        [36m<div[39m
          [33mclass[39m=[32m"provider-role-card"[39m
        [36m>[39m
          [36m<h2[39m
            [33mclass[39m=[32m"provider-role-card__title"[39m
          [36m>[39m
            [0mSpraakherkenning (ASR)[0m
          [36m</h2>[39m
          [36m<select[39m
            [33mclass[39m=[32m"provider-role-card__select"[39m
            [33mdata-testid[39m=[32m"asr-provider-select"[39m
          [36m>[39m
            [36m<optgroup[39m
              [33mlabel[39m=[32m"Op dit apparaat"[39m
            [36m>[39m
              [36m<option[39m
                [33mvalue[39m=[32m"local-parakeet"[39m
              [36m>[39m
                [0mLokaal[0m
                [0m ÔÇö Whisper, on-device[0m
              [36m</option>[39m
            [36m</optgroup>[39m
            [36m<optgroup[39m
              [33mlabel[39m=[32m"Cloud"[39m
            [36m>[39m
              [36m<option[39m
                [33mvalue[39m=[32m"deepgram"[39m
              [36m>[39m
                [0mDeepgram[0m
                [0m ÔÇö Deepgram[0m
              [36m</option>[39m
            [36m</optgroup>[39m
          [36m</select>[39m
          [36m<div[39m
            [33mclass[39m=[32m"provider-role-card__disclosure"[39m
          [36m>[39m
            [36m<p[39m
              [33mclass[39m=[32m"settings-disclosure"[39m
              [33mdata-testid[39m=[32m"asr-disclosure"[39m
            [36m>[39m
              [36m<span[39m
                [33mclass[39m=[32m"settings-disclosure__label"[39m
              [36m>[39m
                [0mAudiogegevens:[0m
              [36m</span>[39m
              [0m [0m
              [0mAudio wordt via Deepgram getranscribeerd; de audiostream 
verlaat het apparaat naar Deepgram.[0m
            [36m</p>[39m
          [36m</div>[39m
          [36m<div[39m
            [33mclass[39m=[32m"provider-role-card__config"[39m
            [33mdata-testid[39m=[32m"asr-provider-select-config"[39m
          [36m>[39m
            [36m<div[39m
              [33mclass[39m=[32m"form-group"[39m
            [36m>[39m
              [36m<label[39m
                [33mclass[39m=[32m"form-label"[39m
                [33mfor[39m=[32m"deepgram-key-input"[39m
              [36m>[39m
                [0mDeepgram API-sleutel[0m
              [36m</label>[39m
              [36m<p[39m
                [33mclass[39m=[32m"settings-key-missing"[39m
                [33mdata-testid[39m=[32m"deepgram-key-missing"[39m
                [33mrole[39m=[32m"alert"[39m
              [36m>[39m
                [0mGeen sleutel ingesteld. Vul je Deepgram API-sleutel in.[0m
              [36m</p>[39m
              [36m<div[39m
                [33mclass[39m=[32m"form-row"[39m
              [36m>[39m
                [36m<input[39m
                  [33mautocomplete[39m=[32m"off"[39m
                  [33mclass[39m=[32m"form-input"[39m
                  [33mdata-testid[39m=[32m"deepgram-key-input"[39m
                  [33mid[39m=[32m"deepgram-key-input"[39m
                  [33mplaceholder[39m=[32m"dg-..."[39m
                  [33mtype[39m=[32m"password"[39m
                  [33mvalue[39m=[32m""[39m
                [36m/>[39m
                [36m<button[39m
                  [33mclass[39m=[32m"btn btn--secondary"[39m
                  [33mdata-testid[39m=[32m"save-deepgram-key"[39m
                  [33mdisabled[39m=[32m""[39m
                  [33mtype[39m=[32m"button"[39m
                [36m>[39m
                  [0mOpslaan[0m
                [36m</button>[39m
              [36m</div>[39m
            [36m</div>[39m
          [36m</div>[39m
        [36m</div>[39m
        [36m<div[39m
          [33mclass[39m=[32m"provider-role-card"[39m
        [36m>[39m
          [36m<h2[39m
            [33mclass[39m=[32m"provider-role-card__title"[39m
          [36m>[39m
            [0mExtractieprovider (LLM)[0m
          [36m</h2>[39m
          [36m<select[39m
            [33mclass[39m=[32m"provider-role-card__select"[39m
            [33mdata-testid[39m=[32m"extraction-provider-select"[39m
          [36m>[39m
            [36m<optgroup[39m
              [33mlabel[39m=[32m"Cloud"[39m
            [36m>[39m
              [36m<option[39m
                [33mvalue[39m=[32m"anthropic"[39m
              [36m>[39m
                [0mAnthropic[0m
                [0m ÔÇö Cloud[0m
              [36m</option>[39m
              [36m<option[39m
                [33mvalue[39m=[32m"openai-compatible"[39m
              [36m>[39m
                [0mAangepast[0m
                [0m ÔÇö OpenAI-compatibel[0m
              [36m</option>[39m
            [36m</optgroup>[39m
          [36m</select>[39m
          [36m<div[39m
            [33mclass[39m=[32m"provider-role-card__disclosure"[39m
          [36m>[39m
            [36m<p[39m
              [33mclass[39m=[32m"settings-disclosure"[39m
              [33mdata-testid[39m=[32m"extraction-disclosure"[39m
            [36m>[39m
              [36m<span[39m
                [33mclass[39m=[32m"settings-disclosure__label"[39m
              [36m>[39m
                [0mTekstgegevens:[0m
              [36m</span>[39m
              [0m [0m
              [0mTranscripttekst wordt naar Anthropic gestuurd voor extractie 
van beslissingen en actiepunten.[0m
            [36m</p>[39m
          [36m</div>[39m
          [36m<div[39m
            [33mclass[39m=[32m"provider-role-card__config"[39m
            [33mdata-testid[39m=[32m"extraction-provider-select-config"[39m
          [36m>[39m
            [36m<div[39m
              [33mclass[39m=[32m"form-group"[39m
            [36m>[39m
              [36m<label[39m
                [33mclass[39m=[32m"form-label"[39m
                [33mfor[39m=[32m"anthropic-key-input"[39m
              [36m>[39m
                [0mAnthropic API-sleutel[0m
              [36m</label>[39m
              [36m<p[39m
                [33mclass[39m=[32m"settings-key-missing"[39m
                [33mdata-testid[39m=[32m"anthropic-key-missing"[39m
                [33mrole[39m=[32m"alert"[39m
              [36m>[39m
                [0mGeen sleutel ingesteld. Vul je Anthropic API-sleutel 
in.[0m
              [36m</p>[39m
              [36m<div[39m
                [33mclass[39m=[32m"form-row"[39m
              [36m>[39m
                [36m<input[39m
                  [33mautocomplete[39m=[32m"off"[39m
                  [33mclass[39m=[32m"form-input"[39m
                  [33mdata-testid[39m=[32m"anthropic-key-input"[39m
                  [33mid[39m=[32m"anthropic-key-input"[39m
                  [33mplaceholder[39m=[32m"sk-ant-..."[39m
                  [33mtype[39m=[32m"password"[39m
                  [33mvalue[39m=[32m""[39m
                [36m/>[39m
                [36m<button[39m
                  [33mclass[39m=[32m"btn btn--secondary"[39m
                  [33mdata-testid[39m=[32m"save-anthropic-key"[39m
                  [33mdisabled[39m=[32m""[39m
                  [33mtype[39m=[32m"button"[39m
                [36m>[39m
                  [0mOpslaan[0m
                [36m</button>[39m
              [36m</div>[39m
            [36m</div>[39m
          [36m</div>[39m
        [36m</div>[39m
        [36m<div[39m
          [33mclass[39m=[32m"settings-section"[39m
        [36m>[39m
          [36m<h2[39m
            [33mclass[39m=[32m"settings-section__heading"[39m
          [36m>[39m
            [0mVergadertaal[0m
          [36m</h2>[39m
          [36m<select[39m
            [33mclass[39m=[32m"settings-language-select"[39m
            [33mdata-testid[39m=[32m"language-select"[39m
          [36m>[39m
            [36m<option[39m
              [33mvalue[39m=[32m"nl"[39m
            [36m>[39m
              [0mNederlands[0m
            [36m</option>[39m
            [36m<option[39m
              [33mvalue[39m=[32m"en"[39m
            [36m>[39m
              [0mEnglish[0m
            [36m</option>[39m
          [36m</select>[39m
        [36m</div>[39m
      [36m</section>[39m
    [36m</main>[39m
  [36m</div>[39m
[36m</body>[39m

Ignored nodes: comments, script, style
[36m<html>[39m
  [36m<head />[39m
  [36m<body>[39m
    [36m<div>[39m
      [36m<main[39m
        [33mclass[39m=[32m"screen screen--settings"[39m
        [33mdata-testid[39m=[32m"screen-settings"[39m
      [36m>[39m
        [36m<header[39m
          [33mclass[39m=[32m"screen__header"[39m
        [36m>[39m
          [36m<h1[39m
            [33mclass[39m=[32m"screen__title"[39m
          [36m>[39m
            [0mInstellingen[0m
          [36m</h1>[39m
          [36m<p[39m
            [33mclass[39m=[32m"screen__subtitle"[39m
          [36m>[39m
            [0mKies providers, voer API-sleutels in en stel de taal in.[0m
          [36m</p>[39m
        [36m</header>[39m
        [36m<section[39m
          [33mclass[39m=[32m"screen__body settings-body"[39m
        [36m>[39m
          [36m<div[39m
            [33mclass[39m=[32m"provider-role-card"[39m
          [36m>[39m
            [36m<h2[39m
              [33mclass[39m=[32m"provider-role-card__title"[39m
            [36m>[39m
              [0mSpraakherkenning (ASR)[0m
            [36m</h2>[39m
            [36m<select[39m
              [33mclass[39m=[32m"provider-role-card__select"[39m
              [33mdata-testid[39m=[32m"asr-provider-select"[39m
            [36m>[39m
              [36m<optgroup[39m
                [33mlabel[39m=[32m"Op dit apparaat"[39m
              [36m>[39m
                [36m<option[39m
                  [33mvalue[39m=[32m"local-parakeet"[39m
                [36m>[39m
                  [0mLokaal[0m
                  [0m ÔÇö Whisper, on-device[0m
                [36m</option>[39m
              [36m</optgroup>[39m
              [36m<optgroup[39m
                [33mlabel[39m=[32m"Cloud"[39m
              [36m>[39m
                [36m<option[39m
                  [33mvalue[39m=[32m"deepgram"[39m
                [36m>[39m
                  [0mDeepgram[0m
                  [0m ÔÇö Deepgram[0m
                [36m</option>[39m
              [36m</optgroup>[39m
            [36m</select>[39m
            [36m<div[39m
              [33mclass[39m=[32m"provider-role-card__disclosure"[39m
            [36m>[39m
              [36m<p[39m
                [33mclass[39m=[32m"settings-disclosure"[39m
                [33mdata-testid[39m=[32m"asr-disclosure"[39m
              [36m>[39m
                [36m<span[39m
                  [33mclass[39m=[32m"settings-disclosure__label"[39m
                [36m>[39m
                  [0mAudiogegevens:[0m
                [36m</span>[39m
                [0m [0m
                [0mAudio wordt via Deepgram getranscribeerd; de audiostream 
verlaat het apparaat naar Deepgram.[0m
              [36m</p>[39m
            [36m</div>[39m
            [36m<div[39m
              [33mclass[39m=[32m"provider-role-card__config"[39m
              [33mdata-testid[39m=[32m"asr-provider-select-config"[39m
            [36m>[39m
              [36m<div[39m
                [33mclass[39m=[32m"form-group"[39m
              [36m>[39m
                [36m<label[39m
                  [33mclass[39m=[32m"form-label"[39m
                  [33mfor[39m=[32m"deepgram-key-input"[39m
                [36m>[39m
                  [0mDeepgram API-sleutel[0m
                [36m</label>[39m
                [36m<p[39m
                  [33mclass[39m=[32m"settings-key-missing"[39m
                  [33mdata-testid[39m=[32m"deepgram-key-missing"[39m
                  [33mrole[39m=[32m"alert"[39m
                [36m>[39m
                  [0mGeen sleutel ingesteld. Vul je Deepgram API-sleutel 
in.[0m
                [36m</p>[39m
                [36m<div[39m
                  [33mclass[39m=[32m"form-row"[39m
                [36m>[39m
                  [36m<input[39m
                    [33mautocomplete[39m=[32m"off"[39m
                    [33mclass[39m=[32m"form-input"[39m
                    [33mdata-testid[39m=[32m"deepgram-key-input"[39m
                    [33mid[39m=[32m"deepgram-key-input"[39m
                    [33mplaceholder[39m=[32m"dg-..."[39m
                    [33mtype[39m=[32m"password"[39m
                    [33mvalue[39m=[32m""[39m
                  [36m/>[39m
                  [36m<button[39m
                    [33mclass[39m=[32m"btn btn--secondary"[39m
                    [33mdata-testid[39m=[32m"save-deepgram-key"[39m
                    [33mdisabled[39m=[32m""[39m
                    [33mtype[39m=[32m"button"[39m
                  [36m>[39m
                    [0mOpslaan[0m
                  [36m</button>[39m
                [36m</div>[39m
              [36m</div>[39m
            [36m</div>[39m
          [36m</div>[39m
          [36m<div[39m
            [33mclass[39m=[32m"provider-role-card"[39m
          [36m>[39m
            [36m<h2[39m
              [33mclass[39m=[32m"provider-role-card__title"[39m
            [36m>[39m
              [0mExtractieprovider (LLM)[0m
            [36m</h2>[39m
            [36m<select[39m
              [33mclass[39m=[32m"provider-role-card__select"[39m
              [33mdata-testid[39m=[32m"extraction-provider-select"[39m
            [36m>[39m
              [36m<optgroup[39m
                [33mlabel[39m=[32m"Cloud"[39m
              [36m>[39m
                [36m<option[39m
                  [33mvalue[39m=[32m"anthropic"[39m
                [36m>[39m
                  [0mAnthropic[0m
                  [0m ÔÇö Cloud[0m
                [36m</option>[39m
                [36m<option[39m
                  [33mvalue[39m=[32m"openai-compatible"[39m
                [36m>[39m
                  [0mAangepast[0m
                  [0m ÔÇö OpenAI-compatibel[0m
                [36m</option>[39m
              [36m</optgroup>[39m
            [36m</select>[39m
            [36m<div[39m
              [33mclass[39m=[32m"provider-role-card__disclosure"[39m
            [36m>[39m
              [36m<p[39m
                [33mclass[39m=[32m"settings-disclosure"[39m
                [33mdata-testid[39m=[32m"extraction-disclosure"[39m
              [36m>[39m
                [36m<span[39m
                  [33mclass[39m=[32m"settings-disclosure__label"[39m
                [36m>[39m
                  [0mTekstgegevens:[0m
                [36m</span>[39m
                [0m [0m
                [0mTranscripttekst wordt naar Anthropic gestuurd voor 
extractie van beslissingen en actiepunten.[0m
              [36m</p>[39m
            [36m</div>[39m
            [36m<div[39m
              [33mclass[39m=[32m"provider-role-card__config"[39m
              
[33mdata-testid[39m=[32m"extraction-provider-select-config"[39m
            [36m>[39m
              [36m<div[39m
                [33mclass[39m=[32m"form-group"[39m
              [36m>[39m
                [36m<label[39m
                  [33mclass[39m=[32m"form-label"[39m
                  [33mfor[39m=[32m"anthropic-key-input"[39m
                [36m>[39m
                  [0mAnthropic API-sleutel[0m
                [36m</label>[39m
                [36m<p[39m
                  [33mclass[39m=[32m"settings-key-missing"[39m
                  [33mdata-testid[39m=[32m"anthropic-key-missing"[39m
                  [33mrole[39m=[32m"alert"[39m
                [36m>[39m
                  [0mGeen sleutel ingesteld. Vul je Anthropic API-sleutel 
in.[0m
                [36m</p>[39m
                [36m<div[39m
                  [33mclass[39m=[32m"form-row"[39m
                [36m>[39m
                  [36m<input[39m
                    [33mautocomplete[39m=[32m"off"[39m
                    [33mclass[39m=[32m"form-input"[39m
                    [33mdata-testid[39m=[32m"anthropic-key-input"[39m
                    [33mid[39m=[32m"anthropic-key-input"[39m
                    [33mplaceholder[39m=[32m"sk-ant-..."[39m
                    [33mtype[39m=[32m"password"[39m
                    [33mvalue[39m=[32m""[39m
                  [36m/>[39m
                  [36m<button[39m
                    [33mclass[39m=[32m"btn btn--secondary"[39m
                    [33mdata-testid[39m=[32m"save-anthropic-key"[39m
                    [33mdisabled[39m=[32m""[39m
                    [33mtype[39m=[32m"button"[39m
                  [36m>[39m
                    [0mOpslaan[0m
                  [36m</button>[39m
                [36m</div>[39m
              [36m</div>[39m
            [36m</div>[39m
          [36m</div>[39m
          [36m<div[39m
            [33mclass[39m=[32m"settings-section"[39m
          [36m>[39m
            [36m<h2[39m
              [33mclass[39m=[32m"settings-section__heading"[39m
            [36m>[39m
              [0mVergadertaal[0m
            [36m</h2>[39m
            [36m<select[39m
              [33mclass[39m=[32m"settings-language-select"[39m
              [33mdata-testid[39m=[32m"language-select"[39m
            [36m>[39m
              [36m<option[39m
                [33mvalue[39m=[32m"nl"[39m
              [36m>[39m
                [0mNederlands[0m
              [36m</option>[39m
              [36m<option[39m
                [33mvalue[39m=[32m"en"[39m
              [36m>[39m
                [0mEnglish[0m
              [36m</option>[39m
            [36m</select>[39m
          [36m</div>[39m
        [36m</section>[39m
      [36m</main>[39m
    [36m</div>[39m
  [36m</body>[39m
[36m</html>[39m
[90m [2mÔØ»[22m waitForWrapper 
node_modules/@testing-library/dom/dist/wait-for.js:[2m163:27[22m[39m
[36m [2mÔØ»[22m 
src/renderer/src/__tests__/SettingsScreen.test.tsx:[2m113:11[22m[39m
    [90m111| [39m  it('offers a local (on-device) option that is not 
disabled', async (ÔÇª
    [90m112| [39m    [34mrender[39m([33m<[39m[33mSettingsScreen[39m 
[33m/[39m[33m>[39m)
    [90m113| [39m    [35mawait[39m [34mwaitFor[39m(() [33m=>[39m {
    [90m   | [39m          [31m^[39m
    [90m114| [39m      [35mconst[39m local [33m=[39m 
screen[33m.[39m[34mgetByTestId[39m([32m'asr-mode-local-parakeet'[39m)
    [90m115| [39m      
[34mexpect[39m(local)[33m.[39m[34mtoBeDefined[39m()

[31m[2mÔÄ»ÔÄ»ÔÄ»ÔÄ»ÔÄ»ÔÄ»ÔÄ»ÔÄ»ÔÄ»ÔÄ»ÔÄ»ÔÄ»ÔÄ»ÔÄ»ÔÄ»ÔÄ»ÔÄ»ÔÄ»ÔÄ»ÔÄ»ÔÄ»ÔÄ»ÔÄ»Ô
Ä»[3/7]ÔÄ»[22m[39m

[41m[1m FAIL [22m[49m 
src/renderer/src/__tests__/SettingsScreen.test.tsx[2m > [22mSettingsScreen 
ÔÇö ASR provider selection[2m > [22mpersists the ASR provider via 
settings:set when the local mode is selected
[31m[1mTestingLibraryElementError[22m[39m: Unable to find an element by: 
[data-testid="asr-mode-local-parakeet"]

Ignored nodes: comments, script, style
[36m<body>[39m
  [36m<div>[39m
    [36m<main[39m
      [33mclass[39m=[32m"screen screen--settings"[39m
      [33mdata-testid[39m=[32m"screen-settings"[39m
    [36m>[39m
      [36m<header[39m
        [33mclass[39m=[32m"screen__header"[39m
      [36m>[39m
        [36m<h1[39m
          [33mclass[39m=[32m"screen__title"[39m
        [36m>[39m
          [0mInstellingen[0m
        [36m</h1>[39m
        [36m<p[39m
          [33mclass[39m=[32m"screen__subtitle"[39m
        [36m>[39m
          [0mKies providers, voer API-sleutels in en stel de taal in.[0m
        [36m</p>[39m
      [36m</header>[39m
      [36m<section[39m
        [33mclass[39m=[32m"screen__body settings-body"[39m
      [36m>[39m
        [36m<div[39m
          [33mclass[39m=[32m"provider-role-card"[39m
        [36m>[39m
          [36m<h2[39m
            [33mclass[39m=[32m"provider-role-card__title"[39m
          [36m>[39m
            [0mSpraakherkenning (ASR)[0m
          [36m</h2>[39m
          [36m<select[39m
            [33mclass[39m=[32m"provider-role-card__select"[39m
            [33mdata-testid[39m=[32m"asr-provider-select"[39m
          [36m>[39m
            [36m<optgroup[39m
              [33mlabel[39m=[32m"Op dit apparaat"[39m
            [36m>[39m
              [36m<option[39m
                [33mvalue[39m=[32m"local-parakeet"[39m
              [36m>[39m
                [0mLokaal[0m
                [0m ÔÇö Whisper, on-device[0m
              [36m</option>[39m
            [36m</optgroup>[39m
            [36m<optgroup[39m
              [33mlabel[39m=[32m"Cloud"[39m
            [36m>[39m
              [36m<option[39m
                [33mvalue[39m=[32m"deepgram"[39m
              [36m>[39m
                [0mDeepgram[0m
                [0m ÔÇö Deepgram[0m
              [36m</option>[39m
            [36m</optgroup>[39m
          [36m</select>[39m
          [36m<div[39m
            [33mclass[39m=[32m"provider-role-card__disclosure"[39m
          [36m>[39m
            [36m<p[39m
              [33mclass[39m=[32m"settings-disclosure"[39m
              [33mdata-testid[39m=[32m"asr-disclosure"[39m
            [36m>[39m
              [36m<span[39m
                [33mclass[39m=[32m"settings-disclosure__label"[39m
              [36m>[39m
                [0mAudiogegevens:[0m
              [36m</span>[39m
              [0m [0m
              [0mAudio wordt via Deepgram getranscribeerd; de audiostream 
verlaat het apparaat naar Deepgram.[0m
            [36m</p>[39m
          [36m</div>[39m
          [36m<div[39m
            [33mclass[39m=[32m"provider-role-card__config"[39m
            [33mdata-testid[39m=[32m"asr-provider-select-config"[39m
          [36m>[39m
            [36m<div[39m
              [33mclass[39m=[32m"form-group"[39m
            [36m>[39m
              [36m<label[39m
                [33mclass[39m=[32m"form-label"[39m
                [33mfor[39m=[32m"deepgram-key-input"[39m
              [36m>[39m
                [0mDeepgram API-sleutel[0m
              [36m</label>[39m
              [36m<p[39m
                [33mclass[39m=[32m"settings-key-missing"[39m
                [33mdata-testid[39m=[32m"deepgram-key-missing"[39m
                [33mrole[39m=[32m"alert"[39m
              [36m>[39m
                [0mGeen sleutel ingesteld. Vul je Deepgram API-sleutel in.[0m
              [36m</p>[39m
              [36m<div[39m
                [33mclass[39m=[32m"form-row"[39m
              [36m>[39m
                [36m<input[39m
                  [33mautocomplete[39m=[32m"off"[39m
                  [33mclass[39m=[32m"form-input"[39m
                  [33mdata-testid[39m=[32m"deepgram-key-input"[39m
                  [33mid[39m=[32m"deepgram-key-input"[39m
                  [33mplaceholder[39m=[32m"dg-..."[39m
                  [33mtype[39m=[32m"password"[39m
                  [33mvalue[39m=[32m""[39m
                [36m/>[39m
                [36m<button[39m
                  [33mclass[39m=[32m"btn btn--secondary"[39m
                  [33mdata-testid[39m=[32m"save-deepgram-key"[39m
                  [33mdisabled[39m=[32m""[39m
                  [33mtype[39m=[32m"button"[39m
                [36m>[39m
                  [0mOpslaan[0m
                [36m</button>[39m
              [36m</div>[39m
            [36m</div>[39m
          [36m</div>[39m
        [36m</div>[39m
        [36m<div[39m
          [33mclass[39m=[32m"provider-role-card"[39m
        [36m>[39m
          [36m<h2[39m
            [33mclass[39m=[32m"provider-role-card__title"[39m
          [36m>[39m
            [0mExtractieprovider (LLM)[0m
          [36m</h2>[39m
          [36m<select[39m
            [33mclass[39m=[32m"provider-role-card__select"[39m
            [33mdata-testid[39m=[32m"extraction-provider-select"[39m
          [36m>[39m
            [36m<optgroup[39m
              [33mlabel[39m=[32m"Cloud"[39m
            [36m>[39m
              [36m<option[39m
                [33mvalue[39m=[32m"anthropic"[39m
              [36m>[39m
                [0mAnthropic[0m
                [0m ÔÇö Cloud[0m
              [36m</option>[39m
              [36m<option[39m
                [33mvalue[39m=[32m"openai-compatible"[39m
              [36m>[39m
                [0mAangepast[0m
                [0m ÔÇö OpenAI-compatibel[0m
              [36m</option>[39m
            [36m</optgroup>[39m
          [36m</select>[39m
          [36m<div[39m
            [33mclass[39m=[32m"provider-role-card__disclosure"[39m
          [36m>[39m
            [36m<p[39m
              [33mclass[39m=[32m"settings-disclosure"[39m
              [33mdata-testid[39m=[32m"extraction-disclosure"[39m
            [36m>[39m
              [36m<span[39m
                [33mclass[39m=[32m"settings-disclosure__label"[39m
              [36m>[39m
                [0mTekstgegevens:[0m
              [36m</span>[39m
              [0m [0m
              [0mTranscripttekst wordt naar Anthropic gestuurd voor extractie 
van beslissingen en actiepunten.[0m
            [36m</p>[39m
          [36m</div>[39m
          [36m<div[39m
            [33mclass[39m=[32m"provider-role-card__config"[39m
            [33mdata-testid[39m=[32m"extraction-provider-select-config"[39m
          [36m>[39m
            [36m<div[39m
              [33mclass[39m=[32m"form-group"[39m
            [36m>[39m
              [36m<label[39m
                [33mclass[39m=[32m"form-label"[39m
                [33mfor[39m=[32m"anthropic-key-input"[39m
              [36m>[39m
                [0mAnthropic API-sleutel[0m
              [36m</label>[39m
              [36m<p[39m
                [33mclass[39m=[32m"settings-key-missing"[39m
                [33mdata-testid[39m=[32m"anthropic-key-missing"[39m
                [33mrole[39m=[32m"alert"[39m
              [36m>[39m
                [0mGeen sleutel ingesteld. Vul je Anthropic API-sleutel 
in.[0m
              [36m</p>[39m
              [36m<div[39m
                [33mclass[39m=[32m"form-row"[39m
              [36m>[39m
                [36m<input[39m
                  [33mautocomplete[39m=[32m"off"[39m
                  [33mclass[39m=[32m"form-input"[39m
                  [33mdata-testid[39m=[32m"anthropic-key-input"[39m
                  [33mid[39m=[32m"anthropic-key-input"[39m
                  [33mplaceholder[39m=[32m"sk-ant-..."[39m
                  [33mtype[39m=[32m"password"[39m
                  [33mvalue[39m=[32m""[39m
                [36m/>[39m
                [36m<button[39m
                  [33mclass[39m=[32m"btn btn--secondary"[39m
                  [33mdata-testid[39m=[32m"save-anthropic-key"[39m
                  [33mdisabled[39m=[32m""[39m
                  [33mtype[39m=[32m"button"[39m
                [36m>[39m
                  [0mOpslaan[0m
                [36m</button>[39m
              [36m</div>[39m
            [36m</div>[39m
          [36m</div>[39m
        [36m</div>[39m
        [36m<div[39m
          [33mclass[39m=[32m"settings-section"[39m
        [36m>[39m
          [36m<h2[39m
            [33mclass[39m=[32m"settings-section__heading"[39m
          [36m>[39m
            [0mVergadertaal[0m
          [36m</h2>[39m
          [36m<select[39m
            [33mclass[39m=[32m"settings-language-select"[39m
            [33mdata-testid[39m=[32m"language-select"[39m
          [36m>[39m
            [36m<option[39m
              [33mvalue[39m=[32m"nl"[39m
            [36m>[39m
              [0mNederlands[0m
            [36m</option>[39m
            [36m<option[39m
              [33mvalue[39m=[32m"en"[39m
            [36m>[39m
              [0mEnglish[0m
            [36m</option>[39m
          [36m</select>[39m
        [36m</div>[39m
      [36m</section>[39m
    [36m</main>[39m
  [36m</div>[39m
[36m</body>[39m

Ignored nodes: comments, script, style
[36m<html>[39m
  [36m<head />[39m
  [36m<body>[39m
    [36m<div>[39m
      [36m<main[39m
        [33mclass[39m=[32m"screen screen--settings"[39m
        [33mdata-testid[39m=[32m"screen-settings"[39m
      [36m>[39m
        [36m<header[39m
          [33mclass[39m=[32m"screen__header"[39m
        [36m>[39m
          [36m<h1[39m
            [33mclass[39m=[32m"screen__title"[39m
          [36m>[39m
            [0mInstellingen[0m
          [36m</h1>[39m
          [36m<p[39m
            [33mclass[39m=[32m"screen__subtitle"[39m
          [36m>[39m
            [0mKies providers, voer API-sleutels in en stel de taal in.[0m
          [36m</p>[39m
        [36m</header>[39m
        [36m<section[39m
          [33mclass[39m=[32m"screen__body settings-body"[39m
        [36m>[39m
          [36m<div[39m
            [33mclass[39m=[32m"provider-role-card"[39m
          [36m>[39m
            [36m<h2[39m
              [33mclass[39m=[32m"provider-role-card__title"[39m
            [36m>[39m
              [0mSpraakherkenning (ASR)[0m
            [36m</h2>[39m
            [36m<select[39m
              [33mclass[39m=[32m"provider-role-card__select"[39m
              [33mdata-testid[39m=[32m"asr-provider-select"[39m
            [36m>[39m
              [36m<optgroup[39m
                [33mlabel[39m=[32m"Op dit apparaat"[39m
              [36m>[39m
                [36m<option[39m
                  [33mvalue[39m=[32m"local-parakeet"[39m
                [36m>[39m
                  [0mLokaal[0m
                  [0m ÔÇö Whisper, on-device[0m
                [36m</option>[39m
              [36m</optgroup>[39m
              [36m<optgroup[39m
                [33mlabel[39m=[32m"Cloud"[39m
              [36m>[39m
                [36m<option[39m
                  [33mvalue[39m=[32m"deepgram"[39m
                [36m>[39m
                  [0mDeepgram[0m
                  [0m ÔÇö Deepgram[0m
                [36m</option>[39m
              [36m</optgroup>[39m
            [36m</select>[39m
            [36m<div[39m
              [33mclass[39m=[32m"provider-role-card__disclosure"[39m
            [36m>[39m
              [36m<p[39m
                [33mclass[39m=[32m"settings-disclosure"[39m
                [33mdata-testid[39m=[32m"asr-disclosure"[39m
              [36m>[39m
                [36m<span[39m
                  [33mclass[39m=[32m"settings-disclosure__label"[39m
                [36m>[39m
                  [0mAudiogegevens:[0m
                [36m</span>[39m
                [0m [0m
                [0mAudio wordt via Deepgram getranscribeerd; de audiostream 
verlaat het apparaat naar Deepgram.[0m
              [36m</p>[39m
            [36m</div>[39m
            [36m<div[39m
              [33mclass[39m=[32m"provider-role-card__config"[39m
              [33mdata-testid[39m=[32m"asr-provider-select-config"[39m
            [36m>[39m
              [36m<div[39m
                [33mclass[39m=[32m"form-group"[39m
              [36m>[39m
                [36m<label[39m
                  [33mclass[39m=[32m"form-label"[39m
                  [33mfor[39m=[32m"deepgram-key-input"[39m
                [36m>[39m
                  [0mDeepgram API-sleutel[0m
                [36m</label>[39m
                [36m<p[39m
                  [33mclass[39m=[32m"settings-key-missing"[39m
                  [33mdata-testid[39m=[32m"deepgram-key-missing"[39m
                  [33mrole[39m=[32m"alert"[39m
                [36m>[39m
                  [0mGeen sleutel ingesteld. Vul je Deepgram API-sleutel 
in.[0m
                [36m</p>[39m
                [36m<div[39m
                  [33mclass[39m=[32m"form-row"[39m
                [36m>[39m
                  [36m<input[39m
                    [33mautocomplete[39m=[32m"off"[39m
                    [33mclass[39m=[32m"form-input"[39m
                    [33mdata-testid[39m=[32m"deepgram-key-input"[39m
                    [33mid[39m=[32m"deepgram-key-input"[39m
                    [33mplaceholder[39m=[32m"dg-..."[39m
                    [33mtype[39m=[32m"password"[39m
                    [33mvalue[39m=[32m""[39m
                  [36m/>[39m
                  [36m<button[39m
                    [33mclass[39m=[32m"btn btn--secondary"[39m
                    [33mdata-testid[39m=[32m"save-deepgram-key"[39m
                    [33mdisabled[39m=[32m""[39m
                    [33mtype[39m=[32m"button"[39m
                  [36m>[39m
                    [0mOpslaan[0m
                  [36m</button>[39m
                [36m</div>[39m
              [36m</div>[39m
            [36m</div>[39m
          [36m</div>[39m
          [36m<div[39m
            [33mclass[39m=[32m"provider-role-card"[39m
          [36m>[39m
            [36m<h2[39m
              [33mclass[39m=[32m"provider-role-card__title"[39m
            [36m>[39m
              [0mExtractieprovider (LLM)[0m
            [36m</h2>[39m
            [36m<select[39m
              [33mclass[39m=[32m"provider-role-card__select"[39m
              [33mdata-testid[39m=[32m"extraction-provider-select"[39m
            [36m>[39m
              [36m<optgroup[39m
                [33mlabel[39m=[32m"Cloud"[39m
              [36m>[39m
                [36m<option[39m
                  [33mvalue[39m=[32m"anthropic"[39m
                [36m>[39m
                  [0mAnthropic[0m
                  [0m ÔÇö Cloud[0m
                [36m</option>[39m
                [36m<option[39m
                  [33mvalue[39m=[32m"openai-compatible"[39m
                [36m>[39m
                  [0mAangepast[0m
                  [0m ÔÇö OpenAI-compatibel[0m
                [36m</option>[39m
              [36m</optgroup>[39m
            [36m</select>[39m
            [36m<div[39m
              [33mclass[39m=[32m"provider-role-card__disclosure"[39m
            [36m>[39m
              [36m<p[39m
                [33mclass[39m=[32m"settings-disclosure"[39m
                [33mdata-testid[39m=[32m"extraction-disclosure"[39m
              [36m>[39m
                [36m<span[39m
                  [33mclass[39m=[32m"settings-disclosure__label"[39m
                [36m>[39m
                  [0mTekstgegevens:[0m
                [36m</span>[39m
                [0m [0m
                [0mTranscripttekst wordt naar Anthropic gestuurd voor 
extractie van beslissingen en actiepunten.[0m
              [36m</p>[39m
            [36m</div>[39m
            [36m<div[39m
              [33mclass[39m=[32m"provider-role-card__config"[39m
              
[33mdata-testid[39m=[32m"extraction-provider-select-config"[39m
            [36m>[39m
              [36m<div[39m
                [33mclass[39m=[32m"form-group"[39m
              [36m>[39m
                [36m<label[39m
                  [33mclass[39m=[32m"form-label"[39m
                  [33mfor[39m=[32m"anthropic-key-input"[39m
                [36m>[39m
                  [0mAnthropic API-sleutel[0m
                [36m</label>[39m
                [36m<p[39m
                  [33mclass[39m=[32m"settings-key-missing"[39m
                  [33mdata-testid[39m=[32m"anthropic-key-missing"[39m
                  [33mrole[39m=[32m"alert"[39m
                [36m>[39m
                  [0mGeen sleutel ingesteld. Vul je Anthropic API-sleutel 
in.[0m
                [36m</p>[39m
                [36m<div[39m
                  [33mclass[39m=[32m"form-row"[39m
                [36m>[39m
                  [36m<input[39m
                    [33mautocomplete[39m=[32m"off"[39m
                    [33mclass[39m=[32m"form-input"[39m
                    [33mdata-testid[39m=[32m"anthropic-key-input"[39m
                    [33mid[39m=[32m"anthropic-key-input"[39m
                    [33mplaceholder[39m=[32m"sk-ant-..."[39m
                    [33mtype[39m=[32m"password"[39m
                    [33mvalue[39m=[32m""[39m
                  [36m/>[39m
                  [36m<button[39m
                    [33mclass[39m=[32m"btn btn--secondary"[39m
                    [33mdata-testid[39m=[32m"save-anthropic-key"[39m
                    [33mdisabled[39m=[32m""[39m
                    [33mtype[39m=[32m"button"[39m
                  [36m>[39m
                    [0mOpslaan[0m
                  [36m</button>[39m
                [36m</div>[39m
              [36m</div>[39m
            [36m</div>[39m
          [36m</div>[39m
          [36m<div[39m
            [33mclass[39m=[32m"settings-section"[39m
          [36m>[39m
            [36m<h2[39m
              [33mclass[39m=[32m"settings-section__heading"[39m
            [36m>[39m
              [0mVergadertaal[0m
            [36m</h2>[39m
            [36m<select[39m
              [33mclass[39m=[32m"settings-language-select"[39m
              [33mdata-testid[39m=[32m"language-select"[39m
            [36m>[39m
              [36m<option[39m
                [33mvalue[39m=[32m"nl"[39m
              [36m>[39m
                [0mNederlands[0m
              [36m</option>[39m
              [36m<option[39m
                [33mvalue[39m=[32m"en"[39m
              [36m>[39m
                [0mEnglish[0m
              [36m</option>[39m
            [36m</select>[39m
          [36m</div>[39m
        [36m</section>[39m
      [36m</main>[39m
    [36m</div>[39m
  [36m</body>[39m
[36m</html>[39m
[90m [2mÔØ»[22m waitForWrapper 
node_modules/@testing-library/dom/dist/wait-for.js:[2m163:27[22m[39m
[36m [2mÔØ»[22m 
src/renderer/src/__tests__/SettingsScreen.test.tsx:[2m122:11[22m[39m
    [90m120| [39m  it('persists the ASR provider via settings:set when the 
local mode iÔÇª
    [90m121| [39m    [34mrender[39m([33m<[39m[33mSettingsScreen[39m 
[33m/[39m[33m>[39m)
    [90m122| [39m    [35mawait[39m [34mwaitFor[39m(() [33m=>[39m 
screen[33m.[39m[34mgetByTestId[39m([32m'asr-mode-local-parakeet'[39m))
    [90m   | [39m          [31m^[39m
    [90m123| [39m
    [90m124| [39m    [34mact[39m(() [33m=>[39m {

[31m[2mÔÄ»ÔÄ»ÔÄ»ÔÄ»ÔÄ»ÔÄ»ÔÄ»ÔÄ»ÔÄ»ÔÄ»ÔÄ»ÔÄ»ÔÄ»ÔÄ»ÔÄ»ÔÄ»ÔÄ»ÔÄ»ÔÄ»ÔÄ»ÔÄ»ÔÄ»ÔÄ»Ô
Ä»[4/7]ÔÄ»[22m[39m

[41m[1m FAIL [22m[49m 
src/renderer/src/__tests__/SettingsScreen.test.tsx[2m > [22mSettingsScreen 
ÔÇö language selector[2m > [22mrenders the language toggle
[31m[1mTestingLibraryElementError[22m[39m: Unable to find an element by: 
[data-testid="language-mode"]

Ignored nodes: comments, script, style
[36m<body>[39m
  [36m<div>[39m
    [36m<main[39m
      [33mclass[39m=[32m"screen screen--settings"[39m
      [33mdata-testid[39m=[32m"screen-settings"[39m
    [36m>[39m
      [36m<header[39m
        [33mclass[39m=[32m"screen__header"[39m
      [36m>[39m
        [36m<h1[39m
          [33mclass[39m=[32m"screen__title"[39m
        [36m>[39m
          [0mInstellingen[0m
        [36m</h1>[39m
        [36m<p[39m
          [33mclass[39m=[32m"screen__subtitle"[39m
        [36m>[39m
          [0mKies providers, voer API-sleutels in en stel de taal in.[0m
        [36m</p>[39m
      [36m</header>[39m
      [36m<section[39m
        [33mclass[39m=[32m"screen__body settings-body"[39m
      [36m>[39m
        [36m<div[39m
          [33mclass[39m=[32m"provider-role-card"[39m
        [36m>[39m
          [36m<h2[39m
            [33mclass[39m=[32m"provider-role-card__title"[39m
          [36m>[39m
            [0mSpraakherkenning (ASR)[0m
          [36m</h2>[39m
          [36m<select[39m
            [33mclass[39m=[32m"provider-role-card__select"[39m
            [33mdata-testid[39m=[32m"asr-provider-select"[39m
          [36m>[39m
            [36m<optgroup[39m
              [33mlabel[39m=[32m"Op dit apparaat"[39m
            [36m>[39m
              [36m<option[39m
                [33mvalue[39m=[32m"local-parakeet"[39m
              [36m>[39m
                [0mLokaal[0m
                [0m ÔÇö Whisper, on-device[0m
              [36m</option>[39m
            [36m</optgroup>[39m
            [36m<optgroup[39m
              [33mlabel[39m=[32m"Cloud"[39m
            [36m>[39m
              [36m<option[39m
                [33mvalue[39m=[32m"deepgram"[39m
              [36m>[39m
                [0mDeepgram[0m
                [0m ÔÇö Deepgram[0m
              [36m</option>[39m
            [36m</optgroup>[39m
          [36m</select>[39m
          [36m<div[39m
            [33mclass[39m=[32m"provider-role-card__disclosure"[39m
          [36m>[39m
            [36m<p[39m
              [33mclass[39m=[32m"settings-disclosure"[39m
              [33mdata-testid[39m=[32m"asr-disclosure"[39m
            [36m>[39m
              [36m<span[39m
                [33mclass[39m=[32m"settings-disclosure__label"[39m
              [36m>[39m
                [0mAudiogegevens:[0m
              [36m</span>[39m
              [0m [0m
              [0mAudio wordt via Deepgram getranscribeerd; de audiostream 
verlaat het apparaat naar Deepgram.[0m
            [36m</p>[39m
          [36m</div>[39m
          [36m<div[39m
            [33mclass[39m=[32m"provider-role-card__config"[39m
            [33mdata-testid[39m=[32m"asr-provider-select-config"[39m
          [36m>[39m
            [36m<div[39m
              [33mclass[39m=[32m"form-group"[39m
            [36m>[39m
              [36m<label[39m
                [33mclass[39m=[32m"form-label"[39m
                [33mfor[39m=[32m"deepgram-key-input"[39m
              [36m>[39m
                [0mDeepgram API-sleutel[0m
              [36m</label>[39m
              [36m<p[39m
                [33mclass[39m=[32m"settings-key-missing"[39m
                [33mdata-testid[39m=[32m"deepgram-key-missing"[39m
                [33mrole[39m=[32m"alert"[39m
              [36m>[39m
                [0mGeen sleutel ingesteld. Vul je Deepgram API-sleutel in.[0m
              [36m</p>[39m
              [36m<div[39m
                [33mclass[39m=[32m"form-row"[39m
              [36m>[39m
                [36m<input[39m
                  [33mautocomplete[39m=[32m"off"[39m
                  [33mclass[39m=[32m"form-input"[39m
                  [33mdata-testid[39m=[32m"deepgram-key-input"[39m
                  [33mid[39m=[32m"deepgram-key-input"[39m
                  [33mplaceholder[39m=[32m"dg-..."[39m
                  [33mtype[39m=[32m"password"[39m
                  [33mvalue[39m=[32m""[39m
                [36m/>[39m
                [36m<button[39m
                  [33mclass[39m=[32m"btn btn--secondary"[39m
                  [33mdata-testid[39m=[32m"save-deepgram-key"[39m
                  [33mdisabled[39m=[32m""[39m
                  [33mtype[39m=[32m"button"[39m
                [36m>[39m
                  [0mOpslaan[0m
                [36m</button>[39m
              [36m</div>[39m
            [36m</div>[39m
          [36m</div>[39m
        [36m</div>[39m
        [36m<div[39m
          [33mclass[39m=[32m"provider-role-card"[39m
        [36m>[39m
          [36m<h2[39m
            [33mclass[39m=[32m"provider-role-card__title"[39m
          [36m>[39m
            [0mExtractieprovider (LLM)[0m
          [36m</h2>[39m
          [36m<select[39m
            [33mclass[39m=[32m"provider-role-card__select"[39m
            [33mdata-testid[39m=[32m"extraction-provider-select"[39m
          [36m>[39m
            [36m<optgroup[39m
              [33mlabel[39m=[32m"Cloud"[39m
            [36m>[39m
              [36m<option[39m
                [33mvalue[39m=[32m"anthropic"[39m
              [36m>[39m
                [0mAnthropic[0m
                [0m ÔÇö Cloud[0m
              [36m</option>[39m
              [36m<option[39m
                [33mvalue[39m=[32m"openai-compatible"[39m
              [36m>[39m
                [0mAangepast[0m
                [0m ÔÇö OpenAI-compatibel[0m
              [36m</option>[39m
            [36m</optgroup>[39m
          [36m</select>[39m
          [36m<div[39m
            [33mclass[39m=[32m"provider-role-card__disclosure"[39m
          [36m>[39m
            [36m<p[39m
              [33mclass[39m=[32m"settings-disclosure"[39m
              [33mdata-testid[39m=[32m"extraction-disclosure"[39m
            [36m>[39m
              [36m<span[39m
                [33mclass[39m=[32m"settings-disclosure__label"[39m
              [36m>[39m
                [0mTekstgegevens:[0m
              [36m</span>[39m
              [0m [0m
              [0mTranscripttekst wordt naar Anthropic gestuurd voor extractie 
van beslissingen en actiepunten.[0m
            [36m</p>[39m
          [36m</div>[39m
          [36m<div[39m
            [33mclass[39m=[32m"provider-role-card__config"[39m
            [33mdata-testid[39m=[32m"extraction-provider-select-config"[39m
          [36m>[39m
            [36m<div[39m
              [33mclass[39m=[32m"form-group"[39m
            [36m>[39m
              [36m<label[39m
                [33mclass[39m=[32m"form-label"[39m
                [33mfor[39m=[32m"anthropic-key-input"[39m
              [36m>[39m
                [0mAnthropic API-sleutel[0m
              [36m</label>[39m
              [36m<p[39m
                [33mclass[39m=[32m"settings-key-missing"[39m
                [33mdata-testid[39m=[32m"anthropic-key-missing"[39m
                [33mrole[39m=[32m"alert"[39m
              [36m>[39m
                [0mGeen sleutel ingesteld. Vul je Anthropic API-sleutel 
in.[0m
              [36m</p>[39m
              [36m<div[39m
                [33mclass[39m=[32m"form-row"[39m
              [36m>[39m
                [36m<input[39m
                  [33mautocomplete[39m=[32m"off"[39m
                  [33mclass[39m=[32m"form-input"[39m
                  [33mdata-testid[39m=[32m"anthropic-key-input"[39m
                  [33mid[39m=[32m"anthropic-key-input"[39m
                  [33mplaceholder[39m=[32m"sk-ant-..."[39m
                  [33mtype[39m=[32m"password"[39m
                  [33mvalue[39m=[32m""[39m
                [36m/>[39m
                [36m<button[39m
                  [33mclass[39m=[32m"btn btn--secondary"[39m
                  [33mdata-testid[39m=[32m"save-anthropic-key"[39m
                  [33mdisabled[39m=[32m""[39m
                  [33mtype[39m=[32m"button"[39m
                [36m>[39m
                  [0mOpslaan[0m
                [36m</button>[39m
              [36m</div>[39m
            [36m</div>[39m
          [36m</div>[39m
        [36m</div>[39m
        [36m<div[39m
          [33mclass[39m=[32m"settings-section"[39m
        [36m>[39m
          [36m<h2[39m
            [33mclass[39m=[32m"settings-section__heading"[39m
          [36m>[39m
            [0mVergadertaal[0m
          [36m</h2>[39m
          [36m<select[39m
            [33mclass[39m=[32m"settings-language-select"[39m
            [33mdata-testid[39m=[32m"language-select"[39m
          [36m>[39m
            [36m<option[39m
              [33mvalue[39m=[32m"nl"[39m
            [36m>[39m
              [0mNederlands[0m
            [36m</option>[39m
            [36m<option[39m
              [33mvalue[39m=[32m"en"[39m
            [36m>[39m
              [0mEnglish[0m
            [36m</option>[39m
          [36m</select>[39m
        [36m</div>[39m
      [36m</section>[39m
    [36m</main>[39m
  [36m</div>[39m
[36m</body>[39m

Ignored nodes: comments, script, style
[36m<html>[39m
  [36m<head />[39m
  [36m<body>[39m
    [36m<div>[39m
      [36m<main[39m
        [33mclass[39m=[32m"screen screen--settings"[39m
        [33mdata-testid[39m=[32m"screen-settings"[39m
      [36m>[39m
        [36m<header[39m
          [33mclass[39m=[32m"screen__header"[39m
        [36m>[39m
          [36m<h1[39m
            [33mclass[39m=[32m"screen__title"[39m
          [36m>[39m
            [0mInstellingen[0m
          [36m</h1>[39m
          [36m<p[39m
            [33mclass[39m=[32m"screen__subtitle"[39m
          [36m>[39m
            [0mKies providers, voer API-sleutels in en stel de taal in.[0m
          [36m</p>[39m
        [36m</header>[39m
        [36m<section[39m
          [33mclass[39m=[32m"screen__body settings-body"[39m
        [36m>[39m
          [36m<div[39m
            [33mclass[39m=[32m"provider-role-card"[39m
          [36m>[39m
            [36m<h2[39m
              [33mclass[39m=[32m"provider-role-card__title"[39m
            [36m>[39m
              [0mSpraakherkenning (ASR)[0m
            [36m</h2>[39m
            [36m<select[39m
              [33mclass[39m=[32m"provider-role-card__select"[39m
              [33mdata-testid[39m=[32m"asr-provider-select"[39m
            [36m>[39m
              [36m<optgroup[39m
                [33mlabel[39m=[32m"Op dit apparaat"[39m
              [36m>[39m
                [36m<option[39m
                  [33mvalue[39m=[32m"local-parakeet"[39m
                [36m>[39m
                  [0mLokaal[0m
                  [0m ÔÇö Whisper, on-device[0m
                [36m</option>[39m
              [36m</optgroup>[39m
              [36m<optgroup[39m
                [33mlabel[39m=[32m"Cloud"[39m
              [36m>[39m
                [36m<option[39m
                  [33mvalue[39m=[32m"deepgram"[39m
                [36m>[39m
                  [0mDeepgram[0m
                  [0m ÔÇö Deepgram[0m
                [36m</option>[39m
              [36m</optgroup>[39m
            [36m</select>[39m
            [36m<div[39m
              [33mclass[39m=[32m"provider-role-card__disclosure"[39m
            [36m>[39m
              [36m<p[39m
                [33mclass[39m=[32m"settings-disclosure"[39m
                [33mdata-testid[39m=[32m"asr-disclosure"[39m
              [36m>[39m
                [36m<span[39m
                  [33mclass[39m=[32m"settings-disclosure__label"[39m
                [36m>[39m
                  [0mAudiogegevens:[0m
                [36m</span>[39m
                [0m [0m
                [0mAudio wordt via Deepgram getranscribeerd; de audiostream 
verlaat het apparaat naar Deepgram.[0m
              [36m</p>[39m
            [36m</div>[39m
            [36m<div[39m
              [33mclass[39m=[32m"provider-role-card__config"[39m
              [33mdata-testid[39m=[32m"asr-provider-select-config"[39m
            [36m>[39m
              [36m<div[39m
                [33mclass[39m=[32m"form-group"[39m
              [36m>[39m
                [36m<label[39m
                  [33mclass[39m=[32m"form-label"[39m
                  [33mfor[39m=[32m"deepgram-key-input"[39m
                [36m>[39m
                  [0mDeepgram API-sleutel[0m
                [36m</label>[39m
                [36m<p[39m
                  [33mclass[39m=[32m"settings-key-missing"[39m
                  [33mdata-testid[39m=[32m"deepgram-key-missing"[39m
                  [33mrole[39m=[32m"alert"[39m
                [36m>[39m
                  [0mGeen sleutel ingesteld. Vul je Deepgram API-sleutel 
in.[0m
                [36m</p>[39m
                [36m<div[39m
                  [33mclass[39m=[32m"form-row"[39m
                [36m>[39m
                  [36m<input[39m
                    [33mautocomplete[39m=[32m"off"[39m
                    [33mclass[39m=[32m"form-input"[39m
                    [33mdata-testid[39m=[32m"deepgram-key-input"[39m
                    [33mid[39m=[32m"deepgram-key-input"[39m
                    [33mplaceholder[39m=[32m"dg-..."[39m
                    [33mtype[39m=[32m"password"[39m
                    [33mvalue[39m=[32m""[39m
                  [36m/>[39m
                  [36m<button[39m
                    [33mclass[39m=[32m"btn btn--secondary"[39m
                    [33mdata-testid[39m=[32m"save-deepgram-key"[39m
                    [33mdisabled[39m=[32m""[39m
                    [33mtype[39m=[32m"button"[39m
                  [36m>[39m
                    [0mOpslaan[0m
                  [36m</button>[39m
                [36m</div>[39m
              [36m</div>[39m
            [36m</div>[39m
          [36m</div>[39m
          [36m<div[39m
            [33mclass[39m=[32m"provider-role-card"[39m
          [36m>[39m
            [36m<h2[39m
              [33mclass[39m=[32m"provider-role-card__title"[39m
            [36m>[39m
              [0mExtractieprovider (LLM)[0m
            [36m</h2>[39m
            [36m<select[39m
              [33mclass[39m=[32m"provider-role-card__select"[39m
              [33mdata-testid[39m=[32m"extraction-provider-select"[39m
            [36m>[39m
              [36m<optgroup[39m
                [33mlabel[39m=[32m"Cloud"[39m
              [36m>[39m
                [36m<option[39m
                  [33mvalue[39m=[32m"anthropic"[39m
                [36m>[39m
                  [0mAnthropic[0m
                  [0m ÔÇö Cloud[0m
                [36m</option>[39m
                [36m<option[39m
                  [33mvalue[39m=[32m"openai-compatible"[39m
                [36m>[39m
                  [0mAangepast[0m
                  [0m ÔÇö OpenAI-compatibel[0m
                [36m</option>[39m
              [36m</optgroup>[39m
            [36m</select>[39m
            [36m<div[39m
              [33mclass[39m=[32m"provider-role-card__disclosure"[39m
            [36m>[39m
              [36m<p[39m
                [33mclass[39m=[32m"settings-disclosure"[39m
                [33mdata-testid[39m=[32m"extraction-disclosure"[39m
              [36m>[39m
                [36m<span[39m
                  [33mclass[39m=[32m"settings-disclosure__label"[39m
                [36m>[39m
                  [0mTekstgegevens:[0m
                [36m</span>[39m
                [0m [0m
                [0mTranscripttekst wordt naar Anthropic gestuurd voor 
extractie van beslissingen en actiepunten.[0m
              [36m</p>[39m
            [36m</div>[39m
            [36m<div[39m
              [33mclass[39m=[32m"provider-role-card__config"[39m
              
[33mdata-testid[39m=[32m"extraction-provider-select-config"[39m
            [36m>[39m
              [36m<div[39m
                [33mclass[39m=[32m"form-group"[39m
              [36m>[39m
                [36m<label[39m
                  [33mclass[39m=[32m"form-label"[39m
                  [33mfor[39m=[32m"anthropic-key-input"[39m
                [36m>[39m
                  [0mAnthropic API-sleutel[0m
                [36m</label>[39m
                [36m<p[39m
                  [33mclass[39m=[32m"settings-key-missing"[39m
                  [33mdata-testid[39m=[32m"anthropic-key-missing"[39m
                  [33mrole[39m=[32m"alert"[39m
                [36m>[39m
                  [0mGeen sleutel ingesteld. Vul je Anthropic API-sleutel 
in.[0m
                [36m</p>[39m
                [36m<div[39m
                  [33mclass[39m=[32m"form-row"[39m
                [36m>[39m
                  [36m<input[39m
                    [33mautocomplete[39m=[32m"off"[39m
                    [33mclass[39m=[32m"form-input"[39m
                    [33mdata-testid[39m=[32m"anthropic-key-input"[39m
                    [33mid[39m=[32m"anthropic-key-input"[39m
                    [33mplaceholder[39m=[32m"sk-ant-..."[39m
                    [33mtype[39m=[32m"password"[39m
                    [33mvalue[39m=[32m""[39m
                  [36m/>[39m
                  [36m<button[39m
                    [33mclass[39m=[32m"btn btn--secondary"[39m
                    [33mdata-testid[39m=[32m"save-anthropic-key"[39m
                    [33mdisabled[39m=[32m""[39m
                    [33mtype[39m=[32m"button"[39m
                  [36m>[39m
                    [0mOpslaan[0m
                  [36m</button>[39m
                [36m</div>[39m
              [36m</div>[39m
            [36m</div>[39m
          [36m</div>[39m
          [36m<div[39m
            [33mclass[39m=[32m"settings-section"[39m
          [36m>[39m
            [36m<h2[39m
              [33mclass[39m=[32m"settings-section__heading"[39m
            [36m>[39m
              [0mVergadertaal[0m
            [36m</h2>[39m
            [36m<select[39m
              [33mclass[39m=[32m"settings-language-select"[39m
              [33mdata-testid[39m=[32m"language-select"[39m
            [36m>[39m
              [36m<option[39m
                [33mvalue[39m=[32m"nl"[39m
              [36m>[39m
                [0mNederlands[0m
              [36m</option>[39m
              [36m<option[39m
                [33mvalue[39m=[32m"en"[39m
              [36m>[39m
                [0mEnglish[0m
              [36m</option>[39m
            [36m</select>[39m
          [36m</div>[39m
        [36m</section>[39m
      [36m</main>[39m
    [36m</div>[39m
  [36m</body>[39m
[36m</html>[39m
[90m [2mÔØ»[22m waitForWrapper 
node_modules/@testing-library/dom/dist/wait-for.js:[2m163:27[22m[39m
[36m [2mÔØ»[22m 
src/renderer/src/__tests__/SettingsScreen.test.tsx:[2m325:11[22m[39m
    [90m323| [39m  [34mit[39m([32m'renders the language 
toggle'[39m[33m,[39m [35masync[39m () [33m=>[39m {
    [90m324| [39m    [34mrender[39m([33m<[39m[33mSettingsScreen[39m 
[33m/[39m[33m>[39m)
    [90m325| [39m    [35mawait[39m [34mwaitFor[39m(() [33m=>[39m {
    [90m   | [39m          [31m^[39m
    [90m326| [39m      [34mexpect[39m(screen[33m.[39m[34mgetByTestId[39
m([32m'language-mode'[39m))[33m.[39m[34mtoBeDefined[39m()
    [90m327| [39m    })

[31m[2mÔÄ»ÔÄ»ÔÄ»ÔÄ»ÔÄ»ÔÄ»ÔÄ»ÔÄ»ÔÄ»ÔÄ»ÔÄ»ÔÄ»ÔÄ»ÔÄ»ÔÄ»ÔÄ»ÔÄ»ÔÄ»ÔÄ»ÔÄ»ÔÄ»ÔÄ»ÔÄ»Ô
Ä»[5/7]ÔÄ»[22m[39m

[41m[1m FAIL [22m[49m 
src/renderer/src/__tests__/SettingsScreen.test.tsx[2m > [22mSettingsScreen 
ÔÇö language selector[2m > [22mshows the current primary language from 
settings
[31m[1mTestingLibraryElementError[22m[39m: Unable to find an element by: 
[data-testid="language-mode-nl"]

Ignored nodes: comments, script, style
[36m<body>[39m
  [36m<div>[39m
    [36m<main[39m
      [33mclass[39m=[32m"screen screen--settings"[39m
      [33mdata-testid[39m=[32m"screen-settings"[39m
    [36m>[39m
      [36m<header[39m
        [33mclass[39m=[32m"screen__header"[39m
      [36m>[39m
        [36m<h1[39m
          [33mclass[39m=[32m"screen__title"[39m
        [36m>[39m
          [0mInstellingen[0m
        [36m</h1>[39m
        [36m<p[39m
          [33mclass[39m=[32m"screen__subtitle"[39m
        [36m>[39m
          [0mKies providers, voer API-sleutels in en stel de taal in.[0m
        [36m</p>[39m
      [36m</header>[39m
      [36m<section[39m
        [33mclass[39m=[32m"screen__body settings-body"[39m
      [36m>[39m
        [36m<div[39m
          [33mclass[39m=[32m"provider-role-card"[39m
        [36m>[39m
          [36m<h2[39m
            [33mclass[39m=[32m"provider-role-card__title"[39m
          [36m>[39m
            [0mSpraakherkenning (ASR)[0m
          [36m</h2>[39m
          [36m<select[39m
            [33mclass[39m=[32m"provider-role-card__select"[39m
            [33mdata-testid[39m=[32m"asr-provider-select"[39m
          [36m>[39m
            [36m<optgroup[39m
              [33mlabel[39m=[32m"Op dit apparaat"[39m
            [36m>[39m
              [36m<option[39m
                [33mvalue[39m=[32m"local-parakeet"[39m
              [36m>[39m
                [0mLokaal[0m
                [0m ÔÇö Whisper, on-device[0m
              [36m</option>[39m
            [36m</optgroup>[39m
            [36m<optgroup[39m
              [33mlabel[39m=[32m"Cloud"[39m
            [36m>[39m
              [36m<option[39m
                [33mvalue[39m=[32m"deepgram"[39m
              [36m>[39m
                [0mDeepgram[0m
                [0m ÔÇö Deepgram[0m
              [36m</option>[39m
            [36m</optgroup>[39m
          [36m</select>[39m
          [36m<div[39m
            [33mclass[39m=[32m"provider-role-card__disclosure"[39m
          [36m>[39m
            [36m<p[39m
              [33mclass[39m=[32m"settings-disclosure"[39m
              [33mdata-testid[39m=[32m"asr-disclosure"[39m
            [36m>[39m
              [36m<span[39m
                [33mclass[39m=[32m"settings-disclosure__label"[39m
              [36m>[39m
                [0mAudiogegevens:[0m
              [36m</span>[39m
              [0m [0m
              [0mAudio wordt via Deepgram getranscribeerd; de audiostream 
verlaat het apparaat naar Deepgram.[0m
            [36m</p>[39m
          [36m</div>[39m
          [36m<div[39m
            [33mclass[39m=[32m"provider-role-card__config"[39m
            [33mdata-testid[39m=[32m"asr-provider-select-config"[39m
          [36m>[39m
            [36m<div[39m
              [33mclass[39m=[32m"form-group"[39m
            [36m>[39m
              [36m<label[39m
                [33mclass[39m=[32m"form-label"[39m
                [33mfor[39m=[32m"deepgram-key-input"[39m
              [36m>[39m
                [0mDeepgram API-sleutel[0m
              [36m</label>[39m
              [36m<p[39m
                [33mclass[39m=[32m"settings-key-missing"[39m
                [33mdata-testid[39m=[32m"deepgram-key-missing"[39m
                [33mrole[39m=[32m"alert"[39m
              [36m>[39m
                [0mGeen sleutel ingesteld. Vul je Deepgram API-sleutel in.[0m
              [36m</p>[39m
              [36m<div[39m
                [33mclass[39m=[32m"form-row"[39m
              [36m>[39m
                [36m<input[39m
                  [33mautocomplete[39m=[32m"off"[39m
                  [33mclass[39m=[32m"form-input"[39m
                  [33mdata-testid[39m=[32m"deepgram-key-input"[39m
                  [33mid[39m=[32m"deepgram-key-input"[39m
                  [33mplaceholder[39m=[32m"dg-..."[39m
                  [33mtype[39m=[32m"password"[39m
                  [33mvalue[39m=[32m""[39m
                [36m/>[39m
                [36m<button[39m
                  [33mclass[39m=[32m"btn btn--secondary"[39m
                  [33mdata-testid[39m=[32m"save-deepgram-key"[39m
                  [33mdisabled[39m=[32m""[39m
                  [33mtype[39m=[32m"button"[39m
                [36m>[39m
                  [0mOpslaan[0m
                [36m</button>[39m
              [36m</div>[39m
            [36m</div>[39m
          [36m</div>[39m
        [36m</div>[39m
        [36m<div[39m
          [33mclass[39m=[32m"provider-role-card"[39m
        [36m>[39m
          [36m<h2[39m
            [33mclass[39m=[32m"provider-role-card__title"[39m
          [36m>[39m
            [0mExtractieprovider (LLM)[0m
          [36m</h2>[39m
          [36m<select[39m
            [33mclass[39m=[32m"provider-role-card__select"[39m
            [33mdata-testid[39m=[32m"extraction-provider-select"[39m
          [36m>[39m
            [36m<optgroup[39m
              [33mlabel[39m=[32m"Cloud"[39m
            [36m>[39m
              [36m<option[39m
                [33mvalue[39m=[32m"anthropic"[39m
              [36m>[39m
                [0mAnthropic[0m
                [0m ÔÇö Cloud[0m
              [36m</option>[39m
              [36m<option[39m
                [33mvalue[39m=[32m"openai-compatible"[39m
              [36m>[39m
                [0mAangepast[0m
                [0m ÔÇö OpenAI-compatibel[0m
              [36m</option>[39m
            [36m</optgroup>[39m
          [36m</select>[39m
          [36m<div[39m
            [33mclass[39m=[32m"provider-role-card__disclosure"[39m
          [36m>[39m
            [36m<p[39m
              [33mclass[39m=[32m"settings-disclosure"[39m
              [33mdata-testid[39m=[32m"extraction-disclosure"[39m
            [36m>[39m
              [36m<span[39m
                [33mclass[39m=[32m"settings-disclosure__label"[39m
              [36m>[39m
                [0mTekstgegevens:[0m
              [36m</span>[39m
              [0m [0m
              [0mTranscripttekst wordt naar Anthropic gestuurd voor extractie 
van beslissingen en actiepunten.[0m
            [36m</p>[39m
          [36m</div>[39m
          [36m<div[39m
            [33mclass[39m=[32m"provider-role-card__config"[39m
            [33mdata-testid[39m=[32m"extraction-provider-select-config"[39m
          [36m>[39m
            [36m<div[39m
              [33mclass[39m=[32m"form-group"[39m
            [36m>[39m
              [36m<label[39m
                [33mclass[39m=[32m"form-label"[39m
                [33mfor[39m=[32m"anthropic-key-input"[39m
              [36m>[39m
                [0mAnthropic API-sleutel[0m
              [36m</label>[39m
              [36m<p[39m
                [33mclass[39m=[32m"settings-key-missing"[39m
                [33mdata-testid[39m=[32m"anthropic-key-missing"[39m
                [33mrole[39m=[32m"alert"[39m
              [36m>[39m
                [0mGeen sleutel ingesteld. Vul je Anthropic API-sleutel 
in.[0m
              [36m</p>[39m
              [36m<div[39m
                [33mclass[39m=[32m"form-row"[39m
              [36m>[39m
                [36m<input[39m
                  [33mautocomplete[39m=[32m"off"[39m
                  [33mclass[39m=[32m"form-input"[39m
                  [33mdata-testid[39m=[32m"anthropic-key-input"[39m
                  [33mid[39m=[32m"anthropic-key-input"[39m
                  [33mplaceholder[39m=[32m"sk-ant-..."[39m
                  [33mtype[39m=[32m"password"[39m
                  [33mvalue[39m=[32m""[39m
                [36m/>[39m
                [36m<button[39m
                  [33mclass[39m=[32m"btn btn--secondary"[39m
                  [33mdata-testid[39m=[32m"save-anthropic-key"[39m
                  [33mdisabled[39m=[32m""[39m
                  [33mtype[39m=[32m"button"[39m
                [36m>[39m
                  [0mOpslaan[0m
                [36m</button>[39m
              [36m</div>[39m
            [36m</div>[39m
          [36m</div>[39m
        [36m</div>[39m
        [36m<div[39m
          [33mclass[39m=[32m"settings-section"[39m
        [36m>[39m
          [36m<h2[39m
            [33mclass[39m=[32m"settings-section__heading"[39m
          [36m>[39m
            [0mVergadertaal[0m
          [36m</h2>[39m
          [36m<select[39m
            [33mclass[39m=[32m"settings-language-select"[39m
            [33mdata-testid[39m=[32m"language-select"[39m
          [36m>[39m
            [36m<option[39m
              [33mvalue[39m=[32m"nl"[39m
            [36m>[39m
              [0mNederlands[0m
            [36m</option>[39m
            [36m<option[39m
              [33mvalue[39m=[32m"en"[39m
            [36m>[39m
              [0mEnglish[0m
            [36m</option>[39m
          [36m</select>[39m
        [36m</div>[39m
      [36m</section>[39m
    [36m</main>[39m
  [36m</div>[39m
[36m</body>[39m

Ignored nodes: comments, script, style
[36m<html>[39m
  [36m<head />[39m
  [36m<body>[39m
    [36m<div>[39m
      [36m<main[39m
        [33mclass[39m=[32m"screen screen--settings"[39m
        [33mdata-testid[39m=[32m"screen-settings"[39m
      [36m>[39m
        [36m<header[39m
          [33mclass[39m=[32m"screen__header"[39m
        [36m>[39m
          [36m<h1[39m
            [33mclass[39m=[32m"screen__title"[39m
          [36m>[39m
            [0mInstellingen[0m
          [36m</h1>[39m
          [36m<p[39m
            [33mclass[39m=[32m"screen__subtitle"[39m
          [36m>[39m
            [0mKies providers, voer API-sleutels in en stel de taal in.[0m
          [36m</p>[39m
        [36m</header>[39m
        [36m<section[39m
          [33mclass[39m=[32m"screen__body settings-body"[39m
        [36m>[39m
          [36m<div[39m
            [33mclass[39m=[32m"provider-role-card"[39m
          [36m>[39m
            [36m<h2[39m
              [33mclass[39m=[32m"provider-role-card__title"[39m
            [36m>[39m
              [0mSpraakherkenning (ASR)[0m
            [36m</h2>[39m
            [36m<select[39m
              [33mclass[39m=[32m"provider-role-card__select"[39m
              [33mdata-testid[39m=[32m"asr-provider-select"[39m
            [36m>[39m
              [36m<optgroup[39m
                [33mlabel[39m=[32m"Op dit apparaat"[39m
              [36m>[39m
                [36m<option[39m
                  [33mvalue[39m=[32m"local-parakeet"[39m
                [36m>[39m
                  [0mLokaal[0m
                  [0m ÔÇö Whisper, on-device[0m
                [36m</option>[39m
              [36m</optgroup>[39m
              [36m<optgroup[39m
                [33mlabel[39m=[32m"Cloud"[39m
              [36m>[39m
                [36m<option[39m
                  [33mvalue[39m=[32m"deepgram"[39m
                [36m>[39m
                  [0mDeepgram[0m
                  [0m ÔÇö Deepgram[0m
                [36m</option>[39m
              [36m</optgroup>[39m
            [36m</select>[39m
            [36m<div[39m
              [33mclass[39m=[32m"provider-role-card__disclosure"[39m
            [36m>[39m
              [36m<p[39m
                [33mclass[39m=[32m"settings-disclosure"[39m
                [33mdata-testid[39m=[32m"asr-disclosure"[39m
              [36m>[39m
                [36m<span[39m
                  [33mclass[39m=[32m"settings-disclosure__label"[39m
                [36m>[39m
                  [0mAudiogegevens:[0m
                [36m</span>[39m
                [0m [0m
                [0mAudio wordt via Deepgram getranscribeerd; de audiostream 
verlaat het apparaat naar Deepgram.[0m
              [36m</p>[39m
            [36m</div>[39m
            [36m<div[39m
              [33mclass[39m=[32m"provider-role-card__config"[39m
              [33mdata-testid[39m=[32m"asr-provider-select-config"[39m
            [36m>[39m
              [36m<div[39m
                [33mclass[39m=[32m"form-group"[39m
              [36m>[39m
                [36m<label[39m
                  [33mclass[39m=[32m"form-label"[39m
                  [33mfor[39m=[32m"deepgram-key-input"[39m
                [36m>[39m
                  [0mDeepgram API-sleutel[0m
                [36m</label>[39m
                [36m<p[39m
                  [33mclass[39m=[32m"settings-key-missing"[39m
                  [33mdata-testid[39m=[32m"deepgram-key-missing"[39m
                  [33mrole[39m=[32m"alert"[39m
                [36m>[39m
                  [0mGeen sleutel ingesteld. Vul je Deepgram API-sleutel 
in.[0m
                [36m</p>[39m
                [36m<div[39m
                  [33mclass[39m=[32m"form-row"[39m
                [36m>[39m
                  [36m<input[39m
                    [33mautocomplete[39m=[32m"off"[39m
                    [33mclass[39m=[32m"form-input"[39m
                    [33mdata-testid[39m=[32m"deepgram-key-input"[39m
                    [33mid[39m=[32m"deepgram-key-input"[39m
                    [33mplaceholder[39m=[32m"dg-..."[39m
                    [33mtype[39m=[32m"password"[39m
                    [33mvalue[39m=[32m""[39m
                  [36m/>[39m
                  [36m<button[39m
                    [33mclass[39m=[32m"btn btn--secondary"[39m
                    [33mdata-testid[39m=[32m"save-deepgram-key"[39m
                    [33mdisabled[39m=[32m""[39m
                    [33mtype[39m=[32m"button"[39m
                  [36m>[39m
                    [0mOpslaan[0m
                  [36m</button>[39m
                [36m</div>[39m
              [36m</div>[39m
            [36m</div>[39m
          [36m</div>[39m
          [36m<div[39m
            [33mclass[39m=[32m"provider-role-card"[39m
          [36m>[39m
            [36m<h2[39m
              [33mclass[39m=[32m"provider-role-card__title"[39m
            [36m>[39m
              [0mExtractieprovider (LLM)[0m
            [36m</h2>[39m
            [36m<select[39m
              [33mclass[39m=[32m"provider-role-card__select"[39m
              [33mdata-testid[39m=[32m"extraction-provider-select"[39m
            [36m>[39m
              [36m<optgroup[39m
                [33mlabel[39m=[32m"Cloud"[39m
              [36m>[39m
                [36m<option[39m
                  [33mvalue[39m=[32m"anthropic"[39m
                [36m>[39m
                  [0mAnthropic[0m
                  [0m ÔÇö Cloud[0m
                [36m</option>[39m
                [36m<option[39m
                  [33mvalue[39m=[32m"openai-compatible"[39m
                [36m>[39m
                  [0mAangepast[0m
                  [0m ÔÇö OpenAI-compatibel[0m
                [36m</option>[39m
              [36m</optgroup>[39m
            [36m</select>[39m
            [36m<div[39m
              [33mclass[39m=[32m"provider-role-card__disclosure"[39m
            [36m>[39m
              [36m<p[39m
                [33mclass[39m=[32m"settings-disclosure"[39m
                [33mdata-testid[39m=[32m"extraction-disclosure"[39m
              [36m>[39m
                [36m<span[39m
                  [33mclass[39m=[32m"settings-disclosure__label"[39m
                [36m>[39m
                  [0mTekstgegevens:[0m
                [36m</span>[39m
                [0m [0m
                [0mTranscripttekst wordt naar Anthropic gestuurd voor 
extractie van beslissingen en actiepunten.[0m
              [36m</p>[39m
            [36m</div>[39m
            [36m<div[39m
              [33mclass[39m=[32m"provider-role-card__config"[39m
              
[33mdata-testid[39m=[32m"extraction-provider-select-config"[39m
            [36m>[39m
              [36m<div[39m
                [33mclass[39m=[32m"form-group"[39m
              [36m>[39m
                [36m<label[39m
                  [33mclass[39m=[32m"form-label"[39m
                  [33mfor[39m=[32m"anthropic-key-input"[39m
                [36m>[39m
                  [0mAnthropic API-sleutel[0m
                [36m</label>[39m
                [36m<p[39m
                  [33mclass[39m=[32m"settings-key-missing"[39m
                  [33mdata-testid[39m=[32m"anthropic-key-missing"[39m
                  [33mrole[39m=[32m"alert"[39m
                [36m>[39m
                  [0mGeen sleutel ingesteld. Vul je Anthropic API-sleutel 
in.[0m
                [36m</p>[39m
                [36m<div[39m
                  [33mclass[39m=[32m"form-row"[39m
                [36m>[39m
                  [36m<input[39m
                    [33mautocomplete[39m=[32m"off"[39m
                    [33mclass[39m=[32m"form-input"[39m
                    [33mdata-testid[39m=[32m"anthropic-key-input"[39m
                    [33mid[39m=[32m"anthropic-key-input"[39m
                    [33mplaceholder[39m=[32m"sk-ant-..."[39m
                    [33mtype[39m=[32m"password"[39m
                    [33mvalue[39m=[32m""[39m
                  [36m/>[39m
                  [36m<button[39m
                    [33mclass[39m=[32m"btn btn--secondary"[39m
                    [33mdata-testid[39m=[32m"save-anthropic-key"[39m
                    [33mdisabled[39m=[32m""[39m
                    [33mtype[39m=[32m"button"[39m
                  [36m>[39m
                    [0mOpslaan[0m
                  [36m</button>[39m
                [36m</div>[39m
              [36m</div>[39m
            [36m</div>[39m
          [36m</div>[39m
          [36m<div[39m
            [33mclass[39m=[32m"settings-section"[39m
          [36m>[39m
            [36m<h2[39m
              [33mclass[39m=[32m"settings-section__heading"[39m
            [36m>[39m
              [0mVergadertaal[0m
            [36m</h2>[39m
            [36m<select[39m
              [33mclass[39m=[32m"settings-language-select"[39m
              [33mdata-testid[39m=[32m"language-select"[39m
            [36m>[39m
              [36m<option[39m
                [33mvalue[39m=[32m"nl"[39m
              [36m>[39m
                [0mNederlands[0m
              [36m</option>[39m
              [36m<option[39m
                [33mvalue[39m=[32m"en"[39m
              [36m>[39m
                [0mEnglish[0m
              [36m</option>[39m
            [36m</select>[39m
          [36m</div>[39m
        [36m</section>[39m
      [36m</main>[39m
    [36m</div>[39m
  [36m</body>[39m
[36m</html>[39m
[90m [2mÔØ»[22m waitForWrapper 
node_modules/@testing-library/dom/dist/wait-for.js:[2m163:27[22m[39m
[36m [2mÔØ»[22m 
src/renderer/src/__tests__/SettingsScreen.test.tsx:[2m332:11[22m[39m
    [90m330| [39m  [34mit[39m([32m'shows the current primary language 
from settings'[39m[33m,[39m [35masync[39m () [33m=>[39m {
    [90m331| [39m    [34mrender[39m([33m<[39m[33mSettingsScreen[39m 
[33m/[39m[33m>[39m)
    [90m332| [39m    [35mawait[39m [34mwaitFor[39m(() [33m=>[39m {
    [90m   | [39m          [31m^[39m
    [90m333| [39m      [35mconst[39m nl [33m=[39m 
screen[33m.[39m[34mgetByTestId[39m([32m'language-mode-nl'[39m)
    [90m334| [39m      
[34mexpect[39m(nl[33m.[39mchecked)[33m.[39m[34mtoBe[39m([35mtrue[39m)

[31m[2mÔÄ»ÔÄ»ÔÄ»ÔÄ»ÔÄ»ÔÄ»ÔÄ»ÔÄ»ÔÄ»ÔÄ»ÔÄ»ÔÄ»ÔÄ»ÔÄ»ÔÄ»ÔÄ»ÔÄ»ÔÄ»ÔÄ»ÔÄ»ÔÄ»ÔÄ»ÔÄ»Ô
Ä»[6/7]ÔÄ»[22m[39m

[41m[1m FAIL [22m[49m 
src/renderer/src/__tests__/SettingsScreen.test.tsx[2m > [22mSettingsScreen 
ÔÇö language selector[2m > [22mcalls settings:set with updated language when 
changed
[31m[1mTestingLibraryElementError[22m[39m: Unable to find an element by: 
[data-testid="language-mode-en"]

Ignored nodes: comments, script, style
[36m<body>[39m
  [36m<div>[39m
    [36m<main[39m
      [33mclass[39m=[32m"screen screen--settings"[39m
      [33mdata-testid[39m=[32m"screen-settings"[39m
    [36m>[39m
      [36m<header[39m
        [33mclass[39m=[32m"screen__header"[39m
      [36m>[39m
        [36m<h1[39m
          [33mclass[39m=[32m"screen__title"[39m
        [36m>[39m
          [0mInstellingen[0m
        [36m</h1>[39m
        [36m<p[39m
          [33mclass[39m=[32m"screen__subtitle"[39m
        [36m>[39m
          [0mKies providers, voer API-sleutels in en stel de taal in.[0m
        [36m</p>[39m
      [36m</header>[39m
      [36m<section[39m
        [33mclass[39m=[32m"screen__body settings-body"[39m
      [36m>[39m
        [36m<div[39m
          [33mclass[39m=[32m"provider-role-card"[39m
        [36m>[39m
          [36m<h2[39m
            [33mclass[39m=[32m"provider-role-card__title"[39m
          [36m>[39m
            [0mSpraakherkenning (ASR)[0m
          [36m</h2>[39m
          [36m<select[39m
            [33mclass[39m=[32m"provider-role-card__select"[39m
            [33mdata-testid[39m=[32m"asr-provider-select"[39m
          [36m>[39m
            [36m<optgroup[39m
              [33mlabel[39m=[32m"Op dit apparaat"[39m
            [36m>[39m
              [36m<option[39m
                [33mvalue[39m=[32m"local-parakeet"[39m
              [36m>[39m
                [0mLokaal[0m
                [0m ÔÇö Whisper, on-device[0m
              [36m</option>[39m
            [36m</optgroup>[39m
            [36m<optgroup[39m
              [33mlabel[39m=[32m"Cloud"[39m
            [36m>[39m
              [36m<option[39m
                [33mvalue[39m=[32m"deepgram"[39m
              [36m>[39m
                [0mDeepgram[0m
                [0m ÔÇö Deepgram[0m
              [36m</option>[39m
            [36m</optgroup>[39m
          [36m</select>[39m
          [36m<div[39m
            [33mclass[39m=[32m"provider-role-card__disclosure"[39m
          [36m>[39m
            [36m<p[39m
              [33mclass[39m=[32m"settings-disclosure"[39m
              [33mdata-testid[39m=[32m"asr-disclosure"[39m
            [36m>[39m
              [36m<span[39m
                [33mclass[39m=[32m"settings-disclosure__label"[39m
              [36m>[39m
                [0mAudiogegevens:[0m
              [36m</span>[39m
              [0m [0m
              [0mAudio wordt via Deepgram getranscribeerd; de audiostream 
verlaat het apparaat naar Deepgram.[0m
            [36m</p>[39m
          [36m</div>[39m
          [36m<div[39m
            [33mclass[39m=[32m"provider-role-card__config"[39m
            [33mdata-testid[39m=[32m"asr-provider-select-config"[39m
          [36m>[39m
            [36m<div[39m
              [33mclass[39m=[32m"form-group"[39m
            [36m>[39m
              [36m<label[39m
                [33mclass[39m=[32m"form-label"[39m
                [33mfor[39m=[32m"deepgram-key-input"[39m
              [36m>[39m
                [0mDeepgram API-sleutel[0m
              [36m</label>[39m
              [36m<p[39m
                [33mclass[39m=[32m"settings-key-missing"[39m
                [33mdata-testid[39m=[32m"deepgram-key-missing"[39m
                [33mrole[39m=[32m"alert"[39m
              [36m>[39m
                [0mGeen sleutel ingesteld. Vul je Deepgram API-sleutel in.[0m
              [36m</p>[39m
              [36m<div[39m
                [33mclass[39m=[32m"form-row"[39m
              [36m>[39m
                [36m<input[39m
                  [33mautocomplete[39m=[32m"off"[39m
                  [33mclass[39m=[32m"form-input"[39m
                  [33mdata-testid[39m=[32m"deepgram-key-input"[39m
                  [33mid[39m=[32m"deepgram-key-input"[39m
                  [33mplaceholder[39m=[32m"dg-..."[39m
                  [33mtype[39m=[32m"password"[39m
                  [33mvalue[39m=[32m""[39m
                [36m/>[39m
                [36m<button[39m
                  [33mclass[39m=[32m"btn btn--secondary"[39m
                  [33mdata-testid[39m=[32m"save-deepgram-key"[39m
                  [33mdisabled[39m=[32m""[39m
                  [33mtype[39m=[32m"button"[39m
                [36m>[39m
                  [0mOpslaan[0m
                [36m</button>[39m
              [36m</div>[39m
            [36m</div>[39m
          [36m</div>[39m
        [36m</div>[39m
        [36m<div[39m
          [33mclass[39m=[32m"provider-role-card"[39m
        [36m>[39m
          [36m<h2[39m
            [33mclass[39m=[32m"provider-role-card__title"[39m
          [36m>[39m
            [0mExtractieprovider (LLM)[0m
          [36m</h2>[39m
          [36m<select[39m
            [33mclass[39m=[32m"provider-role-card__select"[39m
            [33mdata-testid[39m=[32m"extraction-provider-select"[39m
          [36m>[39m
            [36m<optgroup[39m
              [33mlabel[39m=[32m"Cloud"[39m
            [36m>[39m
              [36m<option[39m
                [33mvalue[39m=[32m"anthropic"[39m
              [36m>[39m
                [0mAnthropic[0m
                [0m ÔÇö Cloud[0m
              [36m</option>[39m
              [36m<option[39m
                [33mvalue[39m=[32m"openai-compatible"[39m
              [36m>[39m
                [0mAangepast[0m
                [0m ÔÇö OpenAI-compatibel[0m
              [36m</option>[39m
            [36m</optgroup>[39m
          [36m</select>[39m
          [36m<div[39m
            [33mclass[39m=[32m"provider-role-card__disclosure"[39m
          [36m>[39m
            [36m<p[39m
              [33mclass[39m=[32m"settings-disclosure"[39m
              [33mdata-testid[39m=[32m"extraction-disclosure"[39m
            [36m>[39m
              [36m<span[39m
                [33mclass[39m=[32m"settings-disclosure__label"[39m
              [36m>[39m
                [0mTekstgegevens:[0m
              [36m</span>[39m
              [0m [0m
              [0mTranscripttekst wordt naar Anthropic gestuurd voor extractie 
van beslissingen en actiepunten.[0m
            [36m</p>[39m
          [36m</div>[39m
          [36m<div[39m
            [33mclass[39m=[32m"provider-role-card__config"[39m
            [33mdata-testid[39m=[32m"extraction-provider-select-config"[39m
          [36m>[39m
            [36m<div[39m
              [33mclass[39m=[32m"form-group"[39m
            [36m>[39m
              [36m<label[39m
                [33mclass[39m=[32m"form-label"[39m
                [33mfor[39m=[32m"anthropic-key-input"[39m
              [36m>[39m
                [0mAnthropic API-sleutel[0m
              [36m</label>[39m
              [36m<p[39m
                [33mclass[39m=[32m"settings-key-missing"[39m
                [33mdata-testid[39m=[32m"anthropic-key-missing"[39m
                [33mrole[39m=[32m"alert"[39m
              [36m>[39m
                [0mGeen sleutel ingesteld. Vul je Anthropic API-sleutel 
in.[0m
              [36m</p>[39m
              [36m<div[39m
                [33mclass[39m=[32m"form-row"[39m
              [36m>[39m
                [36m<input[39m
                  [33mautocomplete[39m=[32m"off"[39m
                  [33mclass[39m=[32m"form-input"[39m
                  [33mdata-testid[39m=[32m"anthropic-key-input"[39m
                  [33mid[39m=[32m"anthropic-key-input"[39m
                  [33mplaceholder[39m=[32m"sk-ant-..."[39m
                  [33mtype[39m=[32m"password"[39m
                  [33mvalue[39m=[32m""[39m
                [36m/>[39m
                [36m<button[39m
                  [33mclass[39m=[32m"btn btn--secondary"[39m
                  [33mdata-testid[39m=[32m"save-anthropic-key"[39m
                  [33mdisabled[39m=[32m""[39m
                  [33mtype[39m=[32m"button"[39m
                [36m>[39m
                  [0mOpslaan[0m
                [36m</button>[39m
              [36m</div>[39m
            [36m</div>[39m
          [36m</div>[39m
        [36m</div>[39m
        [36m<div[39m
          [33mclass[39m=[32m"settings-section"[39m
        [36m>[39m
          [36m<h2[39m
            [33mclass[39m=[32m"settings-section__heading"[39m
          [36m>[39m
            [0mVergadertaal[0m
          [36m</h2>[39m
          [36m<select[39m
            [33mclass[39m=[32m"settings-language-select"[39m
            [33mdata-testid[39m=[32m"language-select"[39m
          [36m>[39m
            [36m<option[39m
              [33mvalue[39m=[32m"nl"[39m
            [36m>[39m
              [0mNederlands[0m
            [36m</option>[39m
            [36m<option[39m
              [33mvalue[39m=[32m"en"[39m
            [36m>[39m
              [0mEnglish[0m
            [36m</option>[39m
          [36m</select>[39m
        [36m</div>[39m
      [36m</section>[39m
    [36m</main>[39m
  [36m</div>[39m
[36m</body>[39m

Ignored nodes: comments, script, style
[36m<html>[39m
  [36m<head />[39m
  [36m<body>[39m
    [36m<div>[39m
      [36m<main[39m
        [33mclass[39m=[32m"screen screen--settings"[39m
        [33mdata-testid[39m=[32m"screen-settings"[39m
      [36m>[39m
        [36m<header[39m
          [33mclass[39m=[32m"screen__header"[39m
        [36m>[39m
          [36m<h1[39m
            [33mclass[39m=[32m"screen__title"[39m
          [36m>[39m
            [0mInstellingen[0m
          [36m</h1>[39m
          [36m<p[39m
            [33mclass[39m=[32m"screen__subtitle"[39m
          [36m>[39m
            [0mKies providers, voer API-sleutels in en stel de taal in.[0m
          [36m</p>[39m
        [36m</header>[39m
        [36m<section[39m
          [33mclass[39m=[32m"screen__body settings-body"[39m
        [36m>[39m
          [36m<div[39m
            [33mclass[39m=[32m"provider-role-card"[39m
          [36m>[39m
            [36m<h2[39m
              [33mclass[39m=[32m"provider-role-card__title"[39m
            [36m>[39m
              [0mSpraakherkenning (ASR)[0m
            [36m</h2>[39m
            [36m<select[39m
              [33mclass[39m=[32m"provider-role-card__select"[39m
              [33mdata-testid[39m=[32m"asr-provider-select"[39m
            [36m>[39m
              [36m<optgroup[39m
                [33mlabel[39m=[32m"Op dit apparaat"[39m
              [36m>[39m
                [36m<option[39m
                  [33mvalue[39m=[32m"local-parakeet"[39m
                [36m>[39m
                  [0mLokaal[0m
                  [0m ÔÇö Whisper, on-device[0m
                [36m</option>[39m
              [36m</optgroup>[39m
              [36m<optgroup[39m
                [33mlabel[39m=[32m"Cloud"[39m
              [36m>[39m
                [36m<option[39m
                  [33mvalue[39m=[32m"deepgram"[39m
                [36m>[39m
                  [0mDeepgram[0m
                  [0m ÔÇö Deepgram[0m
                [36m</option>[39m
              [36m</optgroup>[39m
            [36m</select>[39m
            [36m<div[39m
              [33mclass[39m=[32m"provider-role-card__disclosure"[39m
            [36m>[39m
              [36m<p[39m
                [33mclass[39m=[32m"settings-disclosure"[39m
                [33mdata-testid[39m=[32m"asr-disclosure"[39m
              [36m>[39m
                [36m<span[39m
                  [33mclass[39m=[32m"settings-disclosure__label"[39m
                [36m>[39m
                  [0mAudiogegevens:[0m
                [36m</span>[39m
                [0m [0m
                [0mAudio wordt via Deepgram getranscribeerd; de audiostream 
verlaat het apparaat naar Deepgram.[0m
              [36m</p>[39m
            [36m</div>[39m
            [36m<div[39m
              [33mclass[39m=[32m"provider-role-card__config"[39m
              [33mdata-testid[39m=[32m"asr-provider-select-config"[39m
            [36m>[39m
              [36m<div[39m
                [33mclass[39m=[32m"form-group"[39m
              [36m>[39m
                [36m<label[39m
                  [33mclass[39m=[32m"form-label"[39m
                  [33mfor[39m=[32m"deepgram-key-input"[39m
                [36m>[39m
                  [0mDeepgram API-sleutel[0m
                [36m</label>[39m
                [36m<p[39m
                  [33mclass[39m=[32m"settings-key-missing"[39m
                  [33mdata-testid[39m=[32m"deepgram-key-missing"[39m
                  [33mrole[39m=[32m"alert"[39m
                [36m>[39m
                  [0mGeen sleutel ingesteld. Vul je Deepgram API-sleutel 
in.[0m
                [36m</p>[39m
                [36m<div[39m
                  [33mclass[39m=[32m"form-row"[39m
                [36m>[39m
                  [36m<input[39m
                    [33mautocomplete[39m=[32m"off"[39m
                    [33mclass[39m=[32m"form-input"[39m
                    [33mdata-testid[39m=[32m"deepgram-key-input"[39m
                    [33mid[39m=[32m"deepgram-key-input"[39m

                    [33mplaceholder[39m=[32m"dg-..."[39m
[2m Test Files [22m [1m[31m1 failed[39m[22m[90m (1)[39m
                    [33mtype[39m=[32m"password"[39m
[2m      Tests [22m [1m[31m7 failed[39m[22m[2m | [22m[1m[32m19 passed[39m[22m[90m (26)[39m
                    [33mvalue[39m=[32m""[39m
[2m   Start at [22m 11:52:34
                  [36m/>[39m
[2m   Duration [22m 11.16s[2m (transform 145ms, setup 275ms, collect 328ms, tests 7.46s, environment 1.32s, prepare 184ms)[22m
                  [36m<button[39m

                    [33mclass[39m=[32m"btn btn--secondary"[39m
                    [33mdata-testid[39m=[32m"save-deepgram-key"[39m
                    [33mdisabled[39m=[32m""[39m
                    [33mtype[39m=[32m"button"[39m
                  [36m>[39m
                    [0mOpslaan[0m
                  [36m</button>[39m
                [36m</div>[39m
              [36m</div>[39m
            [36m</div>[39m
          [36m</div>[39m
          [36m<div[39m
            [33mclass[39m=[32m"provider-role-card"[39m
          [36m>[39m
            [36m<h2[39m
              [33mclass[39m=[32m"provider-role-card__title"[39m
            [36m>[39m
              [0mExtractieprovider (LLM)[0m
            [36m</h2>[39m
            [36m<select[39m
              [33mclass[39m=[32m"provider-role-card__select"[39m
              [33mdata-testid[39m=[32m"extraction-provider-select"[39m
            [36m>[39m
              [36m<optgroup[39m
                [33mlabel[39m=[32m"Cloud"[39m
              [36m>[39m
                [36m<option[39m
                  [33mvalue[39m=[32m"anthropic"[39m
                [36m>[39m
                  [0mAnthropic[0m
                  [0m ÔÇö Cloud[0m
                [36m</option>[39m
                [36m<option[39m
                  [33mvalue[39m=[32m"openai-compatible"[39m
                [36m>[39m
                  [0mAangepast[0m
                  [0m ÔÇö OpenAI-compatibel[0m
                [36m</option>[39m
              [36m</optgroup>[39m
            [36m</select>[39m
            [36m<div[39m
              [33mclass[39m=[32m"provider-role-card__disclosure"[39m
            [36m>[39m
              [36m<p[39m
                [33mclass[39m=[32m"settings-disclosure"[39m
                [33mdata-testid[39m=[32m"extraction-disclosure"[39m
              [36m>[39m
                [36m<span[39m
                  [33mclass[39m=[32m"settings-disclosure__label"[39m
                [36m>[39m
                  [0mTekstgegevens:[0m
                [36m</span>[39m
                [0m [0m
                [0mTranscripttekst wordt naar Anthropic gestuurd voor 
extractie van beslissingen en actiepunten.[0m
              [36m</p>[39m
            [36m</div>[39m
            [36m<div[39m
              [33mclass[39m=[32m"provider-role-card__config"[39m
              
[33mdata-testid[39m=[32m"extraction-provider-select-config"[39m
            [36m>[39m
              [36m<div[39m
                [33mclass[39m=[32m"form-group"[39m
              [36m>[39m
                [36m<label[39m
                  [33mclass[39m=[32m"form-label"[39m
                  [33mfor[39m=[32m"anthropic-key-input"[39m
                [36m>[39m
                  [0mAnthropic API-sleutel[0m
                [36m</label>[39m
                [36m<p[39m
                  [33mclass[39m=[32m"settings-key-missing"[39m
                  [33mdata-testid[39m=[32m"anthropic-key-missing"[39m
                  [33mrole[39m=[32m"alert"[39m
                [36m>[39m
                  [0mGeen sleutel ingesteld. Vul je Anthropic API-sleutel 
in.[0m
                [36m</p>[39m
                [36m<div[39m
                  [33mclass[39m=[32m"form-row"[39m
                [36m>[39m
                  [36m<input[39m
                    [33mautocomplete[39m=[32m"off"[39m
                    [33mclass[39m=[32m"form-input"[39m
                    [33mdata-testid[39m=[32m"anthropic-key-input"[39m
                    [33mid[39m=[32m"anthropic-key-input"[39m
                    [33mplaceholder[39m=[32m"sk-ant-..."[39m
                    [33mtype[39m=[32m"password"[39m
                    [33mvalue[39m=[32m""[39m
                  [36m/>[39m
                  [36m<button[39m
                    [33mclass[39m=[32m"btn btn--secondary"[39m
                    [33mdata-testid[39m=[32m"save-anthropic-key"[39m
                    [33mdisabled[39m=[32m""[39m
                    [33mtype[39m=[32m"button"[39m
                  [36m>[39m
                    [0mOpslaan[0m
                  [36m</button>[39m
                [36m</div>[39m
              [36m</div>[39m
            [36m</div>[39m
          [36m</div>[39m
          [36m<div[39m
            [33mclass[39m=[32m"settings-section"[39m
          [36m>[39m
            [36m<h2[39m
              [33mclass[39m=[32m"settings-section__heading"[39m
            [36m>[39m
              [0mVergadertaal[0m
            [36m</h2>[39m
            [36m<select[39m
              [33mclass[39m=[32m"settings-language-select"[39m
              [33mdata-testid[39m=[32m"language-select"[39m
            [36m>[39m
              [36m<option[39m
                [33mvalue[39m=[32m"nl"[39m
              [36m>[39m
                [0mNederlands[0m
              [36m</option>[39m
              [36m<option[39m
                [33mvalue[39m=[32m"en"[39m
              [36m>[39m
                [0mEnglish[0m
              [36m</option>[39m
            [36m</select>[39m
          [36m</div>[39m
        [36m</section>[39m
      [36m</main>[39m
    [36m</div>[39m
  [36m</body>[39m
[36m</html>[39m
[90m [2mÔØ»[22m waitForWrapper 
node_modules/@testing-library/dom/dist/wait-for.js:[2m163:27[22m[39m
[36m [2mÔØ»[22m 
src/renderer/src/__tests__/SettingsScreen.test.tsx:[2m340:11[22m[39m
    [90m338| [39m  it('calls settings:set with updated language when 
changed', async ()ÔÇª
    [90m339| [39m    [34mrender[39m([33m<[39m[33mSettingsScreen[39m 
[33m/[39m[33m>[39m)
    [90m340| [39m    [35mawait[39m [34mwaitFor[39m(() [33m=>[39m 
screen[33m.[39m[34mgetByTestId[39m([32m'language-mode-en'[39m))
    [90m   | [39m          [31m^[39m
    [90m341| [39m
    [90m342| [39m    [34mact[39m(() [33m=>[39m {

[31m[2mÔÄ»ÔÄ»ÔÄ»ÔÄ»ÔÄ»ÔÄ»ÔÄ»ÔÄ»ÔÄ»ÔÄ»ÔÄ»ÔÄ»ÔÄ»ÔÄ»ÔÄ»ÔÄ»ÔÄ»ÔÄ»ÔÄ»ÔÄ»ÔÄ»ÔÄ»ÔÄ»Ô
Ä»[7/7]ÔÄ»[22m[39m

